../Core/Src/no_os_list.c:97:16:no_os_default_comparator	16	static
../Core/Src/no_os_list.c:109:39:create_element	32	static
../Core/Src/no_os_list.c:131:20:no_os_update_links	24	static
../Core/Src/no_os_list.c:151:20:no_os_update_desc	24	static
../Core/Src/no_os_list.c:171:20:no_os_set_adapter	16	static
../Core/Src/no_os_list.c:211:9:no_os_list_init	32	static
../Core/Src/no_os_list.c:251:9:no_os_list_remove	24	static
../Core/Src/no_os_list.c:280:9:no_os_list_get_size	24	static
../Core/Src/no_os_list.c:295:9:no_os_list_add_first	32	static
../Core/Src/no_os_list.c:323:9:no_os_list_add_last	32	static
../Core/Src/no_os_list.c:350:9:no_os_list_add_idx	32	static
../Core/Src/no_os_list.c:373:9:no_os_list_add_find	24	static
../Core/Src/no_os_list.c:401:9:no_os_list_edit_first	24	static
../Core/Src/no_os_list.c:415:9:no_os_list_edit_last	24	static
../Core/Src/no_os_list.c:429:9:no_os_list_edit_idx	32	static
../Core/Src/no_os_list.c:446:9:no_os_list_edit_find	32	static
../Core/Src/no_os_list.c:463:9:no_os_list_read_first	24	static
../Core/Src/no_os_list.c:481:9:no_os_list_read_last	24	static
../Core/Src/no_os_list.c:499:9:no_os_list_read_idx	32	static
../Core/Src/no_os_list.c:523:9:no_os_list_read_find	32	static
../Core/Src/no_os_list.c:545:9:no_os_list_get_first	32	static
../Core/Src/no_os_list.c:575:9:no_os_list_get_last	32	static
../Core/Src/no_os_list.c:605:9:no_os_list_get_idx	32	static
../Core/Src/no_os_list.c:626:9:no_os_list_get_find	32	static
../Core/Src/no_os_list.c:653:9:no_os_iterator_init	32	static
../Core/Src/no_os_list.c:680:9:no_os_iterator_remove	24	static
../Core/Src/no_os_list.c:705:9:no_os_iterator_move	32	static
../Core/Src/no_os_list.c:737:9:no_os_iterator_move_to_idx	24	static
../Core/Src/no_os_list.c:767:9:no_os_iterator_find	24	static
../Core/Src/no_os_list.c:790:9:no_os_iterator_edit	24	static
../Core/Src/no_os_list.c:808:9:no_os_iterator_get	24	static
../Core/Src/no_os_list.c:838:9:no_os_iterator_read	24	static
../Core/Src/no_os_list.c:857:9:no_os_iterator_insert	56	static
