../Core/Inc/no_os_util.h:128:12:no_os_test_bit	16	static
../Core/Src/no_os_util.c:56:10:no_os_find_first_set_bit	24	static
../Core/Src/no_os_util.c:73:10:no_os_find_last_set_bit	24	static
../Core/Src/no_os_util.c:91:10:no_os_find_closest	40	static
../Core/Src/no_os_util.c:112:10:no_os_field_prep	16	static
../Core/Src/no_os_util.c:120:10:no_os_field_get	24	static
../Core/Src/no_os_util.c:128:9:no_os_log_base_2	16	static
../Core/Src/no_os_util.c:136:10:no_os_greatest_common_divisor	24	static
../Core/Src/no_os_util.c:154:10:no_os_lowest_common_multiple	16	static
../Core/Src/no_os_util.c:165:6:no_os_rational_best_approximation	32	static
../Core/Src/no_os_util.c:189:14:no_os_hweight8	24	static
../Core/Src/no_os_util.c:205:14:no_os_hweight16	24	static
../Core/Src/no_os_util.c:214:14:no_os_hweight32	24	static
../Core/Src/no_os_util.c:223:10:no_os_do_div	32	static
../Core/Src/no_os_util.c:237:10:no_os_div64_u64_rem	24	static
../Core/Src/no_os_util.c:248:10:no_os_div_u64_rem	32	static
../Core/Src/no_os_util.c:259:9:no_os_div_s64_rem	40	static
../Core/Src/no_os_util.c:268:10:no_os_div_u64	32	static
../Core/Src/no_os_util.c:278:9:no_os_div_s64	32	static
../Core/Src/no_os_util.c:289:9:no_os_str_to_int32	24	static
../Core/Src/no_os_util.c:305:10:no_os_str_to_uint32	24	static
../Core/Src/no_os_util.c:316:6:no_os_put_unaligned_be16	16	static
../Core/Src/no_os_util.c:322:10:no_os_get_unaligned_be16	16	static
../Core/Src/no_os_util.c:327:6:no_os_put_unaligned_le16	16	static
../Core/Src/no_os_util.c:333:10:no_os_get_unaligned_le16	16	static
../Core/Src/no_os_util.c:338:6:no_os_put_unaligned_be24	16	static
../Core/Src/no_os_util.c:345:10:no_os_get_unaligned_be24	16	static
../Core/Src/no_os_util.c:350:6:no_os_put_unaligned_le24	16	static
../Core/Src/no_os_util.c:357:10:no_os_get_unaligned_le24	16	static
../Core/Src/no_os_util.c:362:6:no_os_put_unaligned_be32	16	static
../Core/Src/no_os_util.c:370:10:no_os_get_unaligned_be32	16	static
../Core/Src/no_os_util.c:376:6:no_os_put_unaligned_le32	16	static
../Core/Src/no_os_util.c:384:10:no_os_get_unaligned_le32	16	static
../Core/Src/no_os_util.c:390:9:no_os_sign_extend16	24	static
../Core/Src/no_os_util.c:396:9:no_os_sign_extend32	24	static
../Core/Src/no_os_util.c:402:10:no_os_mul_u32_u32	32	static
../Core/Src/no_os_util.c:407:10:no_os_mul_u64_u32_shr	72	static
../Core/Src/no_os_util.c:426:6:no_os_is_big_endian	16	static
../Core/Src/no_os_util.c:445:6:no_os_memswap64	48	static
