Archive member included to satisfy reference by file (symbol)

D:/STM32CubeIDE_1.15.0/STM32CubeIDE/plugins/com.st.stm32cube.ide.mcu.externaltools.gnu-tools-for-stm32.12.3.rel1.win32_1.0.100.202403111256/tools/bin/../lib/gcc/arm-none-eabi/12.3.1/../../../../arm-none-eabi/lib/thumb/v7e-m+fp/hard\libc_nano.a(libc_a-calloc.o)
                              ./Core/Src/no_os_alloc.o (calloc)
D:/STM32CubeIDE_1.15.0/STM32CubeIDE/plugins/com.st.stm32cube.ide.mcu.externaltools.gnu-tools-for-stm32.12.3.rel1.win32_1.0.100.202403111256/tools/bin/../lib/gcc/arm-none-eabi/12.3.1/../../../../arm-none-eabi/lib/thumb/v7e-m+fp/hard\libc_nano.a(libc_a-callocr.o)
                              D:/STM32CubeIDE_1.15.0/STM32CubeIDE/plugins/com.st.stm32cube.ide.mcu.externaltools.gnu-tools-for-stm32.12.3.rel1.win32_1.0.100.202403111256/tools/bin/../lib/gcc/arm-none-eabi/12.3.1/../../../../arm-none-eabi/lib/thumb/v7e-m+fp/hard\libc_nano.a(libc_a-calloc.o) (_calloc_r)
D:/STM32CubeIDE_1.15.0/STM32CubeIDE/plugins/com.st.stm32cube.ide.mcu.externaltools.gnu-tools-for-stm32.12.3.rel1.win32_1.0.100.202403111256/tools/bin/../lib/gcc/arm-none-eabi/12.3.1/../../../../arm-none-eabi/lib/thumb/v7e-m+fp/hard\libc_nano.a(libc_a-exit.o)
                              D:/STM32CubeIDE_1.15.0/STM32CubeIDE/plugins/com.st.stm32cube.ide.mcu.externaltools.gnu-tools-for-stm32.12.3.rel1.win32_1.0.100.202403111256/tools/bin/../lib/gcc/arm-none-eabi/12.3.1/../../../../arm-none-eabi/lib/thumb/v7e-m+fp/hard/crt0.o (exit)
D:/STM32CubeIDE_1.15.0/STM32CubeIDE/plugins/com.st.stm32cube.ide.mcu.externaltools.gnu-tools-for-stm32.12.3.rel1.win32_1.0.100.202403111256/tools/bin/../lib/gcc/arm-none-eabi/12.3.1/../../../../arm-none-eabi/lib/thumb/v7e-m+fp/hard\libc_nano.a(libc_a-malloc.o)
                              ./Core/Src/no_os_alloc.o (malloc)
D:/STM32CubeIDE_1.15.0/STM32CubeIDE/plugins/com.st.stm32cube.ide.mcu.externaltools.gnu-tools-for-stm32.12.3.rel1.win32_1.0.100.202403111256/tools/bin/../lib/gcc/arm-none-eabi/12.3.1/../../../../arm-none-eabi/lib/thumb/v7e-m+fp/hard\libc_nano.a(libc_a-mallocr.o)
                              D:/STM32CubeIDE_1.15.0/STM32CubeIDE/plugins/com.st.stm32cube.ide.mcu.externaltools.gnu-tools-for-stm32.12.3.rel1.win32_1.0.100.202403111256/tools/bin/../lib/gcc/arm-none-eabi/12.3.1/../../../../arm-none-eabi/lib/thumb/v7e-m+fp/hard\libc_nano.a(libc_a-callocr.o) (_malloc_r)
D:/STM32CubeIDE_1.15.0/STM32CubeIDE/plugins/com.st.stm32cube.ide.mcu.externaltools.gnu-tools-for-stm32.12.3.rel1.win32_1.0.100.202403111256/tools/bin/../lib/gcc/arm-none-eabi/12.3.1/../../../../arm-none-eabi/lib/thumb/v7e-m+fp/hard\libc_nano.a(libc_a-mlock.o)
                              D:/STM32CubeIDE_1.15.0/STM32CubeIDE/plugins/com.st.stm32cube.ide.mcu.externaltools.gnu-tools-for-stm32.12.3.rel1.win32_1.0.100.202403111256/tools/bin/../lib/gcc/arm-none-eabi/12.3.1/../../../../arm-none-eabi/lib/thumb/v7e-m+fp/hard\libc_nano.a(libc_a-mallocr.o) (__malloc_lock)
D:/STM32CubeIDE_1.15.0/STM32CubeIDE/plugins/com.st.stm32cube.ide.mcu.externaltools.gnu-tools-for-stm32.12.3.rel1.win32_1.0.100.202403111256/tools/bin/../lib/gcc/arm-none-eabi/12.3.1/../../../../arm-none-eabi/lib/thumb/v7e-m+fp/hard\libc_nano.a(libc_a-strtol.o)
                              ./Core/Src/no_os_util.o (strtol)
D:/STM32CubeIDE_1.15.0/STM32CubeIDE/plugins/com.st.stm32cube.ide.mcu.externaltools.gnu-tools-for-stm32.12.3.rel1.win32_1.0.100.202403111256/tools/bin/../lib/gcc/arm-none-eabi/12.3.1/../../../../arm-none-eabi/lib/thumb/v7e-m+fp/hard\libc_nano.a(libc_a-strtoul.o)
                              ./Core/Src/no_os_util.o (strtoul)
D:/STM32CubeIDE_1.15.0/STM32CubeIDE/plugins/com.st.stm32cube.ide.mcu.externaltools.gnu-tools-for-stm32.12.3.rel1.win32_1.0.100.202403111256/tools/bin/../lib/gcc/arm-none-eabi/12.3.1/../../../../arm-none-eabi/lib/thumb/v7e-m+fp/hard\libc_nano.a(libc_a-ctype_.o)
                              D:/STM32CubeIDE_1.15.0/STM32CubeIDE/plugins/com.st.stm32cube.ide.mcu.externaltools.gnu-tools-for-stm32.12.3.rel1.win32_1.0.100.202403111256/tools/bin/../lib/gcc/arm-none-eabi/12.3.1/../../../../arm-none-eabi/lib/thumb/v7e-m+fp/hard\libc_nano.a(libc_a-strtol.o) (_ctype_)
D:/STM32CubeIDE_1.15.0/STM32CubeIDE/plugins/com.st.stm32cube.ide.mcu.externaltools.gnu-tools-for-stm32.12.3.rel1.win32_1.0.100.202403111256/tools/bin/../lib/gcc/arm-none-eabi/12.3.1/../../../../arm-none-eabi/lib/thumb/v7e-m+fp/hard\libc_nano.a(libc_a-findfp.o)
                              D:/STM32CubeIDE_1.15.0/STM32CubeIDE/plugins/com.st.stm32cube.ide.mcu.externaltools.gnu-tools-for-stm32.12.3.rel1.win32_1.0.100.202403111256/tools/bin/../lib/gcc/arm-none-eabi/12.3.1/../../../../arm-none-eabi/lib/thumb/v7e-m+fp/hard\libc_nano.a(libc_a-exit.o) (__stdio_exit_handler)
D:/STM32CubeIDE_1.15.0/STM32CubeIDE/plugins/com.st.stm32cube.ide.mcu.externaltools.gnu-tools-for-stm32.12.3.rel1.win32_1.0.100.202403111256/tools/bin/../lib/gcc/arm-none-eabi/12.3.1/../../../../arm-none-eabi/lib/thumb/v7e-m+fp/hard\libc_nano.a(libc_a-fwalk.o)
[...]
Memory Configuration

Name             Origin             Length             Attributes
RAM              0x20000000         0x00018000         xrw
FLASH            0x08000000         0x00080000         xr
*default*        0x00000000         0xffffffff

Linker script and memory map

LOAD D:/STM32CubeIDE_1.15.0/STM32CubeIDE/plugins/com.st.stm32cube.ide.mcu.externaltools.gnu-tools-for-stm32.12.3.rel1.win32_1.0.100.202403111256/tools/bin/../lib/gcc/arm-none-eabi/12.3.1/thumb/v7e-m+fp/hard/crti.o
LOAD D:/STM32CubeIDE_1.15.0/STM32CubeIDE/plugins/com.st.stm32cube.ide.mcu.externaltools.gnu-tools-for-stm32.12.3.rel1.win32_1.0.100.202403111256/tools/bin/../lib/gcc/arm-none-eabi/12.3.1/thumb/v7e-m+fp/hard/crtbegin.o
LOAD D:/STM32CubeIDE_1.15.0/STM32CubeIDE/plugins/com.st.stm32cube.ide.mcu.externaltools.gnu-tools-for-stm32.12.3.rel1.win32_1.0.100.202403111256/tools/bin/../lib/gcc/arm-none-eabi/12.3.1/../../../../arm-none-eabi/lib/thumb/v7e-m+fp/hard/crt0.o
LOAD ./Core/Src/ad7606.o
LOAD ./Core/Src/main.o
LOAD ./Core/Src/no_os_alloc.o
LOAD ./Core/Src/no_os_crc16.o
LOAD ./Core/Src/no_os_crc24.o
LOAD ./Core/Src/no_os_crc8.o
LOAD ./Core/Src/no_os_gpio.o
LOAD ./Core/Src/no_os_mutex.o
LOAD ./Core/Src/no_os_spi.o
LOAD ./Core/Src/no_os_timer.o
LOAD ./Core/Src/no_os_util.o
LOAD ./Core/Src/stm32_delay.o
LOAD ./Core/Src/stm32_gpio.o
LOAD ./Core/Src/stm32f4xx_hal_msp.o
LOAD ./Core/Src/stm32f4xx_it.o
LOAD ./Core/Src/syscalls.o
LOAD ./Core/Src/sysmem.o
LOAD ./Core/Src/system_stm32f4xx.o
LOAD ./Core/Startup/startup_stm32f401retx.o
LOAD ./Drivers/STM32F4xx_HAL_Driver/Src/stm32f4xx_hal.o
LOAD ./Drivers/STM32F4xx_HAL_Driver/Src/stm32f4xx_hal_cortex.o
LOAD ./Drivers/STM32F4xx_HAL_Driver/Src/stm32f4xx_hal_dma.o
LOAD ./Drivers/STM32F4xx_HAL_Driver/Src/stm32f4xx_hal_dma_ex.o
LOAD ./Drivers/STM32F4xx_HAL_Driver/Src/stm32f4xx_hal_exti.o
LOAD ./Drivers/STM32F4xx_HAL_Driver/Src/stm32f4xx_hal_flash.o
LOAD ./Drivers/STM32F4xx_HAL_Driver/Src/stm32f4xx_hal_flash_ex.o
LOAD ./Drivers/STM32F4xx_HAL_Driver/Src/stm32f4xx_hal_flash_ramfunc.o
LOAD ./Drivers/STM32F4xx_HAL_Driver/Src/stm32f4xx_hal_gpio.o
LOAD ./Drivers/STM32F4xx_HAL_Driver/Src/stm32f4xx_hal_pwr.o
LOAD ./Drivers/STM32F4xx_HAL_Driver/Src/stm32f4xx_hal_pwr_ex.o
LOAD ./Drivers/STM32F4xx_HAL_Driver/Src/stm32f4xx_hal_rcc.o
LOAD ./Drivers/STM32F4xx_HAL_Driver/Src/stm32f4xx_hal_rcc_ex.o
LOAD ./Drivers/STM32F4xx_HAL_Driver/Src/stm32f4xx_hal_spi.o
LOAD ./Drivers/STM32F4xx_HAL_Driver/Src/stm32f4xx_hal_tim.o
LOAD ./Drivers/STM32F4xx_HAL_Driver/Src/stm32f4xx_hal_tim_ex.o
LOAD ./Drivers/STM32F4xx_HAL_Driver/Src/stm32f4xx_hal_uart.o
START GROUP
LOAD D:/STM32CubeIDE_1.15.0/STM32CubeIDE/plugins/com.st.stm32cube.ide.mcu.externaltools.gnu-tools-for-stm32.12.3.rel1.win32_1.0.100.202403111256/tools/bin/../lib/gcc/arm-none-eabi/12.3.1/../../../../arm-none-eabi/lib/thumb/v7e-m+fp/hard\libc_nano.a
LOAD D:/STM32CubeIDE_1.15.0/STM32CubeIDE/plugins/com.st.stm32cube.ide.mcu.externaltools.gnu-tools-for-stm32.12.3.rel1.win32_1.0.100.202403111256/tools/bin/../lib/gcc/arm-none-eabi/12.3.1/../../../../arm-none-eabi/lib/thumb/v7e-m+fp/hard\libm.a
END GROUP
START GROUP
LOAD D:/STM32CubeIDE_1.15.0/STM32CubeIDE/plugins/com.st.stm32cube.ide.mcu.externaltools.gnu-tools-for-stm32.12.3.rel1.win32_1.0.100.202403111256/tools/bin/../lib/gcc/arm-none-eabi/12.3.1/thumb/v7e-m+fp/hard\libgcc.a
LOAD D:/STM32CubeIDE_1.15.0/STM32CubeIDE/plugins/com.st.stm32cube.ide.mcu.externaltools.gnu-tools-for-stm32.12.3.rel1.win32_1.0.100.202403111256/tools/bin/../lib/gcc/arm-none-eabi/12.3.1/../../../../arm-none-eabi/lib/thumb/v7e-m+fp/hard\libc_nano.a
END GROUP
START GROUP
LOAD D:/STM32CubeIDE_1.15.0/STM32CubeIDE/plugins/com.st.stm32cube.ide.mcu.externaltools.gnu-tools-for-stm32.12.3.rel1.win32_1.0.100.202403111256/tools/bin/../lib/gcc/arm-none-eabi/12.3.1/thumb/v7e-m+fp/hard\libgcc.a
LOAD D:/STM32CubeIDE_1.15.0/STM32CubeIDE/plugins/com.st.stm32cube.ide.mcu.externaltools.gnu-tools-for-stm32.12.3.rel1.win32_1.0.100.202403111256/tools/bin/../lib/gcc/arm-none-eabi/12.3.1/../../../../arm-none-eabi/lib/thumb/v7e-m+fp/hard\libc_nano.a
LOAD D:/STM32CubeIDE_1.15.0/STM32CubeIDE/plugins/com.st.stm32cube.ide.mcu.externaltools.gnu-tools-for-stm32.12.3.rel1.win32_1.0.100.202403111256/tools/bin/../lib/gcc/arm-none-eabi/12.3.1/../../../../arm-none-eabi/lib/thumb/v7e-m+fp/hard\libnosys.a
END GROUP
START GROUP
LOAD D:/STM32CubeIDE_1.15.0/STM32CubeIDE/plugins/com.st.stm32cube.ide.mcu.externaltools.gnu-tools-for-stm32.12.3.rel1.win32_1.0.100.202403111256/tools/bin/../lib/gcc/arm-none-eabi/12.3.1/thumb/v7e-m+fp/hard\libgcc.a
LOAD D:/STM32CubeIDE_1.15.0/STM32CubeIDE/plugins/com.st.stm32cube.ide.mcu.externaltools.gnu-tools-for-stm32.12.3.rel1.win32_1.0.100.202403111256/tools/bin/../lib/gcc/arm-none-eabi/12.3.1/../../../../arm-none-eabi/lib/thumb/v7e-m+fp/hard\libc_nano.a
LOAD D:/STM32CubeIDE_1.15.0/STM32CubeIDE/plugins/com.st.stm32cube.ide.mcu.externaltools.gnu-tools-for-stm32.12.3.rel1.win32_1.0.100.202403111256/tools/bin/../lib/gcc/arm-none-eabi/12.3.1/../../../../arm-none-eabi/lib/thumb/v7e-m+fp/hard\libnosys.a
END GROUP
LOAD D:/STM32CubeIDE_1.15.0/STM32CubeIDE/plugins/com.st.stm32cube.ide.mcu.externaltools.gnu-tools-for-stm32.12.3.rel1.win32_1.0.100.202403111256/tools/bin/../lib/gcc/arm-none-eabi/12.3.1/thumb/v7e-m+fp/hard/crtend.o
LOAD D:/STM32CubeIDE_1.15.0/STM32CubeIDE/plugins/com.st.stm32cube.ide.mcu.externaltools.gnu-tools-for-stm32.12.3.rel1.win32_1.0.100.202403111256/tools/bin/../lib/gcc/arm-none-eabi/12.3.1/thumb/v7e-m+fp/hard/crtn.o
                0x20018000                        _estack = (ORIGIN (RAM) + LENGTH (RAM))
                0x00000200                        _Min_Heap_Size = 0x200
                0x00000400                        _Min_Stack_Size = 0x400

.isr_vector     0x08000000      0x194
                0x08000000                        . = ALIGN (0x4)
 *(.isr_vector)
 .isr_vector    0x08000000      0x194 ./Core/Startup/startup_stm32f401retx.o
                0x08000000                g_pfnVectors
                0x08000194                        . = ALIGN (0x4)

.text           0x080001a0     0x5b38
                0x080001a0                        . = ALIGN (0x4)
 *(.text)
 .text          0x080001a0       0x40 D:/STM32CubeIDE_1.15.0/STM32CubeIDE/plugins/com.st.stm32cube.ide.mcu.externaltools.gnu-tools-for-stm32.12.3.rel1.win32_1.0.100.202403111256/tools/bin/../lib/gcc/arm-none-eabi/12.3.1/thumb/v7e-m+fp/hard/crtbegin.o
 .text          0x080001e0       0xa0 D:/STM32CubeIDE_1.15.0/STM32CubeIDE/plugins/com.st.stm32cube.ide.mcu.externaltools.gnu-tools-for-stm32.12.3.rel1.win32_1.0.100.202403111256/tools/bin/../lib/gcc/arm-none-eabi/12.3.1/../../../../arm-none-eabi/lib/thumb/v7e-m+fp/hard\libc_nano.a(libc_a-memchr.o)
                0x080001e0                memchr
 .text          0x08000280       0x30 D:/STM32CubeIDE_1.15.0/STM32CubeIDE/plugins/com.st.stm32cube.ide.mcu.externaltools.gnu-tools-for-stm32.12.3.rel1.win32_1.0.100.202403111256/tools/bin/../lib/gcc/arm-none-eabi/12.3.1/thumb/v7e-m+fp/hard\libgcc.a(_aeabi_uldivmod.o)
                0x08000280                __aeabi_uldivmod
 .text          0x080002b0      0x2bc D:/STM32CubeIDE_1.15.0/STM32CubeIDE/plugins/com.st.stm32cube.ide.mcu.externaltools.gnu-tools-for-stm32.12.3.rel1.win32_1.0.100.202403111256/tools/bin/../lib/gcc/arm-none-eabi/12.3.1/thumb/v7e-m+fp/hard\libgcc.a(_udivmoddi4.o)
                0x080002b0                __udivmoddi4
 .text          0x0800056c        0x4 D:/STM32CubeIDE_1.15.0/STM32CubeIDE/plugins/com.st.stm32cube.ide.mcu.externaltools.gnu-tools-for-stm32.12.3.rel1.win32_1.0.100.202403111256/tools/bin/../lib/gcc/arm-none-eabi/12.3.1/thumb/v7e-m+fp/hard\libgcc.a(_dvmd_tls.o)
                0x0800056c                __aeabi_idiv0
                0x0800056c                __aeabi_ldiv0
 *(.text*)
 .text.ad7606_spi_reg_read
                0x08000570      0x138 ./Core/Src/ad7606.o
                0x08000570                ad7606_spi_reg_read
 .text.ad7606_spi_reg_write
                0x080006a8       0xb8 ./Core/Src/ad7606.o
                0x080006a8                ad7606_spi_reg_write
 .text.ad7606_spi_write_mask
                0x08000760       0x5e ./Core/Src/ad7606.o
                0x08000760                ad7606_spi_write_mask
 *fill*         0x080007be        0x2 
 .text.ad7606_reset_settings
                0x080007c0      0x190 ./Core/Src/ad7606.o
 .text.ad7606_reset
                0x08000950       0x4e ./Core/Src/ad7606.o
                0x08000950                ad7606_reset
 *fill*         0x0800099e        0x2 
 .text.ad7606_request_gpios
                0x080009a0      0x268 ./Core/Src/ad7606.o
 .text.ad7606_set_oversampling
                0x08000c08      0x124 ./Core/Src/ad7606.o
                0x08000c08                ad7606_set_oversampling
 .text.ad7606_find_range
                0x08000d2c      0x110 ./Core/Src/ad7606.o
 .text.ad7606_set_ch_range
                0x08000e3c      0x100 ./Core/Src/ad7606.o
                0x08000e3c                ad7606_set_ch_range
 .text.ad7606_set_ch_offset
                0x08000f3c       0x70 ./Core/Src/ad7606.o
                0x08000f3c                ad7606_set_ch_offset
 .text.ad7606_set_ch_phase
                0x08000fac       0x6a ./Core/Src/ad7606.o
                0x08000fac                ad7606_set_ch_phase
 .text.ad7606_set_ch_gain
                0x08001016       0x8c ./Core/Src/ad7606.o
                0x08001016                ad7606_set_ch_gain
 .text.ad7606_set_config
                0x080010a2      0x146 ./Core/Src/ad7606.o
                0x080010a2                ad7606_set_config
 .text.ad7606_set_digital_diag
                0x080011e8      0x11e ./Core/Src/ad7606.o
                0x080011e8                ad7606_set_digital_diag
 *fill*         0x08001306        0x2 
 .text.ad7606_init
                0x08001308      0x3bc ./Core/Src/ad7606.o
                0x08001308                ad7606_init
 .text.ad7606_remove
                0x080016c4       0x7e ./Core/Src/ad7606.o
                0x080016c4                ad7606_remove
 *fill*         0x08001742        0x2 
 .text.main     0x08001744      0x5b4 ./Core/Src/main.o
                0x08001744                main
 .text.SystemClock_Config
                0x08001cf8       0xd4 ./Core/Src/main.o
                0x08001cf8                SystemClock_Config
 .text.MX_SPI3_Init
                0x08001dcc       0x70 ./Core/Src/main.o
 .text.MX_TIM10_Init
                0x08001e3c       0x48 ./Core/Src/main.o
 .text.MX_USART2_UART_Init
                0x08001e84       0x54 ./Core/Src/main.o
 .text.MX_GPIO_Init
                0x08001ed8      0x18c ./Core/Src/main.o
 .text.Error_Handler
                0x08002064        0xc ./Core/Src/main.o
                0x08002064                Error_Handler
 .text.no_os_malloc
                0x08002070       0x18 ./Core/Src/no_os_alloc.o
                0x08002070                no_os_malloc
 .text.no_os_calloc
                0x08002088       0x1c ./Core/Src/no_os_alloc.o
                0x08002088                no_os_calloc
 .text.no_os_free
                0x080020a4       0x16 ./Core/Src/no_os_alloc.o
                0x080020a4                no_os_free
 .text.no_os_crc16_populate_msb
                0x080020ba       0x7e ./Core/Src/no_os_crc16.o
                0x080020ba                no_os_crc16_populate_msb
 .text.no_os_crc8_populate_msb
                0x08002138       0x7a ./Core/Src/no_os_crc8.o
                0x08002138                no_os_crc8_populate_msb
 .text.no_os_crc8
                0x080021b2       0x44 ./Core/Src/no_os_crc8.o
                0x080021b2                no_os_crc8
 .text.no_os_gpio_get_optional
                0x080021f6       0x6e ./Core/Src/no_os_gpio.o
                0x080021f6                no_os_gpio_get_optional
 .text.no_os_gpio_remove
                0x08002264       0x44 ./Core/Src/no_os_gpio.o
                0x08002264                no_os_gpio_remove
 .text.no_os_gpio_direction_input
                0x080022a8       0x44 ./Core/Src/no_os_gpio.o
                0x080022a8                no_os_gpio_direction_input
 .text.no_os_gpio_direction_output
                0x080022ec       0x4c ./Core/Src/no_os_gpio.o
                0x080022ec                no_os_gpio_direction_output
 .text.no_os_gpio_set_value
                0x08002338       0x4c ./Core/Src/no_os_gpio.o
                0x08002338                no_os_gpio_set_value
 .text.no_os_mutex_init
                0x08002384       0x14 ./Core/Src/no_os_mutex.o
                0x08002384                no_os_mutex_init
 .text.no_os_mutex_lock
                0x08002398       0x14 ./Core/Src/no_os_mutex.o
                0x08002398                no_os_mutex_lock
 .text.no_os_mutex_unlock
                0x080023ac       0x14 ./Core/Src/no_os_mutex.o
                0x080023ac                no_os_mutex_unlock
 .text.no_os_mutex_remove
                0x080023c0       0x14 ./Core/Src/no_os_mutex.o
                0x080023c0                no_os_mutex_remove
 .text.no_os_spi_init
                0x080023d4       0xc8 ./Core/Src/no_os_spi.o
                0x080023d4                no_os_spi_init
 .text.no_os_spibus_init
                0x0800249c       0x78 ./Core/Src/no_os_spi.o
                0x0800249c                no_os_spibus_init
 .text.no_os_spi_remove
                0x08002514       0x54 ./Core/Src/no_os_spi.o
                0x08002514                no_os_spi_remove
 .text.no_os_spibus_remove
                0x08002568       0x60 ./Core/Src/no_os_spi.o
                0x08002568                no_os_spibus_remove
 .text.no_os_spi_write_and_read
                0x080025c8       0x64 ./Core/Src/no_os_spi.o
                0x080025c8                no_os_spi_write_and_read
 .text.no_os_find_first_set_bit
                0x0800262c       0x3c ./Core/Src/no_os_util.o
                0x0800262c                no_os_find_first_set_bit
 .text.no_os_field_prep
                0x08002668       0x24 ./Core/Src/no_os_util.o
                0x08002668                no_os_field_prep
 .text.no_os_field_get
                0x0800268c       0x26 ./Core/Src/no_os_util.o
                0x0800268c                no_os_field_get
 *fill*         0x080026b2        0x2 
 .text.no_os_udelay
                0x080026b4       0x64 ./Core/Src/stm32_delay.o
                0x080026b4                no_os_udelay
 .text._gpio_init
                0x08002718      0x280 ./Core/Src/stm32_gpio.o
 .text.stm32_gpio_get
                0x08002998       0x80 ./Core/Src/stm32_gpio.o
                0x08002998                stm32_gpio_get
 .text.stm32_gpio_get_optional
                0x08002a18       0x2c ./Core/Src/stm32_gpio.o
                0x08002a18                stm32_gpio_get_optional
 .text.stm32_gpio_remove
                0x08002a44       0x28 ./Core/Src/stm32_gpio.o
                0x08002a44                stm32_gpio_remove
 .text.stm32_gpio_direction_input
                0x08002a6c       0x48 ./Core/Src/stm32_gpio.o
                0x08002a6c                stm32_gpio_direction_input
 .text.stm32_gpio_direction_output
                0x08002ab4       0x6c ./Core/Src/stm32_gpio.o
                0x08002ab4                stm32_gpio_direction_output
 .text.stm32_gpio_get_direction
                0x08002b20       0x46 ./Core/Src/stm32_gpio.o
                0x08002b20                stm32_gpio_get_direction
 .text.stm32_gpio_set_value
                0x08002b66       0x4e ./Core/Src/stm32_gpio.o
                0x08002b66                stm32_gpio_set_value
 .text.stm32_gpio_get_value
                0x08002bb4       0x5a ./Core/Src/stm32_gpio.o
                0x08002bb4                stm32_gpio_get_value
 *fill*         0x08002c0e        0x2 
 .text.HAL_MspInit
                0x08002c10       0x50 ./Core/Src/stm32f4xx_hal_msp.o
                0x08002c10                HAL_MspInit
 .text.HAL_SPI_MspInit
                0x08002c60       0xa0 ./Core/Src/stm32f4xx_hal_msp.o
                0x08002c60                HAL_SPI_MspInit
 .text.HAL_TIM_Base_MspInit
                0x08002d00       0x50 ./Core/Src/stm32f4xx_hal_msp.o
                0x08002d00                HAL_TIM_Base_MspInit
 .text.HAL_UART_MspInit
                0x08002d50       0x90 ./Core/Src/stm32f4xx_hal_msp.o
                0x08002d50                HAL_UART_MspInit
 .text.NMI_Handler
                0x08002de0        0x8 ./Core/Src/stm32f4xx_it.o
                0x08002de0                NMI_Handler
 .text.HardFault_Handler
                0x08002de8        0x8 ./Core/Src/stm32f4xx_it.o
                0x08002de8                HardFault_Handler
 .text.MemManage_Handler
                0x08002df0        0x8 ./Core/Src/stm32f4xx_it.o
                0x08002df0                MemManage_Handler
 .text.BusFault_Handler
                0x08002df8        0x8 ./Core/Src/stm32f4xx_it.o
                0x08002df8                BusFault_Handler
 .text.UsageFault_Handler
                0x08002e00        0x8 ./Core/Src/stm32f4xx_it.o
                0x08002e00                UsageFault_Handler
 .text.SVC_Handler
                0x08002e08        0xe ./Core/Src/stm32f4xx_it.o
                0x08002e08                SVC_Handler
 .text.DebugMon_Handler
                0x08002e16        0xe ./Core/Src/stm32f4xx_it.o
                0x08002e16                DebugMon_Handler
 .text.PendSV_Handler
                0x08002e24        0xe ./Core/Src/stm32f4xx_it.o
                0x08002e24                PendSV_Handler
 .text.SysTick_Handler
                0x08002e32        0xc ./Core/Src/stm32f4xx_it.o
                0x08002e32                SysTick_Handler
 *fill*         0x08002e3e        0x2 
 .text.TIM1_UP_TIM10_IRQHandler
                0x08002e40       0x14 ./Core/Src/stm32f4xx_it.o
                0x08002e40                TIM1_UP_TIM10_IRQHandler
 .text.EXTI15_10_IRQHandler
                0x08002e54       0x10 ./Core/Src/stm32f4xx_it.o
                0x08002e54                EXTI15_10_IRQHandler
 .text.SPI3_IRQHandler
                0x08002e64       0x14 ./Core/Src/stm32f4xx_it.o
                0x08002e64                SPI3_IRQHandler
 .text._read    0x08002e78       0x3a ./Core/Src/syscalls.o
                0x08002e78                _read
 .text._write   0x08002eb2       0x38 ./Core/Src/syscalls.o
                0x08002eb2                _write
 .text._close   0x08002eea       0x18 ./Core/Src/syscalls.o
                0x08002eea                _close
 .text._fstat   0x08002f02       0x20 ./Core/Src/syscalls.o
                0x08002f02                _fstat
 .text._isatty  0x08002f22       0x16 ./Core/Src/syscalls.o
                0x08002f22                _isatty
 .text._lseek   0x08002f38       0x1a ./Core/Src/syscalls.o
                0x08002f38                _lseek
 *fill*         0x08002f52        0x2 
 .text._sbrk    0x08002f54       0x6c ./Core/Src/sysmem.o
                0x08002f54                _sbrk
 .text.SystemInit
                0x08002fc0       0x24 ./Core/Src/system_stm32f4xx.o
                0x08002fc0                SystemInit
 .text.Reset_Handler
                0x08002fe4       0x50 ./Core/Startup/startup_stm32f401retx.o
                0x08002fe4                Reset_Handler
 .text.Default_Handler
                0x08003034        0x2 ./Core/Startup/startup_stm32f401retx.o
                0x08003034                RTC_Alarm_IRQHandler
                0x08003034                EXTI2_IRQHandler
                0x08003034                SPI4_IRQHandler
                0x08003034                TIM1_CC_IRQHandler
                0x08003034                DMA2_Stream5_IRQHandler
                0x08003034                DMA1_Stream5_IRQHandler
                0x08003034                PVD_IRQHandler
                0x08003034                SDIO_IRQHandler
                0x08003034                TAMP_STAMP_IRQHandler
                0x08003034                EXTI3_IRQHandler
                0x08003034                I2C3_ER_IRQHandler
                0x08003034                EXTI0_IRQHandler
                0x08003034                I2C2_EV_IRQHandler
                0x08003034                DMA1_Stream2_IRQHandler
                0x08003034                FPU_IRQHandler
                0x08003034                DMA2_Stream2_IRQHandler
                0x08003034                SPI1_IRQHandler
                0x08003034                TIM1_BRK_TIM9_IRQHandler
                0x08003034                DMA2_Stream3_IRQHandler
                0x08003034                USART6_IRQHandler
                0x08003034                DMA2_Stream0_IRQHandler
                0x08003034                TIM4_IRQHandler
                0x08003034                I2C1_EV_IRQHandler
                0x08003034                DMA1_Stream6_IRQHandler
                0x08003034                DMA1_Stream1_IRQHandler
                0x08003034                TIM3_IRQHandler
                0x08003034                RCC_IRQHandler
                0x08003034                Default_Handler
                0x08003034                ADC_IRQHandler
                0x08003034                DMA1_Stream7_IRQHandler
                0x08003034                TIM5_IRQHandler
                0x08003034                DMA2_Stream7_IRQHandler
                0x08003034                I2C3_EV_IRQHandler
                0x08003034                EXTI9_5_IRQHandler
                0x08003034                RTC_WKUP_IRQHandler
                0x08003034                SPI2_IRQHandler
                0x08003034                DMA1_Stream0_IRQHandler
                0x08003034                EXTI4_IRQHandler
                0x08003034                WWDG_IRQHandler
                0x08003034                TIM2_IRQHandler
                0x08003034                OTG_FS_WKUP_IRQHandler
                0x08003034                TIM1_TRG_COM_TIM11_IRQHandler
                0x08003034                EXTI1_IRQHandler
                0x08003034                USART2_IRQHandler
                0x08003034                I2C2_ER_IRQHandler
                0x08003034                DMA2_Stream1_IRQHandler
                0x08003034                FLASH_IRQHandler
                0x08003034                DMA2_Stream4_IRQHandler
                0x08003034                USART1_IRQHandler
                0x08003034                OTG_FS_IRQHandler
                0x08003034                DMA1_Stream4_IRQHandler
                0x08003034                I2C1_ER_IRQHandler
                0x08003034                DMA2_Stream6_IRQHandler
                0x08003034                DMA1_Stream3_IRQHandler
 *fill*         0x08003036        0x2 
 .text.HAL_Init
                0x08003038       0x44 ./Drivers/STM32F4xx_HAL_Driver/Src/stm32f4xx_hal.o
                0x08003038                HAL_Init
 .text.HAL_InitTick
                0x0800307c       0x60 ./Drivers/STM32F4xx_HAL_Driver/Src/stm32f4xx_hal.o
                0x0800307c                HAL_InitTick
 .text.HAL_IncTick
                0x080030dc       0x28 ./Drivers/STM32F4xx_HAL_Driver/Src/stm32f4xx_hal.o
                0x080030dc                HAL_IncTick
 .text.HAL_GetTick
                0x08003104       0x18 ./Drivers/STM32F4xx_HAL_Driver/Src/stm32f4xx_hal.o
                0x08003104                HAL_GetTick
 .text.__NVIC_SetPriorityGrouping
                0x0800311c       0x48 ./Drivers/STM32F4xx_HAL_Driver/Src/stm32f4xx_hal_cortex.o
 .text.__NVIC_GetPriorityGrouping
                0x08003164       0x1c ./Drivers/STM32F4xx_HAL_Driver/Src/stm32f4xx_hal_cortex.o
 .text.__NVIC_EnableIRQ
                0x08003180       0x3c ./Drivers/STM32F4xx_HAL_Driver/Src/stm32f4xx_hal_cortex.o
 .text.__NVIC_SetPriority
                0x080031bc       0x54 ./Drivers/STM32F4xx_HAL_Driver/Src/stm32f4xx_hal_cortex.o
 .text.NVIC_EncodePriority
                0x08003210       0x66 ./Drivers/STM32F4xx_HAL_Driver/Src/stm32f4xx_hal_cortex.o
 *fill*         0x08003276        0x2 
 .text.SysTick_Config
                0x08003278       0x44 ./Drivers/STM32F4xx_HAL_Driver/Src/stm32f4xx_hal_cortex.o
 .text.HAL_NVIC_SetPriorityGrouping
                0x080032bc       0x16 ./Drivers/STM32F4xx_HAL_Driver/Src/stm32f4xx_hal_cortex.o
                0x080032bc                HAL_NVIC_SetPriorityGrouping
 .text.HAL_NVIC_SetPriority
                0x080032d2       0x38 ./Drivers/STM32F4xx_HAL_Driver/Src/stm32f4xx_hal_cortex.o
                0x080032d2                HAL_NVIC_SetPriority
 .text.HAL_NVIC_EnableIRQ
                0x0800330a       0x1c ./Drivers/STM32F4xx_HAL_Driver/Src/stm32f4xx_hal_cortex.o
                0x0800330a                HAL_NVIC_EnableIRQ
 .text.HAL_SYSTICK_Config
                0x08003326       0x18 ./Drivers/STM32F4xx_HAL_Driver/Src/stm32f4xx_hal_cortex.o
                0x08003326                HAL_SYSTICK_Config
 .text.HAL_DMA_Abort_IT
                0x0800333e       0x44 ./Drivers/STM32F4xx_HAL_Driver/Src/stm32f4xx_hal_dma.o
                0x0800333e                HAL_DMA_Abort_IT
 *fill*         0x08003382        0x2 
 .text.HAL_GPIO_Init
                0x08003384      0x308 ./Drivers/STM32F4xx_HAL_Driver/Src/stm32f4xx_hal_gpio.o
                0x08003384                HAL_GPIO_Init
 .text.HAL_GPIO_ReadPin
                0x0800368c       0x30 ./Drivers/STM32F4xx_HAL_Driver/Src/stm32f4xx_hal_gpio.o
                0x0800368c                HAL_GPIO_ReadPin
 .text.HAL_GPIO_WritePin
                0x080036bc       0x32 ./Drivers/STM32F4xx_HAL_Driver/Src/stm32f4xx_hal_gpio.o
                0x080036bc                HAL_GPIO_WritePin
 *fill*         0x080036ee        0x2 
 .text.HAL_GPIO_EXTI_IRQHandler
                0x080036f0       0x30 ./Drivers/STM32F4xx_HAL_Driver/Src/stm32f4xx_hal_gpio.o
                0x080036f0                HAL_GPIO_EXTI_IRQHandler
 .text.HAL_GPIO_EXTI_Callback
                0x08003720       0x16 ./Drivers/STM32F4xx_HAL_Driver/Src/stm32f4xx_hal_gpio.o
                0x08003720                HAL_GPIO_EXTI_Callback
 *fill*         0x08003736        0x2 
 .text.HAL_RCC_OscConfig
                0x08003738      0x4f0 ./Drivers/STM32F4xx_HAL_Driver/Src/stm32f4xx_hal_rcc.o
                0x08003738                HAL_RCC_OscConfig
 .text.HAL_RCC_ClockConfig
                0x08003c28      0x1cc ./Drivers/STM32F4xx_HAL_Driver/Src/stm32f4xx_hal_rcc.o
                0x08003c28                HAL_RCC_ClockConfig
 .text.HAL_RCC_GetSysClockFreq
                0x08003df4      0x20c ./Drivers/STM32F4xx_HAL_Driver/Src/stm32f4xx_hal_rcc.o
                0x08003df4                HAL_RCC_GetSysClockFreq
 .text.HAL_RCC_GetHCLKFreq
                0x08004000       0x18 ./Drivers/STM32F4xx_HAL_Driver/Src/stm32f4xx_hal_rcc.o
                0x08004000                HAL_RCC_GetHCLKFreq
 .text.HAL_RCC_GetPCLK1Freq
                0x08004018       0x28 ./Drivers/STM32F4xx_HAL_Driver/Src/stm32f4xx_hal_rcc.o
                0x08004018                HAL_RCC_GetPCLK1Freq
 .text.HAL_RCC_GetPCLK2Freq
                0x08004040       0x28 ./Drivers/STM32F4xx_HAL_Driver/Src/stm32f4xx_hal_rcc.o
                0x08004040                HAL_RCC_GetPCLK2Freq
 .text.HAL_SPI_Init
                0x08004068      0x112 ./Drivers/STM32F4xx_HAL_Driver/Src/stm32f4xx_hal_spi.o
                0x08004068                HAL_SPI_Init
 *fill*         0x0800417a        0x2 
 .text.HAL_SPI_IRQHandler
                0x0800417c      0x1e8 ./Drivers/STM32F4xx_HAL_Driver/Src/stm32f4xx_hal_spi.o
                0x0800417c                HAL_SPI_IRQHandler
 .text.HAL_SPI_ErrorCallback
                0x08004364       0x14 ./Drivers/STM32F4xx_HAL_Driver/Src/stm32f4xx_hal_spi.o
                0x08004364                HAL_SPI_ErrorCallback
 .text.SPI_DMAAbortOnError
                0x08004378       0x28 ./Drivers/STM32F4xx_HAL_Driver/Src/stm32f4xx_hal_spi.o
 .text.HAL_TIM_Base_Init
                0x080043a0       0x9e ./Drivers/STM32F4xx_HAL_Driver/Src/stm32f4xx_hal_tim.o
                0x080043a0                HAL_TIM_Base_Init
 .text.HAL_TIM_IRQHandler
                0x0800443e      0x1e0 ./Drivers/STM32F4xx_HAL_Driver/Src/stm32f4xx_hal_tim.o
                0x0800443e                HAL_TIM_IRQHandler
 .text.HAL_TIM_PeriodElapsedCallback
                0x0800461e       0x14 ./Drivers/STM32F4xx_HAL_Driver/Src/stm32f4xx_hal_tim.o
                0x0800461e                HAL_TIM_PeriodElapsedCallback
 .text.HAL_TIM_OC_DelayElapsedCallback
                0x08004632       0x14 ./Drivers/STM32F4xx_HAL_Driver/Src/stm32f4xx_hal_tim.o
                0x08004632                HAL_TIM_OC_DelayElapsedCallback
 .text.HAL_TIM_IC_CaptureCallback
                0x08004646       0x14 ./Drivers/STM32F4xx_HAL_Driver/Src/stm32f4xx_hal_tim.o
                0x08004646                HAL_TIM_IC_CaptureCallback
 .text.HAL_TIM_PWM_PulseFinishedCallback
                0x0800465a       0x14 ./Drivers/STM32F4xx_HAL_Driver/Src/stm32f4xx_hal_tim.o
                0x0800465a                HAL_TIM_PWM_PulseFinishedCallback
 .text.HAL_TIM_TriggerCallback
                0x0800466e       0x14 ./Drivers/STM32F4xx_HAL_Driver/Src/stm32f4xx_hal_tim.o
                0x0800466e                HAL_TIM_TriggerCallback
 *fill*         0x08004682        0x2 
 .text.TIM_Base_SetConfig
                0x08004684      0x118 ./Drivers/STM32F4xx_HAL_Driver/Src/stm32f4xx_hal_tim.o
                0x08004684                TIM_Base_SetConfig
 .text.HAL_TIMEx_CommutCallback
                0x0800479c       0x14 ./Drivers/STM32F4xx_HAL_Driver/Src/stm32f4xx_hal_tim_ex.o
                0x0800479c                HAL_TIMEx_CommutCallback
 .text.HAL_TIMEx_BreakCallback
                0x080047b0       0x14 ./Drivers/STM32F4xx_HAL_Driver/Src/stm32f4xx_hal_tim_ex.o
                0x080047b0                HAL_TIMEx_BreakCallback
 .text.HAL_UART_Init
                0x080047c4       0xa0 ./Drivers/STM32F4xx_HAL_Driver/Src/stm32f4xx_hal_uart.o
                0x080047c4                HAL_UART_Init
 .text.UART_SetConfig
                0x08004864      0x4e8 ./Drivers/STM32F4xx_HAL_Driver/Src/stm32f4xx_hal_uart.o
 .text.calloc   0x08004d4c       0x10 D:/STM32CubeIDE_1.15.0/STM32CubeIDE/plugins/com.st.stm32cube.ide.mcu.externaltools.gnu-tools-for-stm32.12.3.rel1.win32_1.0.100.202403111256/tools/bin/../lib/gcc/arm-none-eabi/12.3.1/../../../../arm-none-eabi/lib/thumb/v7e-m+fp/hard\libc_nano.a(libc_a-calloc.o)
                0x08004d4c                calloc
 .text._calloc_r
                0x08004d5c       0x28 D:/STM32CubeIDE_1.15.0/STM32CubeIDE/plugins/com.st.stm32cube.ide.mcu.externaltools.gnu-tools-for-stm32.12.3.rel1.win32_1.0.100.202403111256/tools/bin/../lib/gcc/arm-none-eabi/12.3.1/../../../../arm-none-eabi/lib/thumb/v7e-m+fp/hard\libc_nano.a(libc_a-callocr.o)
                0x08004d5c                _calloc_r
 .text.malloc   0x08004d84       0x10 D:/STM32CubeIDE_1.15.0/STM32CubeIDE/plugins/com.st.stm32cube.ide.mcu.externaltools.gnu-tools-for-stm32.12.3.rel1.win32_1.0.100.202403111256/tools/bin/../lib/gcc/arm-none-eabi/12.3.1/../../../../arm-none-eabi/lib/thumb/v7e-m+fp/hard\libc_nano.a(libc_a-malloc.o)
                0x08004d84                malloc
 .text.free     0x08004d94       0x10 D:/STM32CubeIDE_1.15.0/STM32CubeIDE/plugins/com.st.stm32cube.ide.mcu.externaltools.gnu-tools-for-stm32.12.3.rel1.win32_1.0.100.202403111256/tools/bin/../lib/gcc/arm-none-eabi/12.3.1/../../../../arm-none-eabi/lib/thumb/v7e-m+fp/hard\libc_nano.a(libc_a-malloc.o)
                0x08004d94                free
 .text.sbrk_aligned
                0x08004da4       0x44 D:/STM32CubeIDE_1.15.0/STM32CubeIDE/plugins/com.st.stm32cube.ide.mcu.externaltools.gnu-tools-for-stm32.12.3.rel1.win32_1.0.100.202403111256/tools/bin/../lib/gcc/arm-none-eabi/12.3.1/../../../../arm-none-eabi/lib/thumb/v7e-m+fp/hard\libc_nano.a(libc_a-mallocr.o)
 .text._malloc_r
                0x08004de8      0x100 D:/STM32CubeIDE_1.15.0/STM32CubeIDE/plugins/com.st.stm32cube.ide.mcu.externaltools.gnu-tools-for-stm32.12.3.rel1.win32_1.0.100.202403111256/tools/bin/../lib/gcc/arm-none-eabi/12.3.1/../../../../arm-none-eabi/lib/thumb/v7e-m+fp/hard\libc_nano.a(libc_a-mallocr.o)
                0x08004de8                _malloc_r
 .text.__malloc_lock
                0x08004ee8        0xc D:/STM32CubeIDE_1.15.0/STM32CubeIDE/plugins/com.st.stm32cube.ide.mcu.externaltools.gnu-tools-for-stm32.12.3.rel1.win32_1.0.100.202403111256/tools/bin/../lib/gcc/arm-none-eabi/12.3.1/../../../../arm-none-eabi/lib/thumb/v7e-m+fp/hard\libc_nano.a(libc_a-mlock.o)
                0x08004ee8                __malloc_lock
 .text.__malloc_unlock
                0x08004ef4        0xc D:/STM32CubeIDE_1.15.0/STM32CubeIDE/plugins/com.st.stm32cube.ide.mcu.externaltools.gnu-tools-for-stm32.12.3.rel1.win32_1.0.100.202403111256/tools/bin/../lib/gcc/arm-none-eabi/12.3.1/../../../../arm-none-eabi/lib/thumb/v7e-m+fp/hard\libc_nano.a(libc_a-mlock.o)
                0x08004ef4                __malloc_unlock
 .text.std      0x08004f00       0x6c D:/STM32CubeIDE_1.15.0/STM32CubeIDE/plugins/com.st.stm32cube.ide.mcu.externaltools.gnu-tools-for-stm32.12.3.rel1.win32_1.0.100.202403111256/tools/bin/../lib/gcc/arm-none-eabi/12.3.1/../../../../arm-none-eabi/lib/thumb/v7e-m+fp/hard\libc_nano.a(libc_a-findfp.o)
 .text.stdio_exit_handler
                0x08004f6c       0x18 D:/STM32CubeIDE_1.15.0/STM32CubeIDE/plugins/com.st.stm32cube.ide.mcu.externaltools.gnu-tools-for-stm32.12.3.rel1.win32_1.0.100.202403111256/tools/bin/../lib/gcc/arm-none-eabi/12.3.1/../../../../arm-none-eabi/lib/thumb/v7e-m+fp/hard\libc_nano.a(libc_a-findfp.o)
 .text.cleanup_stdio
                0x08004f84       0x40 D:/STM32CubeIDE_1.15.0/STM32CubeIDE/plugins/com.st.stm32cube.ide.mcu.externaltools.gnu-tools-for-stm32.12.3.rel1.win32_1.0.100.202403111256/tools/bin/../lib/gcc/arm-none-eabi/12.3.1/../../../../arm-none-eabi/lib/thumb/v7e-m+fp/hard\libc_nano.a(libc_a-findfp.o)
 .text.global_stdio_init.part.0
                0x08004fc4       0x3c D:/STM32CubeIDE_1.15.0/STM32CubeIDE/plugins/com.st.stm32cube.ide.mcu.externaltools.gnu-tools-for-stm32.12.3.rel1.win32_1.0.100.202403111256/tools/bin/../lib/gcc/arm-none-eabi/12.3.1/../../../../arm-none-eabi/lib/thumb/v7e-m+fp/hard\libc_nano.a(libc_a-findfp.o)
 .text.__sfp_lock_acquire
                0x08005000        0xc D:/STM32CubeIDE_1.15.0/STM32CubeIDE/plugins/com.st.stm32cube.ide.mcu.externaltools.gnu-tools-for-stm32.12.3.rel1.win32_1.0.100.202403111256/tools/bin/../lib/gcc/arm-none-eabi/12.3.1/../../../../arm-none-eabi/lib/thumb/v7e-m+fp/hard\libc_nano.a(libc_a-findfp.o)
                0x08005000                __sfp_lock_acquire
 .text.__sfp_lock_release
                0x0800500c        0xc D:/STM32CubeIDE_1.15.0/STM32CubeIDE/plugins/com.st.stm32cube.ide.mcu.externaltools.gnu-tools-for-stm32.12.3.rel1.win32_1.0.100.202403111256/tools/bin/../lib/gcc/arm-none-eabi/12.3.1/../../../../arm-none-eabi/lib/thumb/v7e-m+fp/hard\libc_nano.a(libc_a-findfp.o)
                0x0800500c                __sfp_lock_release
 .text.__sinit  0x08005018       0x30 D:/STM32CubeIDE_1.15.0/STM32CubeIDE/plugins/com.st.stm32cube.ide.mcu.externaltools.gnu-tools-for-stm32.12.3.rel1.win32_1.0.100.202403111256/tools/bin/../lib/gcc/arm-none-eabi/12.3.1/../../../../arm-none-eabi/lib/thumb/v7e-m+fp/hard\libc_nano.a(libc_a-findfp.o)
                0x08005018                __sinit
 .text._fwalk_sglue
                0x08005048       0x3c D:/STM32CubeIDE_1.15.0/STM32CubeIDE/plugins/com.st.stm32cube.ide.mcu.externaltools.gnu-tools-for-stm32.12.3.rel1.win32_1.0.100.202403111256/tools/bin/../lib/gcc/arm-none-eabi/12.3.1/../../../../arm-none-eabi/lib/thumb/v7e-m+fp/hard\libc_nano.a(libc_a-fwalk.o)
                0x08005048                _fwalk_sglue
 .text.printf   0x08005084       0x24 D:/STM32CubeIDE_1.15.0/STM32CubeIDE/plugins/com.st.stm32cube.ide.mcu.externaltools.gnu-tools-for-stm32.12.3.rel1.win32_1.0.100.202403111256/tools/bin/../lib/gcc/arm-none-eabi/12.3.1/../../../../arm-none-eabi/lib/thumb/v7e-m+fp/hard\libc_nano.a(libc_a-printf.o)
                0x08005084                iprintf
                0x08005084                printf
 .text._puts_r  0x080050a8       0xaa D:/STM32CubeIDE_1.15.0/STM32CubeIDE/plugins/com.st.stm32cube.ide.mcu.externaltools.gnu-tools-for-stm32.12.3.rel1.win32_1.0.100.202403111256/tools/bin/../lib/gcc/arm-none-eabi/12.3.1/../../../../arm-none-eabi/lib/thumb/v7e-m+fp/hard\libc_nano.a(libc_a-puts.o)
                0x080050a8                _puts_r
 *fill*         0x08005152        0x2 
 .text.puts     0x08005154       0x10 D:/STM32CubeIDE_1.15.0/STM32CubeIDE/plugins/com.st.stm32cube.ide.mcu.externaltools.gnu-tools-for-stm32.12.3.rel1.win32_1.0.100.202403111256/tools/bin/../lib/gcc/arm-none-eabi/12.3.1/../../../../arm-none-eabi/lib/thumb/v7e-m+fp/hard\libc_nano.a(libc_a-puts.o)
                0x08005154                puts
 .text.__sread  0x08005164       0x22 D:/STM32CubeIDE_1.15.0/STM32CubeIDE/plugins/com.st.stm32cube.ide.mcu.externaltools.gnu-tools-for-stm32.12.3.rel1.win32_1.0.100.202403111256/tools/bin/../lib/gcc/arm-none-eabi/12.3.1/../../../../arm-none-eabi/lib/thumb/v7e-m+fp/hard\libc_nano.a(libc_a-stdio.o)
                0x08005164                __sread
 .text.__swrite
                0x08005186       0x38 D:/STM32CubeIDE_1.15.0/STM32CubeIDE/plugins/com.st.stm32cube.ide.mcu.externaltools.gnu-tools-for-stm32.12.3.rel1.win32_1.0.100.202403111256/tools/bin/../lib/gcc/arm-none-eabi/12.3.1/../../../../arm-none-eabi/lib/thumb/v7e-m+fp/hard\libc_nano.a(libc_a-stdio.o)
                0x08005186                __swrite
 .text.__sseek  0x080051be       0x24 D:/STM32CubeIDE_1.15.0/STM32CubeIDE/plugins/com.st.stm32cube.ide.mcu.externaltools.gnu-tools-for-stm32.12.3.rel1.win32_1.0.100.202403111256/tools/bin/../lib/gcc/arm-none-eabi/12.3.1/../../../../arm-none-eabi/lib/thumb/v7e-m+fp/hard\libc_nano.a(libc_a-stdio.o)
                0x080051be                __sseek
 .text.__sclose
                0x080051e2        0x8 D:/STM32CubeIDE_1.15.0/STM32CubeIDE/plugins/com.st.stm32cube.ide.mcu.externaltools.gnu-tools-for-stm32.12.3.rel1.win32_1.0.100.202403111256/tools/bin/../lib/gcc/arm-none-eabi/12.3.1/../../../../arm-none-eabi/lib/thumb/v7e-m+fp/hard\libc_nano.a(libc_a-stdio.o)
                0x080051e2                __sclose
 .text.__swbuf_r
                0x080051ea       0x7c D:/STM32CubeIDE_1.15.0/STM32CubeIDE/plugins/com.st.stm32cube.ide.mcu.externaltools.gnu-tools-for-stm32.12.3.rel1.win32_1.0.100.202403111256/tools/bin/../lib/gcc/arm-none-eabi/12.3.1/../../../../arm-none-eabi/lib/thumb/v7e-m+fp/hard\libc_nano.a(libc_a-wbuf.o)
                0x080051ea                __swbuf_r
 *fill*         0x08005266        0x2 
 .text.__swsetup_r
                0x08005268       0xac D:/STM32CubeIDE_1.15.0/STM32CubeIDE/plugins/com.st.stm32cube.ide.mcu.externaltools.gnu-tools-for-stm32.12.3.rel1.win32_1.0.100.202403111256/tools/bin/../lib/gcc/arm-none-eabi/12.3.1/../../../../arm-none-eabi/lib/thumb/v7e-m+fp/hard\libc_nano.a(libc_a-wsetup.o)
                0x08005268                __swsetup_r
 .text.memset   0x08005314       0x10 D:/STM32CubeIDE_1.15.0/STM32CubeIDE/plugins/com.st.stm32cube.ide.mcu.externaltools.gnu-tools-for-stm32.12.3.rel1.win32_1.0.100.202403111256/tools/bin/../lib/gcc/arm-none-eabi/12.3.1/../../../../arm-none-eabi/lib/thumb/v7e-m+fp/hard\libc_nano.a(libc_a-memset.o)
                0x08005314                memset
 .text._close_r
                0x08005324       0x20 D:/STM32CubeIDE_1.15.0/STM32CubeIDE/plugins/com.st.stm32cube.ide.mcu.externaltools.gnu-tools-for-stm32.12.3.rel1.win32_1.0.100.202403111256/tools/bin/../lib/gcc/arm-none-eabi/12.3.1/../../../../arm-none-eabi/lib/thumb/v7e-m+fp/hard\libc_nano.a(libc_a-closer.o)
                0x08005324                _close_r
 .text._lseek_r
                0x08005344       0x24 D:/STM32CubeIDE_1.15.0/STM32CubeIDE/plugins/com.st.stm32cube.ide.mcu.externaltools.gnu-tools-for-stm32.12.3.rel1.win32_1.0.100.202403111256/tools/bin/../lib/gcc/arm-none-eabi/12.3.1/../../../../arm-none-eabi/lib/thumb/v7e-m+fp/hard\libc_nano.a(libc_a-lseekr.o)
                0x08005344                _lseek_r
 .text._read_r  0x08005368       0x24 D:/STM32CubeIDE_1.15.0/STM32CubeIDE/plugins/com.st.stm32cube.ide.mcu.externaltools.gnu-tools-for-stm32.12.3.rel1.win32_1.0.100.202403111256/tools/bin/../lib/gcc/arm-none-eabi/12.3.1/../../../../arm-none-eabi/lib/thumb/v7e-m+fp/hard\libc_nano.a(libc_a-readr.o)
                0x08005368                _read_r
 .text._sbrk_r  0x0800538c       0x20 D:/STM32CubeIDE_1.15.0/STM32CubeIDE/plugins/com.st.stm32cube.ide.mcu.externaltools.gnu-tools-for-stm32.12.3.rel1.win32_1.0.100.202403111256/tools/bin/../lib/gcc/arm-none-eabi/12.3.1/../../../../arm-none-eabi/lib/thumb/v7e-m+fp/hard\libc_nano.a(libc_a-sbrkr.o)
                0x0800538c                _sbrk_r
 .text._write_r
                0x080053ac       0x24 D:/STM32CubeIDE_1.15.0/STM32CubeIDE/plugins/com.st.stm32cube.ide.mcu.externaltools.gnu-tools-for-stm32.12.3.rel1.win32_1.0.100.202403111256/tools/bin/../lib/gcc/arm-none-eabi/12.3.1/../../../../arm-none-eabi/lib/thumb/v7e-m+fp/hard\libc_nano.a(libc_a-writer.o)
                0x080053ac                _write_r
 .text.__errno  0x080053d0        0xc D:/STM32CubeIDE_1.15.0/STM32CubeIDE/plugins/com.st.stm32cube.ide.mcu.externaltools.gnu-tools-for-stm32.12.3.rel1.win32_1.0.100.202403111256/tools/bin/../lib/gcc/arm-none-eabi/12.3.1/../../../../arm-none-eabi/lib/thumb/v7e-m+fp/hard\libc_nano.a(libc_a-errno.o)
                0x080053d0                __errno
 .text.__libc_init_array
                0x080053dc       0x48 D:/STM32CubeIDE_1.15.0/STM32CubeIDE/plugins/com.st.stm32cube.ide.mcu.externaltools.gnu-tools-for-stm32.12.3.rel1.win32_1.0.100.202403111256/tools/bin/../lib/gcc/arm-none-eabi/12.3.1/../../../../arm-none-eabi/lib/thumb/v7e-m+fp/hard\libc_nano.a(libc_a-init.o)
                0x080053dc                __libc_init_array
 .text.__retarget_lock_init_recursive
                0x08005424        0x2 D:/STM32CubeIDE_1.15.0/STM32CubeIDE/plugins/com.st.stm32cube.ide.mcu.externaltools.gnu-tools-for-stm32.12.3.rel1.win32_1.0.100.202403111256/tools/bin/../lib/gcc/arm-none-eabi/12.3.1/../../../../arm-none-eabi/lib/thumb/v7e-m+fp/hard\libc_nano.a(libc_a-lock.o)
                0x08005424                __retarget_lock_init_recursive
 .text.__retarget_lock_acquire_recursive
                0x08005426        0x2 D:/STM32CubeIDE_1.15.0/STM32CubeIDE/plugins/com.st.stm32cube.ide.mcu.externaltools.gnu-tools-for-stm32.12.3.rel1.win32_1.0.100.202403111256/tools/bin/../lib/gcc/arm-none-eabi/12.3.1/../../../../arm-none-eabi/lib/thumb/v7e-m+fp/hard\libc_nano.a(libc_a-lock.o)
                0x08005426                __retarget_lock_acquire_recursive
 .text.__retarget_lock_release_recursive
                0x08005428        0x2 D:/STM32CubeIDE_1.15.0/STM32CubeIDE/plugins/com.st.stm32cube.ide.mcu.externaltools.gnu-tools-for-stm32.12.3.rel1.win32_1.0.100.202403111256/tools/bin/../lib/gcc/arm-none-eabi/12.3.1/../../../../arm-none-eabi/lib/thumb/v7e-m+fp/hard\libc_nano.a(libc_a-lock.o)
                0x08005428                __retarget_lock_release_recursive
 *fill*         0x0800542a        0x2 
 .text._free_r  0x0800542c       0x94 D:/STM32CubeIDE_1.15.0/STM32CubeIDE/plugins/com.st.stm32cube.ide.mcu.externaltools.gnu-tools-for-stm32.12.3.rel1.win32_1.0.100.202403111256/tools/bin/../lib/gcc/arm-none-eabi/12.3.1/../../../../arm-none-eabi/lib/thumb/v7e-m+fp/hard\libc_nano.a(libc_a-freer.o)
                0x0800542c                _free_r
 .text.__sfputc_r
                0x080054c0       0x2e D:/STM32CubeIDE_1.15.0/STM32CubeIDE/plugins/com.st.stm32cube.ide.mcu.externaltools.gnu-tools-for-stm32.12.3.rel1.win32_1.0.100.202403111256/tools/bin/../lib/gcc/arm-none-eabi/12.3.1/../../../../arm-none-eabi/lib/thumb/v7e-m+fp/hard\libc_nano.a(libc_a-nano-vfprintf.o)
 .text.__sfputs_r
                0x080054ee       0x24 D:/STM32CubeIDE_1.15.0/STM32CubeIDE/plugins/com.st.stm32cube.ide.mcu.externaltools.gnu-tools-for-stm32.12.3.rel1.win32_1.0.100.202403111256/tools/bin/../lib/gcc/arm-none-eabi/12.3.1/../../../../arm-none-eabi/lib/thumb/v7e-m+fp/hard\libc_nano.a(libc_a-nano-vfprintf.o)
                0x080054ee                __sfputs_r
 *fill*         0x08005512        0x2 
 .text._vfprintf_r
                0x08005514      0x230 D:/STM32CubeIDE_1.15.0/STM32CubeIDE/plugins/com.st.stm32cube.ide.mcu.externaltools.gnu-tools-for-stm32.12.3.rel1.win32_1.0.100.202403111256/tools/bin/../lib/gcc/arm-none-eabi/12.3.1/../../../../arm-none-eabi/lib/thumb/v7e-m+fp/hard\libc_nano.a(libc_a-nano-vfprintf.o)
                0x08005514                _vfprintf_r
                0x08005514                _vfiprintf_r
 .text._printf_common
                0x08005744       0xda D:/STM32CubeIDE_1.15.0/STM32CubeIDE/plugins/com.st.stm32cube.ide.mcu.externaltools.gnu-tools-for-stm32.12.3.rel1.win32_1.0.100.202403111256/tools/bin/../lib/gcc/arm-none-eabi/12.3.1/../../../../arm-none-eabi/lib/thumb/v7e-m+fp/hard\libc_nano.a(libc_a-nano-vfprintf_i.o)
                0x08005744                _printf_common
 *fill*         0x0800581e        0x2 
 .text._printf_i
                0x08005820      0x240 D:/STM32CubeIDE_1.15.0/STM32CubeIDE/plugins/com.st.stm32cube.ide.mcu.externaltools.gnu-tools-for-stm32.12.3.rel1.win32_1.0.100.202403111256/tools/bin/../lib/gcc/arm-none-eabi/12.3.1/../../../../arm-none-eabi/lib/thumb/v7e-m+fp/hard\libc_nano.a(libc_a-nano-vfprintf_i.o)
                0x08005820                _printf_i
 .text.__sflush_r
                0x08005a60      0x108 D:/STM32CubeIDE_1.15.0/STM32CubeIDE/plugins/com.st.stm32cube.ide.mcu.externaltools.gnu-tools-for-stm32.12.3.rel1.win32_1.0.100.202403111256/tools/bin/../lib/gcc/arm-none-eabi/12.3.1/../../../../arm-none-eabi/lib/thumb/v7e-m+fp/hard\libc_nano.a(libc_a-fflush.o)
                0x08005a60                __sflush_r
 .text._fflush_r
                0x08005b68       0x50 D:/STM32CubeIDE_1.15.0/STM32CubeIDE/plugins/com.st.stm32cube.ide.mcu.externaltools.gnu-tools-for-stm32.12.3.rel1.win32_1.0.100.202403111256/tools/bin/../lib/gcc/arm-none-eabi/12.3.1/../../../../arm-none-eabi/lib/thumb/v7e-m+fp/hard\libc_nano.a(libc_a-fflush.o)
                0x08005b68                _fflush_r
 .text.__swhatbuf_r
                0x08005bb8       0x4c D:/STM32CubeIDE_1.15.0/STM32CubeIDE/plugins/com.st.stm32cube.ide.mcu.externaltools.gnu-tools-for-stm32.12.3.rel1.win32_1.0.100.202403111256/tools/bin/../lib/gcc/arm-none-eabi/12.3.1/../../../../arm-none-eabi/lib/thumb/v7e-m+fp/hard\libc_nano.a(libc_a-makebuf.o)
                0x08005bb8                __swhatbuf_r
 .text.__smakebuf_r
                0x08005c04       0x78 D:/STM32CubeIDE_1.15.0/STM32CubeIDE/plugins/com.st.stm32cube.ide.mcu.externaltools.gnu-tools-for-stm32.12.3.rel1.win32_1.0.100.202403111256/tools/bin/../lib/gcc/arm-none-eabi/12.3.1/../../../../arm-none-eabi/lib/thumb/v7e-m+fp/hard\libc_nano.a(libc_a-makebuf.o)
                0x08005c04                __smakebuf_r
 .text._fstat_r
                0x08005c7c       0x24 D:/STM32CubeIDE_1.15.0/STM32CubeIDE/plugins/com.st.stm32cube.ide.mcu.externaltools.gnu-tools-for-stm32.12.3.rel1.win32_1.0.100.202403111256/tools/bin/../lib/gcc/arm-none-eabi/12.3.1/../../../../arm-none-eabi/lib/thumb/v7e-m+fp/hard\libc_nano.a(libc_a-fstatr.o)
                0x08005c7c                _fstat_r
 .text._isatty_r
                0x08005ca0       0x20 D:/STM32CubeIDE_1.15.0/STM32CubeIDE/plugins/com.st.stm32cube.ide.mcu.externaltools.gnu-tools-for-stm32.12.3.rel1.win32_1.0.100.202403111256/tools/bin/../lib/gcc/arm-none-eabi/12.3.1/../../../../arm-none-eabi/lib/thumb/v7e-m+fp/hard\libc_nano.a(libc_a-isattyr.o)
                0x08005ca0                _isatty_r
 *(.glue_7)
 .glue_7        0x08005cc0        0x0 linker stubs
 *(.glue_7t)
 .glue_7t       0x08005cc0        0x0 linker stubs
 *(.eh_frame)
 .eh_frame      0x08005cc0        0x0 D:/STM32CubeIDE_1.15.0/STM32CubeIDE/plugins/com.st.stm32cube.ide.mcu.externaltools.gnu-tools-for-stm32.12.3.rel1.win32_1.0.100.202403111256/tools/bin/../lib/gcc/arm-none-eabi/12.3.1/thumb/v7e-m+fp/hard/crtbegin.o
 *(.init)
 .init          0x08005cc0        0x4 D:/STM32CubeIDE_1.15.0/STM32CubeIDE/plugins/com.st.stm32cube.ide.mcu.externaltools.gnu-tools-for-stm32.12.3.rel1.win32_1.0.100.202403111256/tools/bin/../lib/gcc/arm-none-eabi/12.3.1/thumb/v7e-m+fp/hard/crti.o
                0x08005cc0                _init
 .init          0x08005cc4        0x8 D:/STM32CubeIDE_1.15.0/STM32CubeIDE/plugins/com.st.stm32cube.ide.mcu.externaltools.gnu-tools-for-stm32.12.3.rel1.win32_1.0.100.202403111256/tools/bin/../lib/gcc/arm-none-eabi/12.3.1/thumb/v7e-m+fp/hard/crtn.o
 *(.fini)
 .fini          0x08005ccc        0x4 D:/STM32CubeIDE_1.15.0/STM32CubeIDE/plugins/com.st.stm32cube.ide.mcu.externaltools.gnu-tools-for-stm32.12.3.rel1.win32_1.0.100.202403111256/tools/bin/../lib/gcc/arm-none-eabi/12.3.1/thumb/v7e-m+fp/hard/crti.o
                0x08005ccc                _fini
 .fini          0x08005cd0        0x8 D:/STM32CubeIDE_1.15.0/STM32CubeIDE/plugins/com.st.stm32cube.ide.mcu.externaltools.gnu-tools-for-stm32.12.3.rel1.win32_1.0.100.202403111256/tools/bin/../lib/gcc/arm-none-eabi/12.3.1/thumb/v7e-m+fp/hard/crtn.o
                0x08005cd8                        . = ALIGN (0x4)
                0x08005cd8                        _etext = .

.vfp11_veneer   0x08005cd8        0x0
 .vfp11_veneer  0x08005cd8        0x0 linker stubs

.v4_bx          0x08005cd8        0x0
 .v4_bx         0x08005cd8        0x0 linker stubs

.iplt           0x08005cd8        0x0
 .iplt          0x08005cd8        0x0 D:/STM32CubeIDE_1.15.0/STM32CubeIDE/plugins/com.st.stm32cube.ide.mcu.externaltools.gnu-tools-for-stm32.12.3.rel1.win32_1.0.100.202403111256/tools/bin/../lib/gcc/arm-none-eabi/12.3.1/thumb/v7e-m+fp/hard/crtbegin.o

.rodata         0x08005cd8      0x398
                0x08005cd8                        . = ALIGN (0x4)
 *(.rodata)
 .rodata        0x08005cd8       0x79 ./Core/Src/ad7606.o
 *fill*         0x08005d51        0x3 
 .rodata        0x08005d54       0x55 ./Core/Src/main.o
 *(.rodata*)
 *fill*         0x08005da9        0x3 
 .rodata.ad7606_range_table
                0x08005dac       0x18 ./Core/Src/ad7606.o
 .rodata.ad7609_range_table
                0x08005dc4       0x18 ./Core/Src/ad7606.o
 .rodata.ad7606b_range_table
                0x08005ddc       0x90 ./Core/Src/ad7606.o
 .rodata.ad7606c_range_table
                0x08005e6c       0xc0 ./Core/Src/ad7606.o
 .rodata.ad7606_chip_info_tbl
                0x08005f2c       0xd8 ./Core/Src/ad7606.o
 .rodata.stm32_gpio_ops
                0x08006004       0x20 ./Core/Src/stm32_gpio.o
                0x08006004                stm32_gpio_ops
 .rodata.AHBPrescTable
                0x08006024       0x10 ./Core/Src/system_stm32f4xx.o
                0x08006024                AHBPrescTable
 .rodata.APBPrescTable
                0x08006034        0x8 ./Core/Src/system_stm32f4xx.o
                0x08006034                APBPrescTable
 .rodata._vfprintf_r.str1.1
                0x0800603c       0x11 D:/STM32CubeIDE_1.15.0/STM32CubeIDE/plugins/com.st.stm32cube.ide.mcu.externaltools.gnu-tools-for-stm32.12.3.rel1.win32_1.0.100.202403111256/tools/bin/../lib/gcc/arm-none-eabi/12.3.1/../../../../arm-none-eabi/lib/thumb/v7e-m+fp/hard\libc_nano.a(libc_a-nano-vfprintf.o)
 .rodata._printf_i.str1.1
                0x0800604d       0x22 D:/STM32CubeIDE_1.15.0/STM32CubeIDE/plugins/com.st.stm32cube.ide.mcu.externaltools.gnu-tools-for-stm32.12.3.rel1.win32_1.0.100.202403111256/tools/bin/../lib/gcc/arm-none-eabi/12.3.1/../../../../arm-none-eabi/lib/thumb/v7e-m+fp/hard\libc_nano.a(libc_a-nano-vfprintf_i.o)
                0x08006070                        . = ALIGN (0x4)
 *fill*         0x0800606f        0x1 

.ARM.extab      0x08006070        0x0
                0x08006070                        . = ALIGN (0x4)
 *(.ARM.extab* .gnu.linkonce.armextab.*)
                0x08006070                        . = ALIGN (0x4)

.ARM            0x08006070        0x8
                0x08006070                        . = ALIGN (0x4)
                0x08006070                        __exidx_start = .
 *(.ARM.exidx*)
 .ARM.exidx     0x08006070        0x8 D:/STM32CubeIDE_1.15.0/STM32CubeIDE/plugins/com.st.stm32cube.ide.mcu.externaltools.gnu-tools-for-stm32.12.3.rel1.win32_1.0.100.202403111256/tools/bin/../lib/gcc/arm-none-eabi/12.3.1/../../../../arm-none-eabi/lib/thumb/v7e-m+fp/hard\libc_nano.a(libc_a-memchr.o)
 .ARM.exidx     0x08006078        0x0 D:/STM32CubeIDE_1.15.0/STM32CubeIDE/plugins/com.st.stm32cube.ide.mcu.externaltools.gnu-tools-for-stm32.12.3.rel1.win32_1.0.100.202403111256/tools/bin/../lib/gcc/arm-none-eabi/12.3.1/thumb/v7e-m+fp/hard\libgcc.a(_udivmoddi4.o)
                                  0x8 (size before relaxing)
                0x08006078                        __exidx_end = .
                0x08006078                        . = ALIGN (0x4)

.preinit_array  0x08006078        0x0
                0x08006078                        . = ALIGN (0x4)
                0x08006078                        PROVIDE (__preinit_array_start = .)
 *(.preinit_array*)
                0x08006078                        PROVIDE (__preinit_array_end = .)
                0x08006078                        . = ALIGN (0x4)

.init_array     0x08006078        0x4
                0x08006078                        . = ALIGN (0x4)
                0x08006078                        PROVIDE (__init_array_start = .)
 *(SORT_BY_NAME(.init_array.*))
 *(.init_array*)
 .init_array    0x08006078        0x4 D:/STM32CubeIDE_1.15.0/STM32CubeIDE/plugins/com.st.stm32cube.ide.mcu.externaltools.gnu-tools-for-stm32.12.3.rel1.win32_1.0.100.202403111256/tools/bin/../lib/gcc/arm-none-eabi/12.3.1/thumb/v7e-m+fp/hard/crtbegin.o
                0x0800607c                        PROVIDE (__init_array_end = .)
                0x0800607c                        . = ALIGN (0x4)

.fini_array     0x0800607c        0x4
                0x0800607c                        . = ALIGN (0x4)
                [!provide]                        PROVIDE (__fini_array_start = .)
 *(SORT_BY_NAME(.fini_array.*))
 *(.fini_array*)
 .fini_array    0x0800607c        0x4 D:/STM32CubeIDE_1.15.0/STM32CubeIDE/plugins/com.st.stm32cube.ide.mcu.externaltools.gnu-tools-for-stm32.12.3.rel1.win32_1.0.100.202403111256/tools/bin/../lib/gcc/arm-none-eabi/12.3.1/thumb/v7e-m+fp/hard/crtbegin.o
                [!provide]                        PROVIDE (__fini_array_end = .)
                0x08006080                        . = ALIGN (0x4)
                0x08006080                        _sidata = LOADADDR (.data)

.rel.dyn        0x08006080        0x0
 .rel.iplt      0x08006080        0x0 D:/STM32CubeIDE_1.15.0/STM32CubeIDE/plugins/com.st.stm32cube.ide.mcu.externaltools.gnu-tools-for-stm32.12.3.rel1.win32_1.0.100.202403111256/tools/bin/../lib/gcc/arm-none-eabi/12.3.1/thumb/v7e-m+fp/hard/crtbegin.o

.data           0x20000000       0x6c load address 0x08006080
                0x20000000                        . = ALIGN (0x4)
                0x20000000                        _sdata = .
 *(.data)
 *(.data*)
 .data.firstrun.0
                0x20000000        0x1 ./Core/Src/stm32_delay.o
 *fill*         0x20000001        0x3 
 .data.SystemCoreClock
                0x20000004        0x4 ./Core/Src/system_stm32f4xx.o
                0x20000004                SystemCoreClock
 .data.uwTickPrio
                0x20000008        0x4 ./Drivers/STM32F4xx_HAL_Driver/Src/stm32f4xx_hal.o
                0x20000008                uwTickPrio
 .data.uwTickFreq
                0x2000000c        0x1 ./Drivers/STM32F4xx_HAL_Driver/Src/stm32f4xx_hal.o
                0x2000000c                uwTickFreq
 *fill*         0x2000000d        0x3 
 .data.__sglue  0x20000010        0xc D:/STM32CubeIDE_1.15.0/STM32CubeIDE/plugins/com.st.stm32cube.ide.mcu.externaltools.gnu-tools-for-stm32.12.3.rel1.win32_1.0.100.202403111256/tools/bin/../lib/gcc/arm-none-eabi/12.3.1/../../../../arm-none-eabi/lib/thumb/v7e-m+fp/hard\libc_nano.a(libc_a-findfp.o)
                0x20000010                __sglue
 .data._impure_ptr
                0x2000001c        0x4 D:/STM32CubeIDE_1.15.0/STM32CubeIDE/plugins/com.st.stm32cube.ide.mcu.externaltools.gnu-tools-for-stm32.12.3.rel1.win32_1.0.100.202403111256/tools/bin/../lib/gcc/arm-none-eabi/12.3.1/../../../../arm-none-eabi/lib/thumb/v7e-m+fp/hard\libc_nano.a(libc_a-impure.o)
                0x2000001c                _impure_ptr
 .data._impure_data
                0x20000020       0x4c D:/STM32CubeIDE_1.15.0/STM32CubeIDE/plugins/com.st.stm32cube.ide.mcu.externaltools.gnu-tools-for-stm32.12.3.rel1.win32_1.0.100.202403111256/tools/bin/../lib/gcc/arm-none-eabi/12.3.1/../../../../arm-none-eabi/lib/thumb/v7e-m+fp/hard\libc_nano.a(libc_a-impure.o)
                0x20000020                _impure_data
 *(.RamFunc)
 *(.RamFunc*)
                0x2000006c                        . = ALIGN (0x4)
                0x2000006c                        _edata = .

.igot.plt       0x2000006c        0x0 load address 0x080060ec
 .igot.plt      0x2000006c        0x0 D:/STM32CubeIDE_1.15.0/STM32CubeIDE/plugins/com.st.stm32cube.ide.mcu.externaltools.gnu-tools-for-stm32.12.3.rel1.win32_1.0.100.202403111256/tools/bin/../lib/gcc/arm-none-eabi/12.3.1/thumb/v7e-m+fp/hard/crtbegin.o
                0x2000006c                        . = ALIGN (0x4)

.bss            0x2000006c      0x57c load address 0x080060ec
                0x2000006c                        _sbss = .
                0x2000006c                        __bss_start__ = _sbss
 *(.bss)
 .bss           0x2000006c       0x1c D:/STM32CubeIDE_1.15.0/STM32CubeIDE/plugins/com.st.stm32cube.ide.mcu.externaltools.gnu-tools-for-stm32.12.3.rel1.win32_1.0.100.202403111256/tools/bin/../lib/gcc/arm-none-eabi/12.3.1/thumb/v7e-m+fp/hard/crtbegin.o
 *(.bss*)
 .bss.ad7606_crc8
                0x20000088      0x100 ./Core/Src/ad7606.o
 .bss.ad7606_crc16
                0x20000188      0x200 ./Core/Src/ad7606.o
 .bss.hspi3     0x20000388       0x58 ./Core/Src/main.o
                0x20000388                hspi3
 .bss.htim10    0x200003e0       0x48 ./Core/Src/main.o
                0x200003e0                htim10
 .bss.huart2    0x20000428       0x48 ./Core/Src/main.o
                0x20000428                huart2
 .bss.spi_table
                0x20000470       0x24 ./Core/Src/no_os_spi.o
 .bss.__sbrk_heap_end
                0x20000494        0x4 ./Core/Src/sysmem.o
 .bss.uwTick    0x20000498        0x4 ./Drivers/STM32F4xx_HAL_Driver/Src/stm32f4xx_hal.o
                0x20000498                uwTick
 .bss.__malloc_sbrk_start
                0x2000049c        0x4 D:/STM32CubeIDE_1.15.0/STM32CubeIDE/plugins/com.st.stm32cube.ide.mcu.externaltools.gnu-tools-for-stm32.12.3.rel1.win32_1.0.100.202403111256/tools/bin/../lib/gcc/arm-none-eabi/12.3.1/../../../../arm-none-eabi/lib/thumb/v7e-m+fp/hard\libc_nano.a(libc_a-mallocr.o)
                0x2000049c                __malloc_sbrk_start
 .bss.__malloc_free_list
                0x200004a0        0x4 D:/STM32CubeIDE_1.15.0/STM32CubeIDE/plugins/com.st.stm32cube.ide.mcu.externaltools.gnu-tools-for-stm32.12.3.rel1.win32_1.0.100.202403111256/tools/bin/../lib/gcc/arm-none-eabi/12.3.1/../../../../arm-none-eabi/lib/thumb/v7e-m+fp/hard\libc_nano.a(libc_a-mallocr.o)
                0x200004a0                __malloc_free_list
 .bss.__sf      0x200004a4      0x138 D:/STM32CubeIDE_1.15.0/STM32CubeIDE/plugins/com.st.stm32cube.ide.mcu.externaltools.gnu-tools-for-stm32.12.3.rel1.win32_1.0.100.202403111256/tools/bin/../lib/gcc/arm-none-eabi/12.3.1/../../../../arm-none-eabi/lib/thumb/v7e-m+fp/hard\libc_nano.a(libc_a-findfp.o)
                0x200004a4                __sf
 .bss.__stdio_exit_handler
                0x200005dc        0x4 D:/STM32CubeIDE_1.15.0/STM32CubeIDE/plugins/com.st.stm32cube.ide.mcu.externaltools.gnu-tools-for-stm32.12.3.rel1.win32_1.0.100.202403111256/tools/bin/../lib/gcc/arm-none-eabi/12.3.1/../../../../arm-none-eabi/lib/thumb/v7e-m+fp/hard\libc_nano.a(libc_a-findfp.o)
                0x200005dc                __stdio_exit_handler
 .bss.errno     0x200005e0        0x4 D:/STM32CubeIDE_1.15.0/STM32CubeIDE/plugins/com.st.stm32cube.ide.mcu.externaltools.gnu-tools-for-stm32.12.3.rel1.win32_1.0.100.202403111256/tools/bin/../lib/gcc/arm-none-eabi/12.3.1/../../../../arm-none-eabi/lib/thumb/v7e-m+fp/hard\libc_nano.a(libc_a-reent.o)
                0x200005e0                errno
 .bss.__lock___malloc_recursive_mutex
                0x200005e4        0x1 D:/STM32CubeIDE_1.15.0/STM32CubeIDE/plugins/com.st.stm32cube.ide.mcu.externaltools.gnu-tools-for-stm32.12.3.rel1.win32_1.0.100.202403111256/tools/bin/../lib/gcc/arm-none-eabi/12.3.1/../../../../arm-none-eabi/lib/thumb/v7e-m+fp/hard\libc_nano.a(libc_a-lock.o)
                0x200005e4                __lock___malloc_recursive_mutex
 .bss.__lock___sfp_recursive_mutex
                0x200005e5        0x1 D:/STM32CubeIDE_1.15.0/STM32CubeIDE/plugins/com.st.stm32cube.ide.mcu.externaltools.gnu-tools-for-stm32.12.3.rel1.win32_1.0.100.202403111256/tools/bin/../lib/gcc/arm-none-eabi/12.3.1/../../../../arm-none-eabi/lib/thumb/v7e-m+fp/hard\libc_nano.a(libc_a-lock.o)
                0x200005e5                __lock___sfp_recursive_mutex
 *(COMMON)
                0x200005e8                        . = ALIGN (0x4)
 *fill*         0x200005e6        0x2 
                0x200005e8                        _ebss = .
                0x200005e8                        __bss_end__ = _ebss

._user_heap_stack
                0x200005e8      0x600 load address 0x080060ec
                0x200005e8                        . = ALIGN (0x8)
                [!provide]                        PROVIDE (end = .)
                0x200005e8                        PROVIDE (_end = .)
                0x200007e8                        . = (. + _Min_Heap_Size)
 *fill*         0x200005e8      0x200 
                0x20000be8                        . = (. + _Min_Stack_Size)
 *fill*         0x200007e8      0x400 
                0x20000be8                        . = ALIGN (0x8)

/DISCARD/
 libc.a(*)
 libm.a(*)
 libgcc.a(*)

.ARM.attributes
                0x00000000       0x30
 *(.ARM.attributes)
 .ARM.attributes
                0x00000000       0x22 D:/STM32CubeIDE_1.15.0/STM32CubeIDE/plugins/com.st.stm32cube.ide.mcu.externaltools.gnu-tools-for-stm32.12.3.rel1.win32_1.0.100.202403111256/tools/bin/../lib/gcc/arm-none-eabi/12.3.1/thumb/v7e-m+fp/hard/crti.o
 .ARM.attributes
                0x00000022       0x34 D:/STM32CubeIDE_1.15.0/STM32CubeIDE/plugins/com.st.stm32cube.ide.mcu.externaltools.gnu-tools-for-stm32.12.3.rel1.win32_1.0.100.202403111256/tools/bin/../lib/gcc/arm-none-eabi/12.3.1/thumb/v7e-m+fp/hard/crtbegin.o
 .ARM.attributes
                0x00000056       0x34 ./Core/Src/ad7606.o
 .ARM.attributes
                0x0000008a       0x34 ./Core/Src/main.o
 .ARM.attributes
                0x000000be       0x34 ./Core/Src/no_os_alloc.o
 .ARM.attributes
                0x000000f2       0x34 ./Core/Src/no_os_crc16.o
 .ARM.attributes
                0x00000126       0x34 ./Core/Src/no_os_crc8.o
 .ARM.attributes
                0x0000015a       0x34 ./Core/Src/no_os_gpio.o
 .ARM.attributes
                0x0000018e       0x34 ./Core/Src/no_os_mutex.o
 .ARM.attributes
                0x000001c2       0x34 ./Core/Src/no_os_spi.o
 .ARM.attributes
                0x000001f6       0x34 ./Core/Src/no_os_util.o
 .ARM.attributes
                0x0000022a       0x34 ./Core/Src/stm32_delay.o
 .ARM.attributes
                0x0000025e       0x34 ./Core/Src/stm32_gpio.o
 .ARM.attributes
                0x00000292       0x34 ./Core/Src/stm32f4xx_hal_msp.o
 .ARM.attributes
                0x000002c6       0x34 ./Core/Src/stm32f4xx_it.o
 .ARM.attributes
                0x000002fa       0x34 ./Core/Src/syscalls.o
 .ARM.attributes
                0x0000032e       0x34 ./Core/Src/sysmem.o
 .ARM.attributes
                0x00000362       0x34 ./Core/Src/system_stm32f4xx.o
 .ARM.attributes
                0x00000396       0x21 ./Core/Startup/startup_stm32f401retx.o
 .ARM.attributes
                0x000003b7       0x34 ./Drivers/STM32F4xx_HAL_Driver/Src/stm32f4xx_hal.o
 .ARM.attributes
                0x000003eb       0x34 ./Drivers/STM32F4xx_HAL_Driver/Src/stm32f4xx_hal_cortex.o
 .ARM.attributes
                0x0000041f       0x34 ./Drivers/STM32F4xx_HAL_Driver/Src/stm32f4xx_hal_dma.o
 .ARM.attributes
                0x00000453       0x34 ./Drivers/STM32F4xx_HAL_Driver/Src/stm32f4xx_hal_gpio.o
 .ARM.attributes
                0x00000487       0x34 ./Drivers/STM32F4xx_HAL_Driver/Src/stm32f4xx_hal_rcc.o
 .ARM.attributes
                0x000004bb       0x34 ./Drivers/STM32F4xx_HAL_Driver/Src/stm32f4xx_hal_spi.o
 .ARM.attributes
                0x000004ef       0x34 ./Drivers/STM32F4xx_HAL_Driver/Src/stm32f4xx_hal_tim.o
 .ARM.attributes
                0x00000523       0x34 ./Drivers/STM32F4xx_HAL_Driver/Src/stm32f4xx_hal_tim_ex.o
 .ARM.attributes
                0x00000557       0x34 ./Drivers/STM32F4xx_HAL_Driver/Src/stm32f4xx_hal_uart.o
 .ARM.attributes
                0x0000058b       0x34 D:/STM32CubeIDE_1.15.0/STM32CubeIDE/plugins/com.st.stm32cube.ide.mcu.externaltools.gnu-tools-for-stm32.12.3.rel1.win32_1.0.100.202403111256/tools/bin/../lib/gcc/arm-none-eabi/12.3.1/../../../../arm-none-eabi/lib/thumb/v7e-m+fp/hard\libc_nano.a(libc_a-calloc.o)
 .ARM.attributes
                0x000005bf       0x34 D:/STM32CubeIDE_1.15.0/STM32CubeIDE/plugins/com.st.stm32cube.ide.mcu.externaltools.gnu-tools-for-stm32.12.3.rel1.win32_1.0.100.202403111256/tools/bin/../lib/gcc/arm-none-eabi/12.3.1/../../../../arm-none-eabi/lib/thumb/v7e-m+fp/hard\libc_nano.a(libc_a-callocr.o)
 .ARM.attributes
                0x000005f3       0x34 D:/STM32CubeIDE_1.15.0/STM32CubeIDE/plugins/com.st.stm32cube.ide.mcu.externaltools.gnu-tools-for-stm32.12.3.rel1.win32_1.0.100.202403111256/tools/bin/../lib/gcc/arm-none-eabi/12.3.1/../../../../arm-none-eabi/lib/thumb/v7e-m+fp/hard\libc_nano.a(libc_a-malloc.o)
 .ARM.attributes
                0x00000627       0x34 D:/STM32CubeIDE_1.15.0/STM32CubeIDE/plugins/com.st.stm32cube.ide.mcu.externaltools.gnu-tools-for-stm32.12.3.rel1.win32_1.0.100.202403111256/tools/bin/../lib/gcc/arm-none-eabi/12.3.1/../../../../arm-none-eabi/lib/thumb/v7e-m+fp/hard\libc_nano.a(libc_a-mallocr.o)
 .ARM.attributes
                0x0000065b       0x34 D:/STM32CubeIDE_1.15.0/STM32CubeIDE/plugins/com.st.stm32cube.ide.mcu.externaltools.gnu-tools-for-stm32.12.3.rel1.win32_1.0.100.202403111256/tools/bin/../lib/gcc/arm-none-eabi/12.3.1/../../../../arm-none-eabi/lib/thumb/v7e-m+fp/hard\libc_nano.a(libc_a-mlock.o)
 .ARM.attributes
                0x0000068f       0x34 D:/STM32CubeIDE_1.15.0/STM32CubeIDE/plugins/com.st.stm32cube.ide.mcu.externaltools.gnu-tools-for-stm32.12.3.rel1.win32_1.0.100.202403111256/tools/bin/../lib/gcc/arm-none-eabi/12.3.1/../../../../arm-none-eabi/lib/thumb/v7e-m+fp/hard\libc_nano.a(libc_a-findfp.o)
 .ARM.attributes
                0x000006c3       0x34 D:/STM32CubeIDE_1.15.0/STM32CubeIDE/plugins/com.st.stm32cube.ide.mcu.externaltools.gnu-tools-for-stm32.12.3.rel1.win32_1.0.100.202403111256/tools/bin/../lib/gcc/arm-none-eabi/12.3.1/../../../../arm-none-eabi/lib/thumb/v7e-m+fp/hard\libc_nano.a(libc_a-fwalk.o)
 .ARM.attributes
                0x000006f7       0x34 D:/STM32CubeIDE_1.15.0/STM32CubeIDE/plugins/com.st.stm32cube.ide.mcu.externaltools.gnu-tools-for-stm32.12.3.rel1.win32_1.0.100.202403111256/tools/bin/../lib/gcc/arm-none-eabi/12.3.1/../../../../arm-none-eabi/lib/thumb/v7e-m+fp/hard\libc_nano.a(libc_a-printf.o)
 .ARM.attributes
                0x0000072b       0x34 D:/STM32CubeIDE_1.15.0/STM32CubeIDE/plugins/com.st.stm32cube.ide.mcu.externaltools.gnu-tools-for-stm32.12.3.rel1.win32_1.0.100.202403111256/tools/bin/../lib/gcc/arm-none-eabi/12.3.1/../../../../arm-none-eabi/lib/thumb/v7e-m+fp/hard\libc_nano.a(libc_a-puts.o)
 .ARM.attributes
                0x0000075f       0x34 D:/STM32CubeIDE_1.15.0/STM32CubeIDE/plugins/com.st.stm32cube.ide.mcu.externaltools.gnu-tools-for-stm32.12.3.rel1.win32_1.0.100.202403111256/tools/bin/../lib/gcc/arm-none-eabi/12.3.1/../../../../arm-none-eabi/lib/thumb/v7e-m+fp/hard\libc_nano.a(libc_a-stdio.o)
 .ARM.attributes
                0x00000793       0x34 D:/STM32CubeIDE_1.15.0/STM32CubeIDE/plugins/com.st.stm32cube.ide.mcu.externaltools.gnu-tools-for-stm32.12.3.rel1.win32_1.0.100.202403111256/tools/bin/../lib/gcc/arm-none-eabi/12.3.1/../../../../arm-none-eabi/lib/thumb/v7e-m+fp/hard\libc_nano.a(libc_a-wbuf.o)
 .ARM.attributes
                0x000007c7       0x34 D:/STM32CubeIDE_1.15.0/STM32CubeIDE/plugins/com.st.stm32cube.ide.mcu.externaltools.gnu-tools-for-stm32.12.3.rel1.win32_1.0.100.202403111256/tools/bin/../lib/gcc/arm-none-eabi/12.3.1/../../../../arm-none-eabi/lib/thumb/v7e-m+fp/hard\libc_nano.a(libc_a-wsetup.o)
 .ARM.attributes
                0x000007fb       0x34 D:/STM32CubeIDE_1.15.0/STM32CubeIDE/plugins/com.st.stm32cube.ide.mcu.externaltools.gnu-tools-for-stm32.12.3.rel1.win32_1.0.100.202403111256/tools/bin/../lib/gcc/arm-none-eabi/12.3.1/../../../../arm-none-eabi/lib/thumb/v7e-m+fp/hard\libc_nano.a(libc_a-memset.o)
 .ARM.attributes
                0x0000082f       0x34 D:/STM32CubeIDE_1.15.0/STM32CubeIDE/plugins/com.st.stm32cube.ide.mcu.externaltools.gnu-tools-for-stm32.12.3.rel1.win32_1.0.100.202403111256/tools/bin/../lib/gcc/arm-none-eabi/12.3.1/../../../../arm-none-eabi/lib/thumb/v7e-m+fp/hard\libc_nano.a(libc_a-closer.o)
 .ARM.attributes
                0x00000863       0x34 D:/STM32CubeIDE_1.15.0/STM32CubeIDE/plugins/com.st.stm32cube.ide.mcu.externaltools.gnu-tools-for-stm32.12.3.rel1.win32_1.0.100.202403111256/tools/bin/../lib/gcc/arm-none-eabi/12.3.1/../../../../arm-none-eabi/lib/thumb/v7e-m+fp/hard\libc_nano.a(libc_a-reent.o)
 .ARM.attributes
                0x00000897       0x34 D:/STM32CubeIDE_1.15.0/STM32CubeIDE/plugins/com.st.stm32cube.ide.mcu.externaltools.gnu-tools-for-stm32.12.3.rel1.win32_1.0.100.202403111256/tools/bin/../lib/gcc/arm-none-eabi/12.3.1/../../../../arm-none-eabi/lib/thumb/v7e-m+fp/hard\libc_nano.a(libc_a-impure.o)
 .ARM.attributes
                0x000008cb       0x34 D:/STM32CubeIDE_1.15.0/STM32CubeIDE/plugins/com.st.stm32cube.ide.mcu.externaltools.gnu-tools-for-stm32.12.3.rel1.win32_1.0.100.202403111256/tools/bin/../lib/gcc/arm-none-eabi/12.3.1/../../../../arm-none-eabi/lib/thumb/v7e-m+fp/hard\libc_nano.a(libc_a-lseekr.o)
 .ARM.attributes
                0x000008ff       0x34 D:/STM32CubeIDE_1.15.0/STM32CubeIDE/plugins/com.st.stm32cube.ide.mcu.externaltools.gnu-tools-for-stm32.12.3.rel1.win32_1.0.100.202403111256/tools/bin/../lib/gcc/arm-none-eabi/12.3.1/../../../../arm-none-eabi/lib/thumb/v7e-m+fp/hard\libc_nano.a(libc_a-readr.o)
 .ARM.attributes
                0x00000933       0x34 D:/STM32CubeIDE_1.15.0/STM32CubeIDE/plugins/com.st.stm32cube.ide.mcu.externaltools.gnu-tools-for-stm32.12.3.rel1.win32_1.0.100.202403111256/tools/bin/../lib/gcc/arm-none-eabi/12.3.1/../../../../arm-none-eabi/lib/thumb/v7e-m+fp/hard\libc_nano.a(libc_a-sbrkr.o)
 .ARM.attributes
                0x00000967       0x34 D:/STM32CubeIDE_1.15.0/STM32CubeIDE/plugins/com.st.stm32cube.ide.mcu.externaltools.gnu-tools-for-stm32.12.3.rel1.win32_1.0.100.202403111256/tools/bin/../lib/gcc/arm-none-eabi/12.3.1/../../../../arm-none-eabi/lib/thumb/v7e-m+fp/hard\libc_nano.a(libc_a-writer.o)
 .ARM.attributes
                0x0000099b       0x34 D:/STM32CubeIDE_1.15.0/STM32CubeIDE/plugins/com.st.stm32cube.ide.mcu.externaltools.gnu-tools-for-stm32.12.3.rel1.win32_1.0.100.202403111256/tools/bin/../lib/gcc/arm-none-eabi/12.3.1/../../../../arm-none-eabi/lib/thumb/v7e-m+fp/hard\libc_nano.a(libc_a-errno.o)
 .ARM.attributes
                0x000009cf       0x34 D:/STM32CubeIDE_1.15.0/STM32CubeIDE/plugins/com.st.stm32cube.ide.mcu.externaltools.gnu-tools-for-stm32.12.3.rel1.win32_1.0.100.202403111256/tools/bin/../lib/gcc/arm-none-eabi/12.3.1/../../../../arm-none-eabi/lib/thumb/v7e-m+fp/hard\libc_nano.a(libc_a-init.o)
 .ARM.attributes
                0x00000a03       0x34 D:/STM32CubeIDE_1.15.0/STM32CubeIDE/plugins/com.st.stm32cube.ide.mcu.externaltools.gnu-tools-for-stm32.12.3.rel1.win32_1.0.100.202403111256/tools/bin/../lib/gcc/arm-none-eabi/12.3.1/../../../../arm-none-eabi/lib/thumb/v7e-m+fp/hard\libc_nano.a(libc_a-lock.o)
 .ARM.attributes
                0x00000a37       0x34 D:/STM32CubeIDE_1.15.0/STM32CubeIDE/plugins/com.st.stm32cube.ide.mcu.externaltools.gnu-tools-for-stm32.12.3.rel1.win32_1.0.100.202403111256/tools/bin/../lib/gcc/arm-none-eabi/12.3.1/../../../../arm-none-eabi/lib/thumb/v7e-m+fp/hard\libc_nano.a(libc_a-freer.o)
 .ARM.attributes
                0x00000a6b       0x34 D:/STM32CubeIDE_1.15.0/STM32CubeIDE/plugins/com.st.stm32cube.ide.mcu.externaltools.gnu-tools-for-stm32.12.3.rel1.win32_1.0.100.202403111256/tools/bin/../lib/gcc/arm-none-eabi/12.3.1/../../../../arm-none-eabi/lib/thumb/v7e-m+fp/hard\libc_nano.a(libc_a-nano-vfprintf.o)
 .ARM.attributes
                0x00000a9f       0x34 D:/STM32CubeIDE_1.15.0/STM32CubeIDE/plugins/com.st.stm32cube.ide.mcu.externaltools.gnu-tools-for-stm32.12.3.rel1.win32_1.0.100.202403111256/tools/bin/../lib/gcc/arm-none-eabi/12.3.1/../../../../arm-none-eabi/lib/thumb/v7e-m+fp/hard\libc_nano.a(libc_a-nano-vfprintf_i.o)
 .ARM.attributes
                0x00000ad3       0x34 D:/STM32CubeIDE_1.15.0/STM32CubeIDE/plugins/com.st.stm32cube.ide.mcu.externaltools.gnu-tools-for-stm32.12.3.rel1.win32_1.0.100.202403111256/tools/bin/../lib/gcc/arm-none-eabi/12.3.1/../../../../arm-none-eabi/lib/thumb/v7e-m+fp/hard\libc_nano.a(libc_a-fflush.o)
 .ARM.attributes
                0x00000b07       0x34 D:/STM32CubeIDE_1.15.0/STM32CubeIDE/plugins/com.st.stm32cube.ide.mcu.externaltools.gnu-tools-for-stm32.12.3.rel1.win32_1.0.100.202403111256/tools/bin/../lib/gcc/arm-none-eabi/12.3.1/../../../../arm-none-eabi/lib/thumb/v7e-m+fp/hard\libc_nano.a(libc_a-makebuf.o)
 .ARM.attributes
                0x00000b3b       0x34 D:/STM32CubeIDE_1.15.0/STM32CubeIDE/plugins/com.st.stm32cube.ide.mcu.externaltools.gnu-tools-for-stm32.12.3.rel1.win32_1.0.100.202403111256/tools/bin/../lib/gcc/arm-none-eabi/12.3.1/../../../../arm-none-eabi/lib/thumb/v7e-m+fp/hard\libc_nano.a(libc_a-fstatr.o)
 .ARM.attributes
                0x00000b6f       0x34 D:/STM32CubeIDE_1.15.0/STM32CubeIDE/plugins/com.st.stm32cube.ide.mcu.externaltools.gnu-tools-for-stm32.12.3.rel1.win32_1.0.100.202403111256/tools/bin/../lib/gcc/arm-none-eabi/12.3.1/../../../../arm-none-eabi/lib/thumb/v7e-m+fp/hard\libc_nano.a(libc_a-isattyr.o)
 .ARM.attributes
                0x00000ba3       0x1c D:/STM32CubeIDE_1.15.0/STM32CubeIDE/plugins/com.st.stm32cube.ide.mcu.externaltools.gnu-tools-for-stm32.12.3.rel1.win32_1.0.100.202403111256/tools/bin/../lib/gcc/arm-none-eabi/12.3.1/../../../../arm-none-eabi/lib/thumb/v7e-m+fp/hard\libc_nano.a(libc_a-memchr.o)
 .ARM.attributes
                0x00000bbf       0x22 D:/STM32CubeIDE_1.15.0/STM32CubeIDE/plugins/com.st.stm32cube.ide.mcu.externaltools.gnu-tools-for-stm32.12.3.rel1.win32_1.0.100.202403111256/tools/bin/../lib/gcc/arm-none-eabi/12.3.1/thumb/v7e-m+fp/hard\libgcc.a(_aeabi_uldivmod.o)
 .ARM.attributes
                0x00000be1       0x34 D:/STM32CubeIDE_1.15.0/STM32CubeIDE/plugins/com.st.stm32cube.ide.mcu.externaltools.gnu-tools-for-stm32.12.3.rel1.win32_1.0.100.202403111256/tools/bin/../lib/gcc/arm-none-eabi/12.3.1/thumb/v7e-m+fp/hard\libgcc.a(_udivmoddi4.o)
 .ARM.attributes
                0x00000c15       0x22 D:/STM32CubeIDE_1.15.0/STM32CubeIDE/plugins/com.st.stm32cube.ide.mcu.externaltools.gnu-tools-for-stm32.12.3.rel1.win32_1.0.100.202403111256/tools/bin/../lib/gcc/arm-none-eabi/12.3.1/thumb/v7e-m+fp/hard\libgcc.a(_dvmd_tls.o)
 .ARM.attributes
                0x00000c37       0x22 D:/STM32CubeIDE_1.15.0/STM32CubeIDE/plugins/com.st.stm32cube.ide.mcu.externaltools.gnu-tools-for-stm32.12.3.rel1.win32_1.0.100.202403111256/tools/bin/../lib/gcc/arm-none-eabi/12.3.1/thumb/v7e-m+fp/hard/crtn.o
OUTPUT(STM32-AD7606-V2.elf elf32-littlearm)
LOAD linker stubs
LOAD D:/STM32CubeIDE_1.15.0/STM32CubeIDE/plugins/com.st.stm32cube.ide.mcu.externaltools.gnu-tools-for-stm32.12.3.rel1.win32_1.0.100.202403111256/tools/bin/../lib/gcc/arm-none-eabi/12.3.1/../../../../arm-none-eabi/lib/thumb/v7e-m+fp/hard\libc.a
LOAD D:/STM32CubeIDE_1.15.0/STM32CubeIDE/plugins/com.st.stm32cube.ide.mcu.externaltools.gnu-tools-for-stm32.12.3.rel1.win32_1.0.100.202403111256/tools/bin/../lib/gcc/arm-none-eabi/12.3.1/../../../../arm-none-eabi/lib/thumb/v7e-m+fp/hard\libm.a
LOAD D:/STM32CubeIDE_1.15.0/STM32CubeIDE/plugins/com.st.stm32cube.ide.mcu.externaltools.gnu-tools-for-stm32.12.3.rel1.win32_1.0.100.202403111256/tools/bin/../lib/gcc/arm-none-eabi/12.3.1/thumb/v7e-m+fp/hard\libgcc.a

.debug_info     0x00000000    0x13bee
 .debug_info    0x00000000     0x17ba ./Core/Src/ad7606.o
 .debug_info    0x000017ba     0x2022 ./Core/Src/main.o
 .debug_info    0x000037dc      0x14e ./Core/Src/no_os_alloc.o
 .debug_info    0x0000392a      0x1c1 ./Core/Src/no_os_crc16.o
 .debug_info    0x00003aeb      0x19f ./Core/Src/no_os_crc8.o
 .debug_info    0x00003c8a      0x404 ./Core/Src/no_os_gpio.o
 .debug_info    0x0000408e       0xc3 ./Core/Src/no_os_mutex.o
 .debug_info    0x00004151      0x705 ./Core/Src/no_os_spi.o
 .debug_info    0x00004856      0xb87 ./Core/Src/no_os_util.o
 .debug_info    0x000053dd      0x32d ./Core/Src/stm32_delay.o
 .debug_info    0x0000570a      0x9b3 ./Core/Src/stm32_gpio.o
 .debug_info    0x000060bd     0x11ca ./Core/Src/stm32f4xx_hal_msp.o
 .debug_info    0x00007287      0x9da ./Core/Src/stm32f4xx_it.o
 .debug_info    0x00007c61      0x6a3 ./Core/Src/syscalls.o
 .debug_info    0x00008304      0x168 ./Core/Src/sysmem.o
 .debug_info    0x0000846c      0x53e ./Core/Src/system_stm32f4xx.o
 .debug_info    0x000089aa       0x30 ./Core/Startup/startup_stm32f401retx.o
 .debug_info    0x000089da      0x8bb ./Drivers/STM32F4xx_HAL_Driver/Src/stm32f4xx_hal.o
 .debug_info    0x00009295      0xcc1 ./Drivers/STM32F4xx_HAL_Driver/Src/stm32f4xx_hal_cortex.o
 .debug_info    0x00009f56      0x8e6 ./Drivers/STM32F4xx_HAL_Driver/Src/stm32f4xx_hal_dma.o
 .debug_info    0x0000a83c      0x6f9 ./Drivers/STM32F4xx_HAL_Driver/Src/stm32f4xx_hal_gpio.o
 .debug_info    0x0000af35      0x8f3 ./Drivers/STM32F4xx_HAL_Driver/Src/stm32f4xx_hal_rcc.o
 .debug_info    0x0000b828     0x1606 ./Drivers/STM32F4xx_HAL_Driver/Src/stm32f4xx_hal_spi.o
 .debug_info    0x0000ce2e     0x2996 ./Drivers/STM32F4xx_HAL_Driver/Src/stm32f4xx_hal_tim.o
 .debug_info    0x0000f7c4     0x14d4 ./Drivers/STM32F4xx_HAL_Driver/Src/stm32f4xx_hal_tim_ex.o
 .debug_info    0x00010c98     0x2f56 ./Drivers/STM32F4xx_HAL_Driver/Src/stm32f4xx_hal_uart.o

.debug_abbrev   0x00000000     0x2fa3
 .debug_abbrev  0x00000000      0x292 ./Core/Src/ad7606.o
 .debug_abbrev  0x00000292      0x332 ./Core/Src/main.o
 .debug_abbrev  0x000005c4       0xed ./Core/Src/no_os_alloc.o
 .debug_abbrev  0x000006b1       0xd3 ./Core/Src/no_os_crc16.o
 .debug_abbrev  0x00000784       0xd3 ./Core/Src/no_os_crc8.o
 .debug_abbrev  0x00000857      0x107 ./Core/Src/no_os_gpio.o
 .debug_abbrev  0x0000095e       0x54 ./Core/Src/no_os_mutex.o
 .debug_abbrev  0x000009b2      0x1d3 ./Core/Src/no_os_spi.o
 .debug_abbrev  0x00000b85      0x1ef ./Core/Src/no_os_util.o
 .debug_abbrev  0x00000d74      0x190 ./Core/Src/stm32_delay.o
 .debug_abbrev  0x00000f04      0x27d ./Core/Src/stm32_gpio.o
 .debug_abbrev  0x00001181      0x1de ./Core/Src/stm32f4xx_hal_msp.o
 .debug_abbrev  0x0000135f      0x1bc ./Core/Src/stm32f4xx_it.o
 .debug_abbrev  0x0000151b      0x1b6 ./Core/Src/syscalls.o
 .debug_abbrev  0x000016d1       0xbc ./Core/Src/sysmem.o
 .debug_abbrev  0x0000178d      0x11a ./Core/Src/system_stm32f4xx.o
 .debug_abbrev  0x000018a7       0x24 ./Core/Startup/startup_stm32f401retx.o
 .debug_abbrev  0x000018cb      0x24b ./Drivers/STM32F4xx_HAL_Driver/Src/stm32f4xx_hal.o
 .debug_abbrev  0x00001b16      0x328 ./Drivers/STM32F4xx_HAL_Driver/Src/stm32f4xx_hal_cortex.o
 .debug_abbrev  0x00001e3e      0x221 ./Drivers/STM32F4xx_HAL_Driver/Src/stm32f4xx_hal_dma.o
 .debug_abbrev  0x0000205f      0x1d3 ./Drivers/STM32F4xx_HAL_Driver/Src/stm32f4xx_hal_gpio.o
 .debug_abbrev  0x00002232      0x2b5 ./Drivers/STM32F4xx_HAL_Driver/Src/stm32f4xx_hal_rcc.o
 .debug_abbrev  0x000024e7      0x280 ./Drivers/STM32F4xx_HAL_Driver/Src/stm32f4xx_hal_spi.o
 .debug_abbrev  0x00002767      0x28b ./Drivers/STM32F4xx_HAL_Driver/Src/stm32f4xx_hal_tim.o
 .debug_abbrev  0x000029f2      0x296 ./Drivers/STM32F4xx_HAL_Driver/Src/stm32f4xx_hal_tim_ex.o
 .debug_abbrev  0x00002c88      0x31b ./Drivers/STM32F4xx_HAL_Driver/Src/stm32f4xx_hal_uart.o

.debug_aranges  0x00000000     0x12c8
 .debug_aranges
                0x00000000       0xc0 ./Core/Src/ad7606.o
 .debug_aranges
                0x000000c0       0x50 ./Core/Src/main.o
 .debug_aranges
                0x00000110       0x30 ./Core/Src/no_os_alloc.o
 .debug_aranges
                0x00000140       0x28 ./Core/Src/no_os_crc16.o
 .debug_aranges
                0x00000168       0x28 ./Core/Src/no_os_crc8.o
 .debug_aranges
                0x00000190       0x58 ./Core/Src/no_os_gpio.o
 .debug_aranges
                0x000001e8       0x38 ./Core/Src/no_os_mutex.o
 .debug_aranges
                0x00000220       0x58 ./Core/Src/no_os_spi.o
 .debug_aranges
                0x00000278      0x150 ./Core/Src/no_os_util.o
 .debug_aranges
                0x000003c8       0x30 ./Core/Src/stm32_delay.o
 .debug_aranges
                0x000003f8       0x60 ./Core/Src/stm32_gpio.o
 .debug_aranges
                0x00000458       0x50 ./Core/Src/stm32f4xx_hal_msp.o
 .debug_aranges
                0x000004a8       0x78 ./Core/Src/stm32f4xx_it.o
 .debug_aranges
                0x00000520       0xa8 ./Core/Src/syscalls.o
 .debug_aranges
                0x000005c8       0x20 ./Core/Src/sysmem.o
 .debug_aranges
                0x000005e8       0x28 ./Core/Src/system_stm32f4xx.o
 .debug_aranges
                0x00000610       0x28 ./Core/Startup/startup_stm32f401retx.o
 .debug_aranges
                0x00000638       0xf0 ./Drivers/STM32F4xx_HAL_Driver/Src/stm32f4xx_hal.o
 .debug_aranges
                0x00000728      0x120 ./Drivers/STM32F4xx_HAL_Driver/Src/stm32f4xx_hal_cortex.o
 .debug_aranges
                0x00000848       0x90 ./Drivers/STM32F4xx_HAL_Driver/Src/stm32f4xx_hal_dma.o
 .debug_aranges
                0x000008d8       0x58 ./Drivers/STM32F4xx_HAL_Driver/Src/stm32f4xx_hal_gpio.o
 .debug_aranges
                0x00000930       0x88 ./Drivers/STM32F4xx_HAL_Driver/Src/stm32f4xx_hal_rcc.o
 .debug_aranges
                0x000009b8      0x1d0 ./Drivers/STM32F4xx_HAL_Driver/Src/stm32f4xx_hal_spi.o
 .debug_aranges
                0x00000b88      0x3d0 ./Drivers/STM32F4xx_HAL_Driver/Src/stm32f4xx_hal_tim.o
 .debug_aranges
                0x00000f58      0x168 ./Drivers/STM32F4xx_HAL_Driver/Src/stm32f4xx_hal_tim_ex.o
 .debug_aranges
                0x000010c0      0x208 ./Drivers/STM32F4xx_HAL_Driver/Src/stm32f4xx_hal_uart.o

.debug_rnglists
                0x00000000      0xe7f
 .debug_rnglists
                0x00000000       0x9a ./Core/Src/ad7606.o
 .debug_rnglists
                0x0000009a       0x46 ./Core/Src/main.o
 .debug_rnglists
                0x000000e0       0x1f ./Core/Src/no_os_alloc.o
 .debug_rnglists
                0x000000ff       0x19 ./Core/Src/no_os_crc16.o
 .debug_rnglists
                0x00000118       0x19 ./Core/Src/no_os_crc8.o
 .debug_rnglists
                0x00000131       0x3d ./Core/Src/no_os_gpio.o
 .debug_rnglists
                0x0000016e       0x25 ./Core/Src/no_os_mutex.o
 .debug_rnglists
                0x00000193       0x3f ./Core/Src/no_os_spi.o
 .debug_rnglists
                0x000001d2       0xf9 ./Core/Src/no_os_util.o
 .debug_rnglists
                0x000002cb       0x20 ./Core/Src/stm32_delay.o
 .debug_rnglists
                0x000002eb       0x45 ./Core/Src/stm32_gpio.o
 .debug_rnglists
                0x00000330       0x39 ./Core/Src/stm32f4xx_hal_msp.o
 .debug_rnglists
                0x00000369       0x55 ./Core/Src/stm32f4xx_it.o
 .debug_rnglists
                0x000003be       0x79 ./Core/Src/syscalls.o
 .debug_rnglists
                0x00000437       0x13 ./Core/Src/sysmem.o
 .debug_rnglists
                0x0000044a       0x1a ./Core/Src/system_stm32f4xx.o
 .debug_rnglists
                0x00000464       0x19 ./Core/Startup/startup_stm32f401retx.o
 .debug_rnglists
                0x0000047d       0xaf ./Drivers/STM32F4xx_HAL_Driver/Src/stm32f4xx_hal.o
 .debug_rnglists
                0x0000052c       0xd4 ./Drivers/STM32F4xx_HAL_Driver/Src/stm32f4xx_hal_cortex.o
 .debug_rnglists
                0x00000600       0x70 ./Drivers/STM32F4xx_HAL_Driver/Src/stm32f4xx_hal_dma.o
 .debug_rnglists
                0x00000670       0x3f ./Drivers/STM32F4xx_HAL_Driver/Src/stm32f4xx_hal_gpio.o
 .debug_rnglists
                0x000006af       0x66 ./Drivers/STM32F4xx_HAL_Driver/Src/stm32f4xx_hal_rcc.o
 .debug_rnglists
                0x00000715      0x16f ./Drivers/STM32F4xx_HAL_Driver/Src/stm32f4xx_hal_spi.o
 .debug_rnglists
                0x00000884      0x31a ./Drivers/STM32F4xx_HAL_Driver/Src/stm32f4xx_hal_tim.o
 .debug_rnglists
                0x00000b9e      0x125 ./Drivers/STM32F4xx_HAL_Driver/Src/stm32f4xx_hal_tim_ex.o
 .debug_rnglists
                0x00000cc3      0x1bc ./Drivers/STM32F4xx_HAL_Driver/Src/stm32f4xx_hal_uart.o

.debug_macro    0x00000000    0x18efb
 .debug_macro   0x00000000      0x247 ./Core/Src/ad7606.o
 .debug_macro   0x00000247      0xab4 ./Core/Src/ad7606.o
 .debug_macro   0x00000cfb       0x22 ./Core/Src/ad7606.o
 .debug_macro   0x00000d1d       0x5b ./Core/Src/ad7606.o
 .debug_macro   0x00000d78       0x2a ./Core/Src/ad7606.o
 .debug_macro   0x00000da2       0x94 ./Core/Src/ad7606.o
 .debug_macro   0x00000e36       0x43 ./Core/Src/ad7606.o
 .debug_macro   0x00000e79       0x34 ./Core/Src/ad7606.o
 .debug_macro   0x00000ead       0x16 ./Core/Src/ad7606.o
 .debug_macro   0x00000ec3       0x57 ./Core/Src/ad7606.o
 .debug_macro   0x00000f1a       0x9e ./Core/Src/ad7606.o
 .debug_macro   0x00000fb8      0x369 ./Core/Src/ad7606.o
 .debug_macro   0x00001321      0x10b ./Core/Src/ad7606.o
 .debug_macro   0x0000142c       0x10 ./Core/Src/ad7606.o
 .debug_macro   0x0000143c       0x16 ./Core/Src/ad7606.o
 .debug_macro   0x00001452       0x43 ./Core/Src/ad7606.o
 .debug_macro   0x00001495       0x34 ./Core/Src/ad7606.o
 .debug_macro   0x000014c9       0x10 ./Core/Src/ad7606.o
 .debug_macro   0x000014d9       0x58 ./Core/Src/ad7606.o
 .debug_macro   0x00001531       0x8e ./Core/Src/ad7606.o
 .debug_macro   0x000015bf       0x1c ./Core/Src/ad7606.o
 .debug_macro   0x000015db      0x177 ./Core/Src/ad7606.o
 .debug_macro   0x00001752       0x16 ./Core/Src/ad7606.o
 .debug_macro   0x00001768       0x16 ./Core/Src/ad7606.o
 .debug_macro   0x0000177e      0x146 ./Core/Src/ad7606.o
 .debug_macro   0x000018c4       0x16 ./Core/Src/ad7606.o
 .debug_macro   0x000018da       0x35 ./Core/Src/ad7606.o
 .debug_macro   0x0000190f       0x16 ./Core/Src/ad7606.o
 .debug_macro   0x00001925       0x29 ./Core/Src/ad7606.o
 .debug_macro   0x0000194e       0x22 ./Core/Src/ad7606.o
 .debug_macro   0x00001970       0x16 ./Core/Src/ad7606.o
 .debug_macro   0x00001986       0x20 ./Core/Src/ad7606.o
 .debug_macro   0x000019a6       0x10 ./Core/Src/ad7606.o
 .debug_macro   0x000019b6      0x242 ./Core/Src/ad7606.o
 .debug_macro   0x00001bf8      0x103 ./Core/Src/ad7606.o
 .debug_macro   0x00001cfb       0x6a ./Core/Src/ad7606.o
 .debug_macro   0x00001d65      0x1df ./Core/Src/ad7606.o
 .debug_macro   0x00001f44       0x16 ./Core/Src/ad7606.o
 .debug_macro   0x00001f5a       0x1c ./Core/Src/ad7606.o
 .debug_macro   0x00001f76       0xa6 ./Core/Src/ad7606.o
 .debug_macro   0x0000201c      0x12a ./Core/Src/ad7606.o
 .debug_macro   0x00002146       0x1c ./Core/Src/ad7606.o
 .debug_macro   0x00002162       0x10 ./Core/Src/ad7606.o
 .debug_macro   0x00002172       0x10 ./Core/Src/ad7606.o
 .debug_macro   0x00002182       0x10 ./Core/Src/ad7606.o
 .debug_macro   0x00002192      0x30e ./Core/Src/main.o
 .debug_macro   0x000024a0      0x2a1 ./Core/Src/main.o
 .debug_macro   0x00002741       0x2e ./Core/Src/main.o
 .debug_macro   0x0000276f       0x28 ./Core/Src/main.o
 .debug_macro   0x00002797       0x8e ./Core/Src/main.o
 .debug_macro   0x00002825       0x51 ./Core/Src/main.o
 .debug_macro   0x00002876       0x1c ./Core/Src/main.o
 .debug_macro   0x00002892       0x22 ./Core/Src/main.o
 .debug_macro   0x000028b4       0xfb ./Core/Src/main.o
 .debug_macro   0x000029af     0x1011 ./Core/Src/main.o
 .debug_macro   0x000039c0      0x11f ./Core/Src/main.o
 .debug_macro   0x00003adf     0xb86c ./Core/Src/main.o
 .debug_macro   0x0000f34b       0x6d ./Core/Src/main.o
 .debug_macro   0x0000f3b8     0x368c ./Core/Src/main.o
 .debug_macro   0x00012a44      0x189 ./Core/Src/main.o
 .debug_macro   0x00012bcd       0x5c ./Core/Src/main.o
 .debug_macro   0x00012c29      0x416 ./Core/Src/main.o
 .debug_macro   0x0001303f      0x9e9 ./Core/Src/main.o
 .debug_macro   0x00013a28      0x115 ./Core/Src/main.o
 .debug_macro   0x00013b3d       0xf8 ./Core/Src/main.o
 .debug_macro   0x00013c35       0xa5 ./Core/Src/main.o
 .debug_macro   0x00013cda      0x15f ./Core/Src/main.o
 .debug_macro   0x00013e39      0x287 ./Core/Src/main.o
 .debug_macro   0x000140c0       0x5f ./Core/Src/main.o
 .debug_macro   0x0001411f      0x236 ./Core/Src/main.o
 .debug_macro   0x00014355      0x132 ./Core/Src/main.o
 .debug_macro   0x00014487      0x264 ./Core/Src/main.o
 .debug_macro   0x000146eb       0x2e ./Core/Src/main.o
 .debug_macro   0x00014719      0x127 ./Core/Src/main.o
 .debug_macro   0x00014840       0x85 ./Core/Src/main.o
 .debug_macro   0x000148c5       0x89 ./Core/Src/main.o
 .debug_macro   0x0001494e      0x225 ./Core/Src/main.o
 .debug_macro   0x00014b73      0x8ed ./Core/Src/main.o
 .debug_macro   0x00015460       0x47 ./Core/Src/main.o
 .debug_macro   0x000154a7      0x2aa ./Core/Src/main.o
 .debug_macro   0x00015751      0x126 ./Core/Src/main.o
 .debug_macro   0x00015877       0x5e ./Core/Src/main.o
 .debug_macro   0x000158d5       0x61 ./Core/Src/main.o
 .debug_macro   0x00015936       0xa0 ./Core/Src/main.o
 .debug_macro   0x000159d6      0x14d ./Core/Src/no_os_alloc.o
 .debug_macro   0x00015b23       0x7b ./Core/Src/no_os_crc16.o
 .debug_macro   0x00015b9e       0x7b ./Core/Src/no_os_crc8.o
 .debug_macro   0x00015c19      0x17a ./Core/Src/no_os_gpio.o
 .debug_macro   0x00015d93       0x3a ./Core/Src/no_os_gpio.o
 .debug_macro   0x00015dcd       0x89 ./Core/Src/no_os_gpio.o
 .debug_macro   0x00015e56      0x460 ./Core/Src/no_os_gpio.o
 .debug_macro   0x000162b6       0xa5 ./Core/Src/no_os_gpio.o
 .debug_macro   0x0001635b       0x94 ./Core/Src/no_os_gpio.o
 .debug_macro   0x000163ef       0x16 ./Core/Src/no_os_gpio.o
 .debug_macro   0x00016405       0x1b ./Core/Src/no_os_mutex.o
 .debug_macro   0x00016420      0x1c2 ./Core/Src/no_os_spi.o
 .debug_macro   0x000165e2       0x1c ./Core/Src/no_os_spi.o
 .debug_macro   0x000165fe       0x1c ./Core/Src/no_os_spi.o
 .debug_macro   0x0001661a      0x18e ./Core/Src/no_os_util.o
 .debug_macro   0x000167a8       0x10 ./Core/Src/no_os_util.o
 .debug_macro   0x000167b8      0x20a ./Core/Src/stm32_delay.o
 .debug_macro   0x000169c2      0x332 ./Core/Src/stm32_gpio.o
 .debug_macro   0x00016cf4      0x11c ./Core/Src/stm32_gpio.o
 .debug_macro   0x00016e10       0x56 ./Core/Src/stm32_gpio.o
 .debug_macro   0x00016e66      0x1e7 ./Core/Src/stm32f4xx_hal_msp.o
 .debug_macro   0x0001704d      0x1f1 ./Core/Src/stm32f4xx_it.o
 .debug_macro   0x0001723e      0x274 ./Core/Src/syscalls.o
 .debug_macro   0x000174b2       0x10 ./Core/Src/syscalls.o
 .debug_macro   0x000174c2       0x10 ./Core/Src/syscalls.o
 .debug_macro   0x000174d2       0x10 ./Core/Src/syscalls.o
 .debug_macro   0x000174e2       0x10 ./Core/Src/syscalls.o
 .debug_macro   0x000174f2       0x1c ./Core/Src/syscalls.o
 .debug_macro   0x0001750e       0x52 ./Core/Src/syscalls.o
 .debug_macro   0x00017560       0x22 ./Core/Src/syscalls.o
 .debug_macro   0x00017582       0x10 ./Core/Src/syscalls.o
 .debug_macro   0x00017592       0x52 ./Core/Src/syscalls.o
 .debug_macro   0x000175e4       0xcf ./Core/Src/syscalls.o
 .debug_macro   0x000176b3       0x1c ./Core/Src/syscalls.o
 .debug_macro   0x000176cf       0x3d ./Core/Src/syscalls.o
 .debug_macro   0x0001770c       0x35 ./Core/Src/syscalls.o
 .debug_macro   0x00017741      0x12c ./Core/Src/syscalls.o
 .debug_macro   0x0001786d       0x10 ./Core/Src/syscalls.o
 .debug_macro   0x0001787d      0x18a ./Core/Src/syscalls.o
 .debug_macro   0x00017a07       0x16 ./Core/Src/syscalls.o
 .debug_macro   0x00017a1d       0xce ./Core/Src/syscalls.o
 .debug_macro   0x00017aeb       0xff ./Core/Src/sysmem.o
 .debug_macro   0x00017bea      0x1d8 ./Core/Src/system_stm32f4xx.o
 .debug_macro   0x00017dc2      0x238 ./Drivers/STM32F4xx_HAL_Driver/Src/stm32f4xx_hal.o
 .debug_macro   0x00017ffa      0x1d8 ./Drivers/STM32F4xx_HAL_Driver/Src/stm32f4xx_hal_cortex.o
 .debug_macro   0x000181d2      0x1de ./Drivers/STM32F4xx_HAL_Driver/Src/stm32f4xx_hal_dma.o
 .debug_macro   0x000183b0      0x1de ./Drivers/STM32F4xx_HAL_Driver/Src/stm32f4xx_hal_gpio.o
 .debug_macro   0x0001858e      0x1fc ./Drivers/STM32F4xx_HAL_Driver/Src/stm32f4xx_hal_rcc.o
 .debug_macro   0x0001878a      0x1e7 ./Drivers/STM32F4xx_HAL_Driver/Src/stm32f4xx_hal_spi.o
 .debug_macro   0x00018971      0x1d9 ./Drivers/STM32F4xx_HAL_Driver/Src/stm32f4xx_hal_tim.o
 .debug_macro   0x00018b4a      0x1d8 ./Drivers/STM32F4xx_HAL_Driver/Src/stm32f4xx_hal_tim_ex.o
 .debug_macro   0x00018d22      0x1d9 ./Drivers/STM32F4xx_HAL_Driver/Src/stm32f4xx_hal_uart.o

.debug_line     0x00000000    0x15ce8
 .debug_line    0x00000000     0x13aa ./Core/Src/ad7606.o
 .debug_line    0x000013aa      0xb2a ./Core/Src/main.o
 .debug_line    0x00001ed4      0x5a6 ./Core/Src/no_os_alloc.o
 .debug_line    0x0000247a      0x4bd ./Core/Src/no_os_crc16.o
 .debug_line    0x00002937      0x4af ./Core/Src/no_os_crc8.o
 .debug_line    0x00002de6      0x7b1 ./Core/Src/no_os_gpio.o
 .debug_line    0x00003597       0xa8 ./Core/Src/no_os_mutex.o
 .debug_line    0x0000363f      0x8d9 ./Core/Src/no_os_spi.o
 .debug_line    0x00003f18      0xc3c ./Core/Src/no_os_util.o
 .debug_line    0x00004b54      0x85c ./Core/Src/stm32_delay.o
 .debug_line    0x000053b0      0xbdd ./Core/Src/stm32_gpio.o
 .debug_line    0x00005f8d      0x832 ./Core/Src/stm32f4xx_hal_msp.o
 .debug_line    0x000067bf      0x864 ./Core/Src/stm32f4xx_it.o
 .debug_line    0x00007023      0x8a3 ./Core/Src/syscalls.o
 .debug_line    0x000078c6      0x574 ./Core/Src/sysmem.o
 .debug_line    0x00007e3a      0x7de ./Core/Src/system_stm32f4xx.o
 .debug_line    0x00008618       0x7a ./Core/Startup/startup_stm32f401retx.o