Archive member included to satisfy reference by file (symbol)

D:/STM32CubeIDE_1.15.0/STM32CubeIDE/plugins/com.st.stm32cube.ide.mcu.externaltools.gnu-tools-for-stm32.12.3.rel1.win32_1.0.100.202403111256/tools/bin/../lib/gcc/arm-none-eabi/12.3.1/../../../../arm-none-eabi/lib/thumb/v7e-m+fp/hard\libc_nano.a(libc_a-calloc.o)
                              ./Core/Src/no_os_alloc.o (calloc)
D:/STM32CubeIDE_1.15.0/STM32CubeIDE/plugins/com.st.stm32cube.ide.mcu.externaltools.gnu-tools-for-stm32.12.3.rel1.win32_1.0.100.202403111256/tools/bin/../lib/gcc/arm-none-eabi/12.3.1/../../../../arm-none-eabi/lib/thumb/v7e-m+fp/hard\libc_nano.a(libc_a-callocr.o)
                              D:/STM32CubeIDE_1.15.0/STM32CubeIDE/plugins/com.st.stm32cube.ide.mcu.externaltools.gnu-tools-for-stm32.12.3.rel1.win32_1.0.100.202403111256/tools/bin/../lib/gcc/arm-none-eabi/12.3.1/../../../../arm-none-eabi/lib/thumb/v7e-m+fp/hard\libc_nano.a(libc_a-calloc.o) (_calloc_r)
D:/STM32CubeIDE_1.15.0/STM32CubeIDE/plugins/com.st.stm32cube.ide.mcu.externaltools.gnu-tools-for-stm32.12.3.rel1.win32_1.0.100.202403111256/tools/bin/../lib/gcc/arm-none-eabi/12.3.1/../../../../arm-none-eabi/lib/thumb/v7e-m+fp/hard\libc_nano.a(libc_a-exit.o)
                              D:/STM32CubeIDE_1.15.0/STM32CubeIDE/plugins/com.st.stm32cube.ide.mcu.externaltools.gnu-tools-for-stm32.12.3.rel1.win32_1.0.100.202403111256/tools/bin/../lib/gcc/arm-none-eabi/12.3.1/../../../../arm-none-eabi/lib/thumb/v7e-m+fp/hard/crt0.o (exit)
D:/STM32CubeIDE_1.15.0/STM32CubeIDE/plugins/com.st.stm32cube.ide.mcu.externaltools.gnu-tools-for-stm32.12.3.rel1.win32_1.0.100.202403111256/tools/bin/../lib/gcc/arm-none-eabi/12.3.1/../../../../arm-none-eabi/lib/thumb/v7e-m+fp/hard\libc_nano.a(libc_a-malloc.o)
                              ./Core/Src/no_os_alloc.o (malloc)
D:/STM32CubeIDE_1.15.0/STM32CubeIDE/plugins/com.st.stm32cube.ide.mcu.externaltools.gnu-tools-for-stm32.12.3.rel1.win32_1.0.100.202403111256/tools/bin/../lib/gcc/arm-none-eabi/12.3.1/../../../../arm-none-eabi/lib/thumb/v7e-m+fp/hard\libc_nano.a(libc_a-mallocr.o)
                              D:/STM32CubeIDE_1.15.0/STM32CubeIDE/plugins/com.st.stm32cube.ide.mcu.externaltools.gnu-tools-for-stm32.12.3.rel1.win32_1.0.100.202403111256/tools/bin/../lib/gcc/arm-none-eabi/12.3.1/../../../../arm-none-eabi/lib/thumb/v7e-m+fp/hard\libc_nano.a(libc_a-callocr.o) (_malloc_r)
D:/STM32CubeIDE_1.15.0/STM32CubeIDE/plugins/com.st.stm32cube.ide.mcu.externaltools.gnu-tools-for-stm32.12.3.rel1.win32_1.0.100.202403111256/tools/bin/../lib/gcc/arm-none-eabi/12.3.1/../../../../arm-none-eabi/lib/thumb/v7e-m+fp/hard\libc_nano.a(libc_a-mlock.o)
                              D:/STM32CubeIDE_1.15.0/STM32CubeIDE/plugins/com.st.stm32cube.ide.mcu.externaltools.gnu-tools-for-stm32.12.3.rel1.win32_1.0.100.202403111256/tools/bin/../lib/gcc/arm-none-eabi/12.3.1/../../../../arm-none-eabi/lib/thumb/v7e-m+fp/hard\libc_nano.a(libc_a-mallocr.o) (__malloc_lock)
D:/STM32CubeIDE_1.15.0/STM32CubeIDE/plugins/com.st.stm32cube.ide.mcu.externaltools.gnu-tools-for-stm32.12.3.rel1.win32_1.0.100.202403111256/tools/bin/../lib/gcc/arm-none-eabi/12.3.1/../../../../arm-none-eabi/lib/thumb/v7e-m+fp/hard\libc_nano.a(libc_a-strtol.o)
                              ./Core/Src/no_os_util.o (strtol)
D:/STM32CubeIDE_1.15.0/STM32CubeIDE/plugins/com.st.stm32cube.ide.mcu.externaltools.gnu-tools-for-stm32.12.3.rel1.win32_1.0.100.202403111256/tools/bin/../lib/gcc/arm-none-eabi/12.3.1/../../../../arm-none-eabi/lib/thumb/v7e-m+fp/hard\libc_nano.a(libc_a-strtoul.o)
                              ./Core/Src/no_os_util.o (strtoul)
D:/STM32CubeIDE_1.15.0/STM32CubeIDE/plugins/com.st.stm32cube.ide.mcu.externaltools.gnu-tools-for-stm32.12.3.rel1.win32_1.0.100.202403111256/tools/bin/../lib/gcc/arm-none-eabi/12.3.1/../../../../arm-none-eabi/lib/thumb/v7e-m+fp/hard\libc_nano.a(libc_a-ctype_.o)
                              D:/STM32CubeIDE_1.15.0/STM32CubeIDE/plugins/com.st.stm32cube.ide.mcu.externaltools.gnu-tools-for-stm32.12.3.rel1.win32_1.0.100.202403111256/tools/bin/../lib/gcc/arm-none-eabi/12.3.1/../../../../arm-none-eabi/lib/thumb/v7e-m+fp/hard\libc_nano.a(libc_a-strtol.o) (_ctype_)
D:/STM32CubeIDE_1.15.0/STM32CubeIDE/plugins/com.st.stm32cube.ide.mcu.externaltools.gnu-tools-for-stm32.12.3.rel1.win32_1.0.100.202403111256/tools/bin/../lib/gcc/arm-none-eabi/12.3.1/../../../../arm-none-eabi/lib/thumb/v7e-m+fp/hard\libc_nano.a(libc_a-findfp.o)
                              D:/STM32CubeIDE_1.15.0/STM32CubeIDE/plugins/com.st.stm32cube.ide.mcu.externaltools.gnu-tools-for-stm32.12.3.rel1.win32_1.0.100.202403111256/tools/bin/../lib/gcc/arm-none-eabi/12.3.1/../../../../arm-none-eabi/lib/thumb/v7e-m+fp/hard\libc_nano.a(libc_a-exit.o) (__stdio_exit_handler)
D:/STM32CubeIDE_1.15.0/STM32CubeIDE/plugins/com.st.stm32cube.ide.mcu.externaltools.gnu-tools-for-stm32.12.3.rel1.win32_1.0.100.202403111256/tools/bin/../lib/gcc/arm-none-eabi/12.3.1/../../../../arm-none-eabi/lib/thumb/v7e-m+fp/hard\libc_nano.a(libc_a-fwalk.o)
[...]
Memory Configuration

Name             Origin             Length             Attributes
RAM              0x20000000         0x00018000         xrw
FLASH            0x08000000         0x00080000         xr
*default*        0x00000000         0xffffffff

Linker script and memory map

LOAD D:/STM32CubeIDE_1.15.0/STM32CubeIDE/plugins/com.st.stm32cube.ide.mcu.externaltools.gnu-tools-for-stm32.12.3.rel1.win32_1.0.100.202403111256/tools/bin/../lib/gcc/arm-none-eabi/12.3.1/thumb/v7e-m+fp/hard/crti.o
LOAD D:/STM32CubeIDE_1.15.0/STM32CubeIDE/plugins/com.st.stm32cube.ide.mcu.externaltools.gnu-tools-for-stm32.12.3.rel1.win32_1.0.100.202403111256/tools/bin/../lib/gcc/arm-none-eabi/12.3.1/thumb/v7e-m+fp/hard/crtbegin.o
LOAD D:/STM32CubeIDE_1.15.0/STM32CubeIDE/plugins/com.st.stm32cube.ide.mcu.externaltools.gnu-tools-for-stm32.12.3.rel1.win32_1.0.100.202403111256/tools/bin/../lib/gcc/arm-none-eabi/12.3.1/../../../../arm-none-eabi/lib/thumb/v7e-m+fp/hard/crt0.o
LOAD ./Core/Src/ad7606.o
LOAD ./Core/Src/main.o
LOAD ./Core/Src/no_os_alloc.o
LOAD ./Core/Src/no_os_clk.o
LOAD ./Core/Src/no_os_crc16.o
LOAD ./Core/Src/no_os_crc24.o
LOAD ./Core/Src/no_os_crc8.o
LOAD ./Core/Src/no_os_eeprom.o
LOAD ./Core/Src/no_os_fifo.o
LOAD ./Core/Src/no_os_gpio.o
LOAD ./Core/Src/no_os_list.o
LOAD ./Core/Src/no_os_mutex.o
LOAD ./Core/Src/no_os_spi.o
LOAD ./Core/Src/no_os_timer.o
LOAD ./Core/Src/no_os_util.o
LOAD ./Core/Src/stm32_delay.o
LOAD ./Core/Src/stm32_timer.o
LOAD ./Core/Src/stm32f4xx_hal_msp.o
LOAD ./Core/Src/stm32f4xx_it.o
LOAD ./Core/Src/syscalls.o
LOAD ./Core/Src/sysmem.o
LOAD ./Core/Src/system_stm32f4xx.o
LOAD ./Core/Startup/startup_stm32f401retx.o
LOAD ./Drivers/STM32F4xx_HAL_Driver/Src/stm32f4xx_hal.o
LOAD ./Drivers/STM32F4xx_HAL_Driver/Src/stm32f4xx_hal_cortex.o
LOAD ./Drivers/STM32F4xx_HAL_Driver/Src/stm32f4xx_hal_dma.o
LOAD ./Drivers/STM32F4xx_HAL_Driver/Src/stm32f4xx_hal_dma_ex.o
LOAD ./Drivers/STM32F4xx_HAL_Driver/Src/stm32f4xx_hal_exti.o
LOAD ./Drivers/STM32F4xx_HAL_Driver/Src/stm32f4xx_hal_flash.o
LOAD ./Drivers/STM32F4xx_HAL_Driver/Src/stm32f4xx_hal_flash_ex.o
LOAD ./Drivers/STM32F4xx_HAL_Driver/Src/stm32f4xx_hal_flash_ramfunc.o
LOAD ./Drivers/STM32F4xx_HAL_Driver/Src/stm32f4xx_hal_gpio.o
LOAD ./Drivers/STM32F4xx_HAL_Driver/Src/stm32f4xx_hal_pwr.o
LOAD ./Drivers/STM32F4xx_HAL_Driver/Src/stm32f4xx_hal_pwr_ex.o
LOAD ./Drivers/STM32F4xx_HAL_Driver/Src/stm32f4xx_hal_rcc.o
LOAD ./Drivers/STM32F4xx_HAL_Driver/Src/stm32f4xx_hal_rcc_ex.o
LOAD ./Drivers/STM32F4xx_HAL_Driver/Src/stm32f4xx_hal_spi.o
LOAD ./Drivers/STM32F4xx_HAL_Driver/Src/stm32f4xx_hal_tim.o
LOAD ./Drivers/STM32F4xx_HAL_Driver/Src/stm32f4xx_hal_tim_ex.o
LOAD ./Drivers/STM32F4xx_HAL_Driver/Src/stm32f4xx_hal_uart.o
START GROUP
LOAD D:/STM32CubeIDE_1.15.0/STM32CubeIDE/plugins/com.st.stm32cube.ide.mcu.externaltools.gnu-tools-for-stm32.12.3.rel1.win32_1.0.100.202403111256/tools/bin/../lib/gcc/arm-none-eabi/12.3.1/../../../../arm-none-eabi/lib/thumb/v7e-m+fp/hard\libc_nano.a
LOAD D:/STM32CubeIDE_1.15.0/STM32CubeIDE/plugins/com.st.stm32cube.ide.mcu.externaltools.gnu-tools-for-stm32.12.3.rel1.win32_1.0.100.202403111256/tools/bin/../lib/gcc/arm-none-eabi/12.3.1/../../../../arm-none-eabi/lib/thumb/v7e-m+fp/hard\libm.a
END GROUP
START GROUP
LOAD D:/STM32CubeIDE_1.15.0/STM32CubeIDE/plugins/com.st.stm32cube.ide.mcu.externaltools.gnu-tools-for-stm32.12.3.rel1.win32_1.0.100.202403111256/tools/bin/../lib/gcc/arm-none-eabi/12.3.1/thumb/v7e-m+fp/hard\libgcc.a
LOAD D:/STM32CubeIDE_1.15.0/STM32CubeIDE/plugins/com.st.stm32cube.ide.mcu.externaltools.gnu-tools-for-stm32.12.3.rel1.win32_1.0.100.202403111256/tools/bin/../lib/gcc/arm-none-eabi/12.3.1/../../../../arm-none-eabi/lib/thumb/v7e-m+fp/hard\libc_nano.a
END GROUP
START GROUP
LOAD D:/STM32CubeIDE_1.15.0/STM32CubeIDE/plugins/com.st.stm32cube.ide.mcu.externaltools.gnu-tools-for-stm32.12.3.rel1.win32_1.0.100.202403111256/tools/bin/../lib/gcc/arm-none-eabi/12.3.1/thumb/v7e-m+fp/hard\libgcc.a
LOAD D:/STM32CubeIDE_1.15.0/STM32CubeIDE/plugins/com.st.stm32cube.ide.mcu.externaltools.gnu-tools-for-stm32.12.3.rel1.win32_1.0.100.202403111256/tools/bin/../lib/gcc/arm-none-eabi/12.3.1/../../../../arm-none-eabi/lib/thumb/v7e-m+fp/hard\libc_nano.a
LOAD D:/STM32CubeIDE_1.15.0/STM32CubeIDE/plugins/com.st.stm32cube.ide.mcu.externaltools.gnu-tools-for-stm32.12.3.rel1.win32_1.0.100.202403111256/tools/bin/../lib/gcc/arm-none-eabi/12.3.1/../../../../arm-none-eabi/lib/thumb/v7e-m+fp/hard\libnosys.a
END GROUP
START GROUP
LOAD D:/STM32CubeIDE_1.15.0/STM32CubeIDE/plugins/com.st.stm32cube.ide.mcu.externaltools.gnu-tools-for-stm32.12.3.rel1.win32_1.0.100.202403111256/tools/bin/../lib/gcc/arm-none-eabi/12.3.1/thumb/v7e-m+fp/hard\libgcc.a
LOAD D:/STM32CubeIDE_1.15.0/STM32CubeIDE/plugins/com.st.stm32cube.ide.mcu.externaltools.gnu-tools-for-stm32.12.3.rel1.win32_1.0.100.202403111256/tools/bin/../lib/gcc/arm-none-eabi/12.3.1/../../../../arm-none-eabi/lib/thumb/v7e-m+fp/hard\libc_nano.a
LOAD D:/STM32CubeIDE_1.15.0/STM32CubeIDE/plugins/com.st.stm32cube.ide.mcu.externaltools.gnu-tools-for-stm32.12.3.rel1.win32_1.0.100.202403111256/tools/bin/../lib/gcc/arm-none-eabi/12.3.1/../../../../arm-none-eabi/lib/thumb/v7e-m+fp/hard\libnosys.a
END GROUP
LOAD D:/STM32CubeIDE_1.15.0/STM32CubeIDE/plugins/com.st.stm32cube.ide.mcu.externaltools.gnu-tools-for-stm32.12.3.rel1.win32_1.0.100.202403111256/tools/bin/../lib/gcc/arm-none-eabi/12.3.1/thumb/v7e-m+fp/hard/crtend.o
LOAD D:/STM32CubeIDE_1.15.0/STM32CubeIDE/plugins/com.st.stm32cube.ide.mcu.externaltools.gnu-tools-for-stm32.12.3.rel1.win32_1.0.100.202403111256/tools/bin/../lib/gcc/arm-none-eabi/12.3.1/thumb/v7e-m+fp/hard/crtn.o
                0x20018000                        _estack = (ORIGIN (RAM) + LENGTH (RAM))
                0x00000200                        _Min_Heap_Size = 0x200
                0x00000400                        _Min_Stack_Size = 0x400

.isr_vector     0x08000000      0x194
                0x08000000                        . = ALIGN (0x4)
 *(.isr_vector)
 .isr_vector    0x08000000      0x194 ./Core/Startup/startup_stm32f401retx.o
                0x08000000                g_pfnVectors
                0x08000194                        . = ALIGN (0x4)

.text           0x080001a0     0x511c
                0x080001a0                        . = ALIGN (0x4)
 *(.text)
 .text          0x080001a0       0x40 D:/STM32CubeIDE_1.15.0/STM32CubeIDE/plugins/com.st.stm32cube.ide.mcu.externaltools.gnu-tools-for-stm32.12.3.rel1.win32_1.0.100.202403111256/tools/bin/../lib/gcc/arm-none-eabi/12.3.1/thumb/v7e-m+fp/hard/crtbegin.o
 .text          0x080001e0       0xa0 D:/STM32CubeIDE_1.15.0/STM32CubeIDE/plugins/com.st.stm32cube.ide.mcu.externaltools.gnu-tools-for-stm32.12.3.rel1.win32_1.0.100.202403111256/tools/bin/../lib/gcc/arm-none-eabi/12.3.1/../../../../arm-none-eabi/lib/thumb/v7e-m+fp/hard\libc_nano.a(libc_a-memchr.o)
                0x080001e0                memchr
 .text          0x08000280       0x30 D:/STM32CubeIDE_1.15.0/STM32CubeIDE/plugins/com.st.stm32cube.ide.mcu.externaltools.gnu-tools-for-stm32.12.3.rel1.win32_1.0.100.202403111256/tools/bin/../lib/gcc/arm-none-eabi/12.3.1/thumb/v7e-m+fp/hard\libgcc.a(_aeabi_uldivmod.o)
                0x08000280                __aeabi_uldivmod
 .text          0x080002b0      0x2bc D:/STM32CubeIDE_1.15.0/STM32CubeIDE/plugins/com.st.stm32cube.ide.mcu.externaltools.gnu-tools-for-stm32.12.3.rel1.win32_1.0.100.202403111256/tools/bin/../lib/gcc/arm-none-eabi/12.3.1/thumb/v7e-m+fp/hard\libgcc.a(_udivmoddi4.o)
                0x080002b0                __udivmoddi4
 .text          0x0800056c        0x4 D:/STM32CubeIDE_1.15.0/STM32CubeIDE/plugins/com.st.stm32cube.ide.mcu.externaltools.gnu-tools-for-stm32.12.3.rel1.win32_1.0.100.202403111256/tools/bin/../lib/gcc/arm-none-eabi/12.3.1/thumb/v7e-m+fp/hard\libgcc.a(_dvmd_tls.o)
                0x0800056c                __aeabi_idiv0
                0x0800056c                __aeabi_ldiv0
 *(.text*)
 .text.ad7606_spi_reg_read
                0x08000570      0x138 ./Core/Src/ad7606.o
                0x08000570                ad7606_spi_reg_read
 .text.ad7606_spi_reg_write
                0x080006a8       0xb8 ./Core/Src/ad7606.o
                0x080006a8                ad7606_spi_reg_write
 .text.ad7606_spi_write_mask
                0x08000760       0x5e ./Core/Src/ad7606.o
                0x08000760                ad7606_spi_write_mask
 *fill*         0x080007be        0x2 
 .text.cpy18b32b
                0x080007c0      0x144 ./Core/Src/ad7606.o
 .text.cpy26b32b
                0x08000904      0x180 ./Core/Src/ad7606.o
 .text.ad7606_convst
                0x08000a84       0x64 ./Core/Src/ad7606.o
                0x08000a84                ad7606_convst
 .text.ad7606_spi_data_read
                0x08000ae8      0x234 ./Core/Src/ad7606.o
                0x08000ae8                ad7606_spi_data_read
 .text.ad7606_read
                0x08000d1c       0xa0 ./Core/Src/ad7606.o
                0x08000d1c                ad7606_read
 .text.ad7606_reset_settings
                0x08000dbc      0x190 ./Core/Src/ad7606.o
 .text.ad7606_reset
                0x08000f4c       0x4e ./Core/Src/ad7606.o
                0x08000f4c                ad7606_reset
 *fill*         0x08000f9a        0x2 
 .text.ad7606_request_gpios
                0x08000f9c      0x268 ./Core/Src/ad7606.o
 .text.ad7606_set_oversampling
                0x08001204      0x124 ./Core/Src/ad7606.o
                0x08001204                ad7606_set_oversampling
 .text.ad7606_find_range
                0x08001328      0x110 ./Core/Src/ad7606.o
 .text.ad7606_set_ch_range
                0x08001438      0x100 ./Core/Src/ad7606.o
                0x08001438                ad7606_set_ch_range
 .text.ad7606_set_ch_offset
                0x08001538       0x70 ./Core/Src/ad7606.o
                0x08001538                ad7606_set_ch_offset
 .text.ad7606_set_ch_phase
                0x080015a8       0x6a ./Core/Src/ad7606.o
                0x080015a8                ad7606_set_ch_phase
 .text.ad7606_set_ch_gain
                0x08001612       0x8c ./Core/Src/ad7606.o
                0x08001612                ad7606_set_ch_gain
 .text.ad7606_set_config
                0x0800169e      0x146 ./Core/Src/ad7606.o
                0x0800169e                ad7606_set_config
 .text.ad7606_set_digital_diag
                0x080017e4      0x11e ./Core/Src/ad7606.o
                0x080017e4                ad7606_set_digital_diag
 *fill*         0x08001902        0x2 
 .text.ad7606_init
                0x08001904      0x3bc ./Core/Src/ad7606.o
                0x08001904                ad7606_init
 .text.ad7606_remove
                0x08001cc0       0x7e ./Core/Src/ad7606.o
                0x08001cc0                ad7606_remove
 *fill*         0x08001d3e        0x2 
 .text.main     0x08001d40       0xc8 ./Core/Src/main.o
                0x08001d40                main
 .text.SystemClock_Config
                0x08001e08       0xd4 ./Core/Src/main.o
                0x08001e08                SystemClock_Config
 .text.MX_SPI1_Init
                0x08001edc       0x70 ./Core/Src/main.o
 .text.MX_TIM10_Init
                0x08001f4c       0x48 ./Core/Src/main.o
 .text.MX_USART2_UART_Init
                0x08001f94       0x54 ./Core/Src/main.o
 .text.MX_GPIO_Init
                0x08001fe8       0xb4 ./Core/Src/main.o
 .text.Error_Handler
                0x0800209c        0xc ./Core/Src/main.o
                0x0800209c                Error_Handler
 .text.no_os_calloc
                0x080020a8       0x1c ./Core/Src/no_os_alloc.o
                0x080020a8                no_os_calloc
 .text.no_os_free
                0x080020c4       0x16 ./Core/Src/no_os_alloc.o
                0x080020c4                no_os_free
 .text.no_os_crc16_populate_msb
                0x080020da       0x7e ./Core/Src/no_os_crc16.o
                0x080020da                no_os_crc16_populate_msb
 .text.no_os_crc16
                0x08002158       0x58 ./Core/Src/no_os_crc16.o
                0x08002158                no_os_crc16
 .text.no_os_crc8_populate_msb
                0x080021b0       0x7a ./Core/Src/no_os_crc8.o
                0x080021b0                no_os_crc8_populate_msb
 .text.no_os_crc8
                0x0800222a       0x44 ./Core/Src/no_os_crc8.o
                0x0800222a                no_os_crc8
 .text.no_os_gpio_get_optional
                0x0800226e       0x6e ./Core/Src/no_os_gpio.o
                0x0800226e                no_os_gpio_get_optional
 .text.no_os_gpio_remove
                0x080022dc       0x44 ./Core/Src/no_os_gpio.o
                0x080022dc                no_os_gpio_remove
 .text.no_os_gpio_direction_input
                0x08002320       0x44 ./Core/Src/no_os_gpio.o
                0x08002320                no_os_gpio_direction_input
 .text.no_os_gpio_direction_output
                0x08002364       0x4c ./Core/Src/no_os_gpio.o
                0x08002364                no_os_gpio_direction_output
 .text.no_os_gpio_set_value
                0x080023b0       0x4c ./Core/Src/no_os_gpio.o
                0x080023b0                no_os_gpio_set_value
 .text.no_os_gpio_get_value
                0x080023fc       0x48 ./Core/Src/no_os_gpio.o
                0x080023fc                no_os_gpio_get_value
 .text.no_os_mutex_init
                0x08002444       0x14 ./Core/Src/no_os_mutex.o
                0x08002444                no_os_mutex_init
 .text.no_os_mutex_lock
                0x08002458       0x14 ./Core/Src/no_os_mutex.o
                0x08002458                no_os_mutex_lock
 .text.no_os_mutex_unlock
                0x0800246c       0x14 ./Core/Src/no_os_mutex.o
                0x0800246c                no_os_mutex_unlock
 .text.no_os_mutex_remove
                0x08002480       0x14 ./Core/Src/no_os_mutex.o
                0x08002480                no_os_mutex_remove
 .text.no_os_spi_init
                0x08002494       0xc8 ./Core/Src/no_os_spi.o
                0x08002494                no_os_spi_init
 .text.no_os_spibus_init
                0x0800255c       0x78 ./Core/Src/no_os_spi.o
                0x0800255c                no_os_spibus_init
 .text.no_os_spi_remove
                0x080025d4       0x54 ./Core/Src/no_os_spi.o
                0x080025d4                no_os_spi_remove
 .text.no_os_spibus_remove
                0x08002628       0x60 ./Core/Src/no_os_spi.o
                0x08002628                no_os_spibus_remove
 .text.no_os_spi_write_and_read
                0x08002688       0x64 ./Core/Src/no_os_spi.o
                0x08002688                no_os_spi_write_and_read
 .text.no_os_find_first_set_bit
                0x080026ec       0x3c ./Core/Src/no_os_util.o
                0x080026ec                no_os_find_first_set_bit
 .text.no_os_field_prep
                0x08002728       0x24 ./Core/Src/no_os_util.o
                0x08002728                no_os_field_prep
 .text.no_os_field_get
                0x0800274c       0x26 ./Core/Src/no_os_util.o
                0x0800274c                no_os_field_get
 *fill*         0x08002772        0x2 
 .text.no_os_udelay
                0x08002774       0x64 ./Core/Src/stm32_delay.o
                0x08002774                no_os_udelay
 .text.no_os_mdelay
                0x080027d8       0x18 ./Core/Src/stm32_delay.o
                0x080027d8                no_os_mdelay
 .text.HAL_MspInit
                0x080027f0       0x50 ./Core/Src/stm32f4xx_hal_msp.o
                0x080027f0                HAL_MspInit
 .text.HAL_SPI_MspInit
                0x08002840       0x90 ./Core/Src/stm32f4xx_hal_msp.o
                0x08002840                HAL_SPI_MspInit
 .text.HAL_TIM_Base_MspInit
                0x080028d0       0x44 ./Core/Src/stm32f4xx_hal_msp.o
                0x080028d0                HAL_TIM_Base_MspInit
 .text.HAL_UART_MspInit
                0x08002914       0x90 ./Core/Src/stm32f4xx_hal_msp.o
                0x08002914                HAL_UART_MspInit
 .text.NMI_Handler
                0x080029a4        0x8 ./Core/Src/stm32f4xx_it.o
                0x080029a4                NMI_Handler
 .text.HardFault_Handler
                0x080029ac        0x8 ./Core/Src/stm32f4xx_it.o
                0x080029ac                HardFault_Handler
 .text.MemManage_Handler
                0x080029b4        0x8 ./Core/Src/stm32f4xx_it.o
                0x080029b4                MemManage_Handler
 .text.BusFault_Handler
                0x080029bc        0x8 ./Core/Src/stm32f4xx_it.o
                0x080029bc                BusFault_Handler
 .text.UsageFault_Handler
                0x080029c4        0x8 ./Core/Src/stm32f4xx_it.o
                0x080029c4                UsageFault_Handler
 .text.SVC_Handler
                0x080029cc        0xe ./Core/Src/stm32f4xx_it.o
                0x080029cc                SVC_Handler
 .text.DebugMon_Handler
                0x080029da        0xe ./Core/Src/stm32f4xx_it.o
                0x080029da                DebugMon_Handler
 .text.PendSV_Handler
                0x080029e8        0xe ./Core/Src/stm32f4xx_it.o
                0x080029e8                PendSV_Handler
 .text.SysTick_Handler
                0x080029f6        0xc ./Core/Src/stm32f4xx_it.o
                0x080029f6                SysTick_Handler
 .text._read    0x08002a02       0x3a ./Core/Src/syscalls.o
                0x08002a02                _read
 .text._write   0x08002a3c       0x38 ./Core/Src/syscalls.o
                0x08002a3c                _write
 .text._close   0x08002a74       0x18 ./Core/Src/syscalls.o
                0x08002a74                _close
 .text._fstat   0x08002a8c       0x20 ./Core/Src/syscalls.o
                0x08002a8c                _fstat
 .text._isatty  0x08002aac       0x16 ./Core/Src/syscalls.o
                0x08002aac                _isatty
 .text._lseek   0x08002ac2       0x1a ./Core/Src/syscalls.o
                0x08002ac2                _lseek
 .text._sbrk    0x08002adc       0x6c ./Core/Src/sysmem.o
                0x08002adc                _sbrk
 .text.SystemInit
                0x08002b48       0x24 ./Core/Src/system_stm32f4xx.o
                0x08002b48                SystemInit
 .text.Reset_Handler
                0x08002b6c       0x50 ./Core/Startup/startup_stm32f401retx.o
                0x08002b6c                Reset_Handler
 .text.Default_Handler
                0x08002bbc        0x2 ./Core/Startup/startup_stm32f401retx.o
                0x08002bbc                RTC_Alarm_IRQHandler
                0x08002bbc                EXTI2_IRQHandler
                0x08002bbc                SPI4_IRQHandler
                0x08002bbc                TIM1_CC_IRQHandler
                0x08002bbc                DMA2_Stream5_IRQHandler
                0x08002bbc                DMA1_Stream5_IRQHandler
                0x08002bbc                PVD_IRQHandler
                0x08002bbc                SDIO_IRQHandler
                0x08002bbc                TAMP_STAMP_IRQHandler
                0x08002bbc                EXTI3_IRQHandler
                0x08002bbc                TIM1_UP_TIM10_IRQHandler
                0x08002bbc                I2C3_ER_IRQHandler
                0x08002bbc                EXTI0_IRQHandler
                0x08002bbc                I2C2_EV_IRQHandler
                0x08002bbc                DMA1_Stream2_IRQHandler
                0x08002bbc                FPU_IRQHandler
                0x08002bbc                DMA2_Stream2_IRQHandler
                0x08002bbc                SPI1_IRQHandler
                0x08002bbc                TIM1_BRK_TIM9_IRQHandler
                0x08002bbc                DMA2_Stream3_IRQHandler
                0x08002bbc                USART6_IRQHandler
                0x08002bbc                DMA2_Stream0_IRQHandler
                0x08002bbc                TIM4_IRQHandler
                0x08002bbc                I2C1_EV_IRQHandler
                0x08002bbc                DMA1_Stream6_IRQHandler
                0x08002bbc                DMA1_Stream1_IRQHandler
                0x08002bbc                TIM3_IRQHandler
                0x08002bbc                RCC_IRQHandler
                0x08002bbc                Default_Handler
                0x08002bbc                EXTI15_10_IRQHandler
                0x08002bbc                ADC_IRQHandler
                0x08002bbc                DMA1_Stream7_IRQHandler
                0x08002bbc                TIM5_IRQHandler
                0x08002bbc                DMA2_Stream7_IRQHandler
                0x08002bbc                I2C3_EV_IRQHandler
                0x08002bbc                EXTI9_5_IRQHandler
                0x08002bbc                RTC_WKUP_IRQHandler
                0x08002bbc                SPI2_IRQHandler
                0x08002bbc                DMA1_Stream0_IRQHandler
                0x08002bbc                EXTI4_IRQHandler
                0x08002bbc                WWDG_IRQHandler
                0x08002bbc                TIM2_IRQHandler
                0x08002bbc                OTG_FS_WKUP_IRQHandler
                0x08002bbc                TIM1_TRG_COM_TIM11_IRQHandler
                0x08002bbc                EXTI1_IRQHandler
                0x08002bbc                USART2_IRQHandler
                0x08002bbc                I2C2_ER_IRQHandler
                0x08002bbc                DMA2_Stream1_IRQHandler
                0x08002bbc                FLASH_IRQHandler
                0x08002bbc                DMA2_Stream4_IRQHandler
                0x08002bbc                USART1_IRQHandler
                0x08002bbc                OTG_FS_IRQHandler
                0x08002bbc                SPI3_IRQHandler
                0x08002bbc                DMA1_Stream4_IRQHandler
                0x08002bbc                I2C1_ER_IRQHandler
                0x08002bbc                DMA2_Stream6_IRQHandler
                0x08002bbc                DMA1_Stream3_IRQHandler
 *fill*         0x08002bbe        0x2 
 .text.HAL_Init
                0x08002bc0       0x44 ./Drivers/STM32F4xx_HAL_Driver/Src/stm32f4xx_hal.o
                0x08002bc0                HAL_Init
 .text.HAL_InitTick
                0x08002c04       0x60 ./Drivers/STM32F4xx_HAL_Driver/Src/stm32f4xx_hal.o
                0x08002c04                HAL_InitTick
 .text.HAL_IncTick
                0x08002c64       0x28 ./Drivers/STM32F4xx_HAL_Driver/Src/stm32f4xx_hal.o
                0x08002c64                HAL_IncTick
 .text.HAL_GetTick
                0x08002c8c       0x18 ./Drivers/STM32F4xx_HAL_Driver/Src/stm32f4xx_hal.o
                0x08002c8c                HAL_GetTick
 .text.HAL_Delay
                0x08002ca4       0x48 ./Drivers/STM32F4xx_HAL_Driver/Src/stm32f4xx_hal.o
                0x08002ca4                HAL_Delay
 .text.__NVIC_SetPriorityGrouping
                0x08002cec       0x48 ./Drivers/STM32F4xx_HAL_Driver/Src/stm32f4xx_hal_cortex.o
 .text.__NVIC_GetPriorityGrouping
                0x08002d34       0x1c ./Drivers/STM32F4xx_HAL_Driver/Src/stm32f4xx_hal_cortex.o
 .text.__NVIC_SetPriority
                0x08002d50       0x54 ./Drivers/STM32F4xx_HAL_Driver/Src/stm32f4xx_hal_cortex.o
 .text.NVIC_EncodePriority
                0x08002da4       0x66 ./Drivers/STM32F4xx_HAL_Driver/Src/stm32f4xx_hal_cortex.o
 *fill*         0x08002e0a        0x2 
 .text.SysTick_Config
                0x08002e0c       0x44 ./Drivers/STM32F4xx_HAL_Driver/Src/stm32f4xx_hal_cortex.o
 .text.HAL_NVIC_SetPriorityGrouping
                0x08002e50       0x16 ./Drivers/STM32F4xx_HAL_Driver/Src/stm32f4xx_hal_cortex.o
                0x08002e50                HAL_NVIC_SetPriorityGrouping
 .text.HAL_NVIC_SetPriority
                0x08002e66       0x38 ./Drivers/STM32F4xx_HAL_Driver/Src/stm32f4xx_hal_cortex.o
                0x08002e66                HAL_NVIC_SetPriority
 .text.HAL_SYSTICK_Config
                0x08002e9e       0x18 ./Drivers/STM32F4xx_HAL_Driver/Src/stm32f4xx_hal_cortex.o
                0x08002e9e                HAL_SYSTICK_Config
 *fill*         0x08002eb6        0x2 
 .text.HAL_GPIO_Init
                0x08002eb8      0x308 ./Drivers/STM32F4xx_HAL_Driver/Src/stm32f4xx_hal_gpio.o
                0x08002eb8                HAL_GPIO_Init
 .text.HAL_RCC_OscConfig
                0x080031c0      0x4f0 ./Drivers/STM32F4xx_HAL_Driver/Src/stm32f4xx_hal_rcc.o
                0x080031c0                HAL_RCC_OscConfig
 .text.HAL_RCC_ClockConfig
                0x080036b0      0x1cc ./Drivers/STM32F4xx_HAL_Driver/Src/stm32f4xx_hal_rcc.o
                0x080036b0                HAL_RCC_ClockConfig
 .text.HAL_RCC_GetSysClockFreq
                0x0800387c      0x20c ./Drivers/STM32F4xx_HAL_Driver/Src/stm32f4xx_hal_rcc.o
                0x0800387c                HAL_RCC_GetSysClockFreq
 .text.HAL_RCC_GetHCLKFreq
                0x08003a88       0x18 ./Drivers/STM32F4xx_HAL_Driver/Src/stm32f4xx_hal_rcc.o
                0x08003a88                HAL_RCC_GetHCLKFreq
 .text.HAL_RCC_GetPCLK1Freq
                0x08003aa0       0x28 ./Drivers/STM32F4xx_HAL_Driver/Src/stm32f4xx_hal_rcc.o
                0x08003aa0                HAL_RCC_GetPCLK1Freq
 .text.HAL_RCC_GetPCLK2Freq
                0x08003ac8       0x28 ./Drivers/STM32F4xx_HAL_Driver/Src/stm32f4xx_hal_rcc.o
                0x08003ac8                HAL_RCC_GetPCLK2Freq
 .text.HAL_SPI_Init
                0x08003af0      0x112 ./Drivers/STM32F4xx_HAL_Driver/Src/stm32f4xx_hal_spi.o
                0x08003af0                HAL_SPI_Init
 .text.HAL_TIM_Base_Init
                0x08003c02       0x9e ./Drivers/STM32F4xx_HAL_Driver/Src/stm32f4xx_hal_tim.o
                0x08003c02                HAL_TIM_Base_Init
 .text.TIM_Base_SetConfig
                0x08003ca0      0x118 ./Drivers/STM32F4xx_HAL_Driver/Src/stm32f4xx_hal_tim.o
                0x08003ca0                TIM_Base_SetConfig
 .text.HAL_UART_Init
                0x08003db8       0xa0 ./Drivers/STM32F4xx_HAL_Driver/Src/stm32f4xx_hal_uart.o
                0x08003db8                HAL_UART_Init
 .text.UART_SetConfig
                0x08003e58      0x4e8 ./Drivers/STM32F4xx_HAL_Driver/Src/stm32f4xx_hal_uart.o
 .text.calloc   0x08004340       0x10 D:/STM32CubeIDE_1.15.0/STM32CubeIDE/plugins/com.st.stm32cube.ide.mcu.externaltools.gnu-tools-for-stm32.12.3.rel1.win32_1.0.100.202403111256/tools/bin/../lib/gcc/arm-none-eabi/12.3.1/../../../../arm-none-eabi/lib/thumb/v7e-m+fp/hard\libc_nano.a(libc_a-calloc.o)
                0x08004340                calloc
 .text._calloc_r
                0x08004350       0x28 D:/STM32CubeIDE_1.15.0/STM32CubeIDE/plugins/com.st.stm32cube.ide.mcu.externaltools.gnu-tools-for-stm32.12.3.rel1.win32_1.0.100.202403111256/tools/bin/../lib/gcc/arm-none-eabi/12.3.1/../../../../arm-none-eabi/lib/thumb/v7e-m+fp/hard\libc_nano.a(libc_a-callocr.o)
                0x08004350                _calloc_r
 .text.free     0x08004378       0x10 D:/STM32CubeIDE_1.15.0/STM32CubeIDE/plugins/com.st.stm32cube.ide.mcu.externaltools.gnu-tools-for-stm32.12.3.rel1.win32_1.0.100.202403111256/tools/bin/../lib/gcc/arm-none-eabi/12.3.1/../../../../arm-none-eabi/lib/thumb/v7e-m+fp/hard\libc_nano.a(libc_a-malloc.o)
                0x08004378                free
 .text.sbrk_aligned
                0x08004388       0x44 D:/STM32CubeIDE_1.15.0/STM32CubeIDE/plugins/com.st.stm32cube.ide.mcu.externaltools.gnu-tools-for-stm32.12.3.rel1.win32_1.0.100.202403111256/tools/bin/../lib/gcc/arm-none-eabi/12.3.1/../../../../arm-none-eabi/lib/thumb/v7e-m+fp/hard\libc_nano.a(libc_a-mallocr.o)
 .text._malloc_r
                0x080043cc      0x100 D:/STM32CubeIDE_1.15.0/STM32CubeIDE/plugins/com.st.stm32cube.ide.mcu.externaltools.gnu-tools-for-stm32.12.3.rel1.win32_1.0.100.202403111256/tools/bin/../lib/gcc/arm-none-eabi/12.3.1/../../../../arm-none-eabi/lib/thumb/v7e-m+fp/hard\libc_nano.a(libc_a-mallocr.o)
                0x080043cc                _malloc_r
 .text.__malloc_lock
                0x080044cc        0xc D:/STM32CubeIDE_1.15.0/STM32CubeIDE/plugins/com.st.stm32cube.ide.mcu.externaltools.gnu-tools-for-stm32.12.3.rel1.win32_1.0.100.202403111256/tools/bin/../lib/gcc/arm-none-eabi/12.3.1/../../../../arm-none-eabi/lib/thumb/v7e-m+fp/hard\libc_nano.a(libc_a-mlock.o)
                0x080044cc                __malloc_lock
 .text.__malloc_unlock
                0x080044d8        0xc D:/STM32CubeIDE_1.15.0/STM32CubeIDE/plugins/com.st.stm32cube.ide.mcu.externaltools.gnu-tools-for-stm32.12.3.rel1.win32_1.0.100.202403111256/tools/bin/../lib/gcc/arm-none-eabi/12.3.1/../../../../arm-none-eabi/lib/thumb/v7e-m+fp/hard\libc_nano.a(libc_a-mlock.o)
                0x080044d8                __malloc_unlock
 .text.std      0x080044e4       0x6c D:/STM32CubeIDE_1.15.0/STM32CubeIDE/plugins/com.st.stm32cube.ide.mcu.externaltools.gnu-tools-for-stm32.12.3.rel1.win32_1.0.100.202403111256/tools/bin/../lib/gcc/arm-none-eabi/12.3.1/../../../../arm-none-eabi/lib/thumb/v7e-m+fp/hard\libc_nano.a(libc_a-findfp.o)
 .text.stdio_exit_handler
                0x08004550       0x18 D:/STM32CubeIDE_1.15.0/STM32CubeIDE/plugins/com.st.stm32cube.ide.mcu.externaltools.gnu-tools-for-stm32.12.3.rel1.win32_1.0.100.202403111256/tools/bin/../lib/gcc/arm-none-eabi/12.3.1/../../../../arm-none-eabi/lib/thumb/v7e-m+fp/hard\libc_nano.a(libc_a-findfp.o)
 .text.cleanup_stdio
                0x08004568       0x40 D:/STM32CubeIDE_1.15.0/STM32CubeIDE/plugins/com.st.stm32cube.ide.mcu.externaltools.gnu-tools-for-stm32.12.3.rel1.win32_1.0.100.202403111256/tools/bin/../lib/gcc/arm-none-eabi/12.3.1/../../../../arm-none-eabi/lib/thumb/v7e-m+fp/hard\libc_nano.a(libc_a-findfp.o)
 .text.global_stdio_init.part.0
                0x080045a8       0x3c D:/STM32CubeIDE_1.15.0/STM32CubeIDE/plugins/com.st.stm32cube.ide.mcu.externaltools.gnu-tools-for-stm32.12.3.rel1.win32_1.0.100.202403111256/tools/bin/../lib/gcc/arm-none-eabi/12.3.1/../../../../arm-none-eabi/lib/thumb/v7e-m+fp/hard\libc_nano.a(libc_a-findfp.o)
 .text.__sfp_lock_acquire
                0x080045e4        0xc D:/STM32CubeIDE_1.15.0/STM32CubeIDE/plugins/com.st.stm32cube.ide.mcu.externaltools.gnu-tools-for-stm32.12.3.rel1.win32_1.0.100.202403111256/tools/bin/../lib/gcc/arm-none-eabi/12.3.1/../../../../arm-none-eabi/lib/thumb/v7e-m+fp/hard\libc_nano.a(libc_a-findfp.o)
                0x080045e4                __sfp_lock_acquire
 .text.__sfp_lock_release
                0x080045f0        0xc D:/STM32CubeIDE_1.15.0/STM32CubeIDE/plugins/com.st.stm32cube.ide.mcu.externaltools.gnu-tools-for-stm32.12.3.rel1.win32_1.0.100.202403111256/tools/bin/../lib/gcc/arm-none-eabi/12.3.1/../../../../arm-none-eabi/lib/thumb/v7e-m+fp/hard\libc_nano.a(libc_a-findfp.o)
                0x080045f0                __sfp_lock_release
 .text.__sinit  0x080045fc       0x30 D:/STM32CubeIDE_1.15.0/STM32CubeIDE/plugins/com.st.stm32cube.ide.mcu.externaltools.gnu-tools-for-stm32.12.3.rel1.win32_1.0.100.202403111256/tools/bin/../lib/gcc/arm-none-eabi/12.3.1/../../../../arm-none-eabi/lib/thumb/v7e-m+fp/hard\libc_nano.a(libc_a-findfp.o)
                0x080045fc                __sinit
 .text._fwalk_sglue
                0x0800462c       0x3c D:/STM32CubeIDE_1.15.0/STM32CubeIDE/plugins/com.st.stm32cube.ide.mcu.externaltools.gnu-tools-for-stm32.12.3.rel1.win32_1.0.100.202403111256/tools/bin/../lib/gcc/arm-none-eabi/12.3.1/../../../../arm-none-eabi/lib/thumb/v7e-m+fp/hard\libc_nano.a(libc_a-fwalk.o)
                0x0800462c                _fwalk_sglue
 .text.printf   0x08004668       0x24 D:/STM32CubeIDE_1.15.0/STM32CubeIDE/plugins/com.st.stm32cube.ide.mcu.externaltools.gnu-tools-for-stm32.12.3.rel1.win32_1.0.100.202403111256/tools/bin/../lib/gcc/arm-none-eabi/12.3.1/../../../../arm-none-eabi/lib/thumb/v7e-m+fp/hard\libc_nano.a(libc_a-printf.o)
                0x08004668                iprintf
                0x08004668                printf
 .text._puts_r  0x0800468c       0xaa D:/STM32CubeIDE_1.15.0/STM32CubeIDE/plugins/com.st.stm32cube.ide.mcu.externaltools.gnu-tools-for-stm32.12.3.rel1.win32_1.0.100.202403111256/tools/bin/../lib/gcc/arm-none-eabi/12.3.1/../../../../arm-none-eabi/lib/thumb/v7e-m+fp/hard\libc_nano.a(libc_a-puts.o)
                0x0800468c                _puts_r
 *fill*         0x08004736        0x2 
 .text.puts     0x08004738       0x10 D:/STM32CubeIDE_1.15.0/STM32CubeIDE/plugins/com.st.stm32cube.ide.mcu.externaltools.gnu-tools-for-stm32.12.3.rel1.win32_1.0.100.202403111256/tools/bin/../lib/gcc/arm-none-eabi/12.3.1/../../../../arm-none-eabi/lib/thumb/v7e-m+fp/hard\libc_nano.a(libc_a-puts.o)
                0x08004738                puts
 .text.__sread  0x08004748       0x22 D:/STM32CubeIDE_1.15.0/STM32CubeIDE/plugins/com.st.stm32cube.ide.mcu.externaltools.gnu-tools-for-stm32.12.3.rel1.win32_1.0.100.202403111256/tools/bin/../lib/gcc/arm-none-eabi/12.3.1/../../../../arm-none-eabi/lib/thumb/v7e-m+fp/hard\libc_nano.a(libc_a-stdio.o)
                0x08004748                __sread
 .text.__swrite
                0x0800476a       0x38 D:/STM32CubeIDE_1.15.0/STM32CubeIDE/plugins/com.st.stm32cube.ide.mcu.externaltools.gnu-tools-for-stm32.12.3.rel1.win32_1.0.100.202403111256/tools/bin/../lib/gcc/arm-none-eabi/12.3.1/../../../../arm-none-eabi/lib/thumb/v7e-m+fp/hard\libc_nano.a(libc_a-stdio.o)
                0x0800476a                __swrite
 .text.__sseek  0x080047a2       0x24 D:/STM32CubeIDE_1.15.0/STM32CubeIDE/plugins/com.st.stm32cube.ide.mcu.externaltools.gnu-tools-for-stm32.12.3.rel1.win32_1.0.100.202403111256/tools/bin/../lib/gcc/arm-none-eabi/12.3.1/../../../../arm-none-eabi/lib/thumb/v7e-m+fp/hard\libc_nano.a(libc_a-stdio.o)
                0x080047a2                __sseek
 .text.__sclose
                0x080047c6        0x8 D:/STM32CubeIDE_1.15.0/STM32CubeIDE/plugins/com.st.stm32cube.ide.mcu.externaltools.gnu-tools-for-stm32.12.3.rel1.win32_1.0.100.202403111256/tools/bin/../lib/gcc/arm-none-eabi/12.3.1/../../../../arm-none-eabi/lib/thumb/v7e-m+fp/hard\libc_nano.a(libc_a-stdio.o)
                0x080047c6                __sclose
 .text.__swbuf_r
                0x080047ce       0x7c D:/STM32CubeIDE_1.15.0/STM32CubeIDE/plugins/com.st.stm32cube.ide.mcu.externaltools.gnu-tools-for-stm32.12.3.rel1.win32_1.0.100.202403111256/tools/bin/../lib/gcc/arm-none-eabi/12.3.1/../../../../arm-none-eabi/lib/thumb/v7e-m+fp/hard\libc_nano.a(libc_a-wbuf.o)
                0x080047ce                __swbuf_r
 *fill*         0x0800484a        0x2 
 .text.__swsetup_r
                0x0800484c       0xac D:/STM32CubeIDE_1.15.0/STM32CubeIDE/plugins/com.st.stm32cube.ide.mcu.externaltools.gnu-tools-for-stm32.12.3.rel1.win32_1.0.100.202403111256/tools/bin/../lib/gcc/arm-none-eabi/12.3.1/../../../../arm-none-eabi/lib/thumb/v7e-m+fp/hard\libc_nano.a(libc_a-wsetup.o)
                0x0800484c                __swsetup_r
 .text.memset   0x080048f8       0x10 D:/STM32CubeIDE_1.15.0/STM32CubeIDE/plugins/com.st.stm32cube.ide.mcu.externaltools.gnu-tools-for-stm32.12.3.rel1.win32_1.0.100.202403111256/tools/bin/../lib/gcc/arm-none-eabi/12.3.1/../../../../arm-none-eabi/lib/thumb/v7e-m+fp/hard\libc_nano.a(libc_a-memset.o)
                0x080048f8                memset
 .text._close_r
                0x08004908       0x20 D:/STM32CubeIDE_1.15.0/STM32CubeIDE/plugins/com.st.stm32cube.ide.mcu.externaltools.gnu-tools-for-stm32.12.3.rel1.win32_1.0.100.202403111256/tools/bin/../lib/gcc/arm-none-eabi/12.3.1/../../../../arm-none-eabi/lib/thumb/v7e-m+fp/hard\libc_nano.a(libc_a-closer.o)
                0x08004908                _close_r
 .text._lseek_r
                0x08004928       0x24 D:/STM32CubeIDE_1.15.0/STM32CubeIDE/plugins/com.st.stm32cube.ide.mcu.externaltools.gnu-tools-for-stm32.12.3.rel1.win32_1.0.100.202403111256/tools/bin/../lib/gcc/arm-none-eabi/12.3.1/../../../../arm-none-eabi/lib/thumb/v7e-m+fp/hard\libc_nano.a(libc_a-lseekr.o)
                0x08004928                _lseek_r
 .text._read_r  0x0800494c       0x24 D:/STM32CubeIDE_1.15.0/STM32CubeIDE/plugins/com.st.stm32cube.ide.mcu.externaltools.gnu-tools-for-stm32.12.3.rel1.win32_1.0.100.202403111256/tools/bin/../lib/gcc/arm-none-eabi/12.3.1/../../../../arm-none-eabi/lib/thumb/v7e-m+fp/hard\libc_nano.a(libc_a-readr.o)
                0x0800494c                _read_r
 .text._sbrk_r  0x08004970       0x20 D:/STM32CubeIDE_1.15.0/STM32CubeIDE/plugins/com.st.stm32cube.ide.mcu.externaltools.gnu-tools-for-stm32.12.3.rel1.win32_1.0.100.202403111256/tools/bin/../lib/gcc/arm-none-eabi/12.3.1/../../../../arm-none-eabi/lib/thumb/v7e-m+fp/hard\libc_nano.a(libc_a-sbrkr.o)
                0x08004970                _sbrk_r
 .text._write_r
                0x08004990       0x24 D:/STM32CubeIDE_1.15.0/STM32CubeIDE/plugins/com.st.stm32cube.ide.mcu.externaltools.gnu-tools-for-stm32.12.3.rel1.win32_1.0.100.202403111256/tools/bin/../lib/gcc/arm-none-eabi/12.3.1/../../../../arm-none-eabi/lib/thumb/v7e-m+fp/hard\libc_nano.a(libc_a-writer.o)
                0x08004990                _write_r
 .text.__errno  0x080049b4        0xc D:/STM32CubeIDE_1.15.0/STM32CubeIDE/plugins/com.st.stm32cube.ide.mcu.externaltools.gnu-tools-for-stm32.12.3.rel1.win32_1.0.100.202403111256/tools/bin/../lib/gcc/arm-none-eabi/12.3.1/../../../../arm-none-eabi/lib/thumb/v7e-m+fp/hard\libc_nano.a(libc_a-errno.o)
                0x080049b4                __errno
 .text.__libc_init_array
                0x080049c0       0x48 D:/STM32CubeIDE_1.15.0/STM32CubeIDE/plugins/com.st.stm32cube.ide.mcu.externaltools.gnu-tools-for-stm32.12.3.rel1.win32_1.0.100.202403111256/tools/bin/../lib/gcc/arm-none-eabi/12.3.1/../../../../arm-none-eabi/lib/thumb/v7e-m+fp/hard\libc_nano.a(libc_a-init.o)
                0x080049c0                __libc_init_array
 .text.__retarget_lock_init_recursive
                0x08004a08        0x2 D:/STM32CubeIDE_1.15.0/STM32CubeIDE/plugins/com.st.stm32cube.ide.mcu.externaltools.gnu-tools-for-stm32.12.3.rel1.win32_1.0.100.202403111256/tools/bin/../lib/gcc/arm-none-eabi/12.3.1/../../../../arm-none-eabi/lib/thumb/v7e-m+fp/hard\libc_nano.a(libc_a-lock.o)
                0x08004a08                __retarget_lock_init_recursive
 .text.__retarget_lock_acquire_recursive
                0x08004a0a        0x2 D:/STM32CubeIDE_1.15.0/STM32CubeIDE/plugins/com.st.stm32cube.ide.mcu.externaltools.gnu-tools-for-stm32.12.3.rel1.win32_1.0.100.202403111256/tools/bin/../lib/gcc/arm-none-eabi/12.3.1/../../../../arm-none-eabi/lib/thumb/v7e-m+fp/hard\libc_nano.a(libc_a-lock.o)
                0x08004a0a                __retarget_lock_acquire_recursive
 .text.__retarget_lock_release_recursive
                0x08004a0c        0x2 D:/STM32CubeIDE_1.15.0/STM32CubeIDE/plugins/com.st.stm32cube.ide.mcu.externaltools.gnu-tools-for-stm32.12.3.rel1.win32_1.0.100.202403111256/tools/bin/../lib/gcc/arm-none-eabi/12.3.1/../../../../arm-none-eabi/lib/thumb/v7e-m+fp/hard\libc_nano.a(libc_a-lock.o)
                0x08004a0c                __retarget_lock_release_recursive
 *fill*         0x08004a0e        0x2 
 .text._free_r  0x08004a10       0x94 D:/STM32CubeIDE_1.15.0/STM32CubeIDE/plugins/com.st.stm32cube.ide.mcu.externaltools.gnu-tools-for-stm32.12.3.rel1.win32_1.0.100.202403111256/tools/bin/../lib/gcc/arm-none-eabi/12.3.1/../../../../arm-none-eabi/lib/thumb/v7e-m+fp/hard\libc_nano.a(libc_a-freer.o)
                0x08004a10                _free_r
 .text.__sfputc_r
                0x08004aa4       0x2e D:/STM32CubeIDE_1.15.0/STM32CubeIDE/plugins/com.st.stm32cube.ide.mcu.externaltools.gnu-tools-for-stm32.12.3.rel1.win32_1.0.100.202403111256/tools/bin/../lib/gcc/arm-none-eabi/12.3.1/../../../../arm-none-eabi/lib/thumb/v7e-m+fp/hard\libc_nano.a(libc_a-nano-vfprintf.o)
 .text.__sfputs_r
                0x08004ad2       0x24 D:/STM32CubeIDE_1.15.0/STM32CubeIDE/plugins/com.st.stm32cube.ide.mcu.externaltools.gnu-tools-for-stm32.12.3.rel1.win32_1.0.100.202403111256/tools/bin/../lib/gcc/arm-none-eabi/12.3.1/../../../../arm-none-eabi/lib/thumb/v7e-m+fp/hard\libc_nano.a(libc_a-nano-vfprintf.o)
                0x08004ad2                __sfputs_r
 *fill*         0x08004af6        0x2 
 .text._vfprintf_r
                0x08004af8      0x230 D:/STM32CubeIDE_1.15.0/STM32CubeIDE/plugins/com.st.stm32cube.ide.mcu.externaltools.gnu-tools-for-stm32.12.3.rel1.win32_1.0.100.202403111256/tools/bin/../lib/gcc/arm-none-eabi/12.3.1/../../../../arm-none-eabi/lib/thumb/v7e-m+fp/hard\libc_nano.a(libc_a-nano-vfprintf.o)
                0x08004af8                _vfprintf_r
                0x08004af8                _vfiprintf_r
 .text._printf_common
                0x08004d28       0xda D:/STM32CubeIDE_1.15.0/STM32CubeIDE/plugins/com.st.stm32cube.ide.mcu.externaltools.gnu-tools-for-stm32.12.3.rel1.win32_1.0.100.202403111256/tools/bin/../lib/gcc/arm-none-eabi/12.3.1/../../../../arm-none-eabi/lib/thumb/v7e-m+fp/hard\libc_nano.a(libc_a-nano-vfprintf_i.o)
                0x08004d28                _printf_common
 *fill*         0x08004e02        0x2 
 .text._printf_i
                0x08004e04      0x240 D:/STM32CubeIDE_1.15.0/STM32CubeIDE/plugins/com.st.stm32cube.ide.mcu.externaltools.gnu-tools-for-stm32.12.3.rel1.win32_1.0.100.202403111256/tools/bin/../lib/gcc/arm-none-eabi/12.3.1/../../../../arm-none-eabi/lib/thumb/v7e-m+fp/hard\libc_nano.a(libc_a-nano-vfprintf_i.o)
                0x08004e04                _printf_i
 .text.__sflush_r
                0x08005044      0x108 D:/STM32CubeIDE_1.15.0/STM32CubeIDE/plugins/com.st.stm32cube.ide.mcu.externaltools.gnu-tools-for-stm32.12.3.rel1.win32_1.0.100.202403111256/tools/bin/../lib/gcc/arm-none-eabi/12.3.1/../../../../arm-none-eabi/lib/thumb/v7e-m+fp/hard\libc_nano.a(libc_a-fflush.o)
                0x08005044                __sflush_r
 .text._fflush_r
                0x0800514c       0x50 D:/STM32CubeIDE_1.15.0/STM32CubeIDE/plugins/com.st.stm32cube.ide.mcu.externaltools.gnu-tools-for-stm32.12.3.rel1.win32_1.0.100.202403111256/tools/bin/../lib/gcc/arm-none-eabi/12.3.1/../../../../arm-none-eabi/lib/thumb/v7e-m+fp/hard\libc_nano.a(libc_a-fflush.o)
                0x0800514c                _fflush_r
 .text.__swhatbuf_r
                0x0800519c       0x4c D:/STM32CubeIDE_1.15.0/STM32CubeIDE/plugins/com.st.stm32cube.ide.mcu.externaltools.gnu-tools-for-stm32.12.3.rel1.win32_1.0.100.202403111256/tools/bin/../lib/gcc/arm-none-eabi/12.3.1/../../../../arm-none-eabi/lib/thumb/v7e-m+fp/hard\libc_nano.a(libc_a-makebuf.o)
                0x0800519c                __swhatbuf_r
 .text.__smakebuf_r
                0x080051e8       0x78 D:/STM32CubeIDE_1.15.0/STM32CubeIDE/plugins/com.st.stm32cube.ide.mcu.externaltools.gnu-tools-for-stm32.12.3.rel1.win32_1.0.100.202403111256/tools/bin/../lib/gcc/arm-none-eabi/12.3.1/../../../../arm-none-eabi/lib/thumb/v7e-m+fp/hard\libc_nano.a(libc_a-makebuf.o)
                0x080051e8                __smakebuf_r
 .text._fstat_r
                0x08005260       0x24 D:/STM32CubeIDE_1.15.0/STM32CubeIDE/plugins/com.st.stm32cube.ide.mcu.externaltools.gnu-tools-for-stm32.12.3.rel1.win32_1.0.100.202403111256/tools/bin/../lib/gcc/arm-none-eabi/12.3.1/../../../../arm-none-eabi/lib/thumb/v7e-m+fp/hard\libc_nano.a(libc_a-fstatr.o)
                0x08005260                _fstat_r
 .text._isatty_r
                0x08005284       0x20 D:/STM32CubeIDE_1.15.0/STM32CubeIDE/plugins/com.st.stm32cube.ide.mcu.externaltools.gnu-tools-for-stm32.12.3.rel1.win32_1.0.100.202403111256/tools/bin/../lib/gcc/arm-none-eabi/12.3.1/../../../../arm-none-eabi/lib/thumb/v7e-m+fp/hard\libc_nano.a(libc_a-isattyr.o)
                0x08005284                _isatty_r
 *(.glue_7)
 .glue_7        0x080052a4        0x0 linker stubs
 *(.glue_7t)
 .glue_7t       0x080052a4        0x0 linker stubs
 *(.eh_frame)
 .eh_frame      0x080052a4        0x0 D:/STM32CubeIDE_1.15.0/STM32CubeIDE/plugins/com.st.stm32cube.ide.mcu.externaltools.gnu-tools-for-stm32.12.3.rel1.win32_1.0.100.202403111256/tools/bin/../lib/gcc/arm-none-eabi/12.3.1/thumb/v7e-m+fp/hard/crtbegin.o
 *(.init)
 .init          0x080052a4        0x4 D:/STM32CubeIDE_1.15.0/STM32CubeIDE/plugins/com.st.stm32cube.ide.mcu.externaltools.gnu-tools-for-stm32.12.3.rel1.win32_1.0.100.202403111256/tools/bin/../lib/gcc/arm-none-eabi/12.3.1/thumb/v7e-m+fp/hard/crti.o
                0x080052a4                _init
 .init          0x080052a8        0x8 D:/STM32CubeIDE_1.15.0/STM32CubeIDE/plugins/com.st.stm32cube.ide.mcu.externaltools.gnu-tools-for-stm32.12.3.rel1.win32_1.0.100.202403111256/tools/bin/../lib/gcc/arm-none-eabi/12.3.1/thumb/v7e-m+fp/hard/crtn.o
 *(.fini)
 .fini          0x080052b0        0x4 D:/STM32CubeIDE_1.15.0/STM32CubeIDE/plugins/com.st.stm32cube.ide.mcu.externaltools.gnu-tools-for-stm32.12.3.rel1.win32_1.0.100.202403111256/tools/bin/../lib/gcc/arm-none-eabi/12.3.1/thumb/v7e-m+fp/hard/crti.o
                0x080052b0                _fini
 .fini          0x080052b4        0x8 D:/STM32CubeIDE_1.15.0/STM32CubeIDE/plugins/com.st.stm32cube.ide.mcu.externaltools.gnu-tools-for-stm32.12.3.rel1.win32_1.0.100.202403111256/tools/bin/../lib/gcc/arm-none-eabi/12.3.1/thumb/v7e-m+fp/hard/crtn.o
                0x080052bc                        . = ALIGN (0x4)
                0x080052bc                        _etext = .

.vfp11_veneer   0x080052bc        0x0
 .vfp11_veneer  0x080052bc        0x0 linker stubs

.v4_bx          0x080052bc        0x0
 .v4_bx         0x080052bc        0x0 linker stubs

.iplt           0x080052bc        0x0
 .iplt          0x080052bc        0x0 D:/STM32CubeIDE_1.15.0/STM32CubeIDE/plugins/com.st.stm32cube.ide.mcu.externaltools.gnu-tools-for-stm32.12.3.rel1.win32_1.0.100.202403111256/tools/bin/../lib/gcc/arm-none-eabi/12.3.1/thumb/v7e-m+fp/hard/crtbegin.o

.rodata         0x080052bc      0x3a4
                0x080052bc                        . = ALIGN (0x4)
 *(.rodata)
 .rodata        0x080052bc       0x79 ./Core/Src/ad7606.o
 *fill*         0x08005335        0x3 
 .rodata        0x08005338       0x70 ./Core/Src/main.o
 *(.rodata*)
 .rodata.ad7606_range_table
                0x080053a8       0x18 ./Core/Src/ad7606.o
 .rodata.ad7609_range_table
                0x080053c0       0x18 ./Core/Src/ad7606.o
 .rodata.ad7606b_range_table
                0x080053d8       0x90 ./Core/Src/ad7606.o
 .rodata.ad7606c_range_table
                0x08005468       0xc0 ./Core/Src/ad7606.o
 .rodata.ad7606_chip_info_tbl
                0x08005528       0xd8 ./Core/Src/ad7606.o
 .rodata.tconv_max
                0x08005600       0x12 ./Core/Src/ad7606.o
 *fill*         0x08005612        0x2 
 .rodata.AHBPrescTable
                0x08005614       0x10 ./Core/Src/system_stm32f4xx.o
                0x08005614                AHBPrescTable
 .rodata.APBPrescTable
                0x08005624        0x8 ./Core/Src/system_stm32f4xx.o
                0x08005624                APBPrescTable
 .rodata._vfprintf_r.str1.1
                0x0800562c       0x11 D:/STM32CubeIDE_1.15.0/STM32CubeIDE/plugins/com.st.stm32cube.ide.mcu.externaltools.gnu-tools-for-stm32.12.3.rel1.win32_1.0.100.202403111256/tools/bin/../lib/gcc/arm-none-eabi/12.3.1/../../../../arm-none-eabi/lib/thumb/v7e-m+fp/hard\libc_nano.a(libc_a-nano-vfprintf.o)
 .rodata._printf_i.str1.1
                0x0800563d       0x22 D:/STM32CubeIDE_1.15.0/STM32CubeIDE/plugins/com.st.stm32cube.ide.mcu.externaltools.gnu-tools-for-stm32.12.3.rel1.win32_1.0.100.202403111256/tools/bin/../lib/gcc/arm-none-eabi/12.3.1/../../../../arm-none-eabi/lib/thumb/v7e-m+fp/hard\libc_nano.a(libc_a-nano-vfprintf_i.o)
                0x08005660                        . = ALIGN (0x4)
 *fill*         0x0800565f        0x1 

.ARM.extab      0x08005660        0x0
                0x08005660                        . = ALIGN (0x4)
 *(.ARM.extab* .gnu.linkonce.armextab.*)
                0x08005660                        . = ALIGN (0x4)

.ARM            0x08005660        0x8
                0x08005660                        . = ALIGN (0x4)
                0x08005660                        __exidx_start = .
 *(.ARM.exidx*)
 .ARM.exidx     0x08005660        0x8 D:/STM32CubeIDE_1.15.0/STM32CubeIDE/plugins/com.st.stm32cube.ide.mcu.externaltools.gnu-tools-for-stm32.12.3.rel1.win32_1.0.100.202403111256/tools/bin/../lib/gcc/arm-none-eabi/12.3.1/../../../../arm-none-eabi/lib/thumb/v7e-m+fp/hard\libc_nano.a(libc_a-memchr.o)
 .ARM.exidx     0x08005668        0x0 D:/STM32CubeIDE_1.15.0/STM32CubeIDE/plugins/com.st.stm32cube.ide.mcu.externaltools.gnu-tools-for-stm32.12.3.rel1.win32_1.0.100.202403111256/tools/bin/../lib/gcc/arm-none-eabi/12.3.1/thumb/v7e-m+fp/hard\libgcc.a(_udivmoddi4.o)
                                  0x8 (size before relaxing)
                0x08005668                        __exidx_end = .
                0x08005668                        . = ALIGN (0x4)

.preinit_array  0x08005668        0x0
                0x08005668                        . = ALIGN (0x4)
                0x08005668                        PROVIDE (__preinit_array_start = .)
 *(.preinit_array*)
                0x08005668                        PROVIDE (__preinit_array_end = .)
                0x08005668                        . = ALIGN (0x4)

.init_array     0x08005668        0x4
                0x08005668                        . = ALIGN (0x4)
                0x08005668                        PROVIDE (__init_array_start = .)
 *(SORT_BY_NAME(.init_array.*))
 *(.init_array*)
 .init_array    0x08005668        0x4 D:/STM32CubeIDE_1.15.0/STM32CubeIDE/plugins/com.st.stm32cube.ide.mcu.externaltools.gnu-tools-for-stm32.12.3.rel1.win32_1.0.100.202403111256/tools/bin/../lib/gcc/arm-none-eabi/12.3.1/thumb/v7e-m+fp/hard/crtbegin.o
                0x0800566c                        PROVIDE (__init_array_end = .)
                0x0800566c                        . = ALIGN (0x4)

.fini_array     0x0800566c        0x4
                0x0800566c                        . = ALIGN (0x4)
                [!provide]                        PROVIDE (__fini_array_start = .)
 *(SORT_BY_NAME(.fini_array.*))
 *(.fini_array*)
 .fini_array    0x0800566c        0x4 D:/STM32CubeIDE_1.15.0/STM32CubeIDE/plugins/com.st.stm32cube.ide.mcu.externaltools.gnu-tools-for-stm32.12.3.rel1.win32_1.0.100.202403111256/tools/bin/../lib/gcc/arm-none-eabi/12.3.1/thumb/v7e-m+fp/hard/crtbegin.o
                [!provide]                        PROVIDE (__fini_array_end = .)
                0x08005670                        . = ALIGN (0x4)
                0x08005670                        _sidata = LOADADDR (.data)

.rel.dyn        0x08005670        0x0
 .rel.iplt      0x08005670        0x0 D:/STM32CubeIDE_1.15.0/STM32CubeIDE/plugins/com.st.stm32cube.ide.mcu.externaltools.gnu-tools-for-stm32.12.3.rel1.win32_1.0.100.202403111256/tools/bin/../lib/gcc/arm-none-eabi/12.3.1/thumb/v7e-m+fp/hard/crtbegin.o

.data           0x20000000       0x6c load address 0x08005670
                0x20000000                        . = ALIGN (0x4)
                0x20000000                        _sdata = .
 *(.data)
 *(.data*)
 .data.firstrun.0
                0x20000000        0x1 ./Core/Src/stm32_delay.o
 *fill*         0x20000001        0x3 
 .data.SystemCoreClock
                0x20000004        0x4 ./Core/Src/system_stm32f4xx.o
                0x20000004                SystemCoreClock
 .data.uwTickPrio
                0x20000008        0x4 ./Drivers/STM32F4xx_HAL_Driver/Src/stm32f4xx_hal.o
                0x20000008                uwTickPrio
 .data.uwTickFreq
                0x2000000c        0x1 ./Drivers/STM32F4xx_HAL_Driver/Src/stm32f4xx_hal.o
                0x2000000c                uwTickFreq
 *fill*         0x2000000d        0x3 
 .data.__sglue  0x20000010        0xc D:/STM32CubeIDE_1.15.0/STM32CubeIDE/plugins/com.st.stm32cube.ide.mcu.externaltools.gnu-tools-for-stm32.12.3.rel1.win32_1.0.100.202403111256/tools/bin/../lib/gcc/arm-none-eabi/12.3.1/../../../../arm-none-eabi/lib/thumb/v7e-m+fp/hard\libc_nano.a(libc_a-findfp.o)
                0x20000010                __sglue
 .data._impure_ptr
                0x2000001c        0x4 D:/STM32CubeIDE_1.15.0/STM32CubeIDE/plugins/com.st.stm32cube.ide.mcu.externaltools.gnu-tools-for-stm32.12.3.rel1.win32_1.0.100.202403111256/tools/bin/../lib/gcc/arm-none-eabi/12.3.1/../../../../arm-none-eabi/lib/thumb/v7e-m+fp/hard\libc_nano.a(libc_a-impure.o)
                0x2000001c                _impure_ptr
 .data._impure_data
                0x20000020       0x4c D:/STM32CubeIDE_1.15.0/STM32CubeIDE/plugins/com.st.stm32cube.ide.mcu.externaltools.gnu-tools-for-stm32.12.3.rel1.win32_1.0.100.202403111256/tools/bin/../lib/gcc/arm-none-eabi/12.3.1/../../../../arm-none-eabi/lib/thumb/v7e-m+fp/hard\libc_nano.a(libc_a-impure.o)
                0x20000020                _impure_data
 *(.RamFunc)
 *(.RamFunc*)
                0x2000006c                        . = ALIGN (0x4)
                0x2000006c                        _edata = .

.igot.plt       0x2000006c        0x0 load address 0x080056dc
 .igot.plt      0x2000006c        0x0 D:/STM32CubeIDE_1.15.0/STM32CubeIDE/plugins/com.st.stm32cube.ide.mcu.externaltools.gnu-tools-for-stm32.12.3.rel1.win32_1.0.100.202403111256/tools/bin/../lib/gcc/arm-none-eabi/12.3.1/thumb/v7e-m+fp/hard/crtbegin.o
                0x2000006c                        . = ALIGN (0x4)

.bss            0x2000006c      0x57c load address 0x080056dc
                0x2000006c                        _sbss = .
                0x2000006c                        __bss_start__ = _sbss
 *(.bss)
 .bss           0x2000006c       0x1c D:/STM32CubeIDE_1.15.0/STM32CubeIDE/plugins/com.st.stm32cube.ide.mcu.externaltools.gnu-tools-for-stm32.12.3.rel1.win32_1.0.100.202403111256/tools/bin/../lib/gcc/arm-none-eabi/12.3.1/thumb/v7e-m+fp/hard/crtbegin.o
 *(.bss*)
 .bss.ad7606_crc8
                0x20000088      0x100 ./Core/Src/ad7606.o
 .bss.ad7606_crc16
                0x20000188      0x200 ./Core/Src/ad7606.o
 .bss.hspi1     0x20000388       0x58 ./Core/Src/main.o
                0x20000388                hspi1
 .bss.htim10    0x200003e0       0x48 ./Core/Src/main.o
                0x200003e0                htim10
 .bss.huart2    0x20000428       0x48 ./Core/Src/main.o
                0x20000428                huart2
 .bss.spi_table
                0x20000470       0x24 ./Core/Src/no_os_spi.o
 .bss.__sbrk_heap_end
                0x20000494        0x4 ./Core/Src/sysmem.o
 .bss.uwTick    0x20000498        0x4 ./Drivers/STM32F4xx_HAL_Driver/Src/stm32f4xx_hal.o
                0x20000498                uwTick
 .bss.__malloc_sbrk_start
                0x2000049c        0x4 D:/STM32CubeIDE_1.15.0/STM32CubeIDE/plugins/com.st.stm32cube.ide.mcu.externaltools.gnu-tools-for-stm32.12.3.rel1.win32_1.0.100.202403111256/tools/bin/../lib/gcc/arm-none-eabi/12.3.1/../../../../arm-none-eabi/lib/thumb/v7e-m+fp/hard\libc_nano.a(libc_a-mallocr.o)
                0x2000049c                __malloc_sbrk_start
 .bss.__malloc_free_list
                0x200004a0        0x4 D:/STM32CubeIDE_1.15.0/STM32CubeIDE/plugins/com.st.stm32cube.ide.mcu.externaltools.gnu-tools-for-stm32.12.3.rel1.win32_1.0.100.202403111256/tools/bin/../lib/gcc/arm-none-eabi/12.3.1/../../../../arm-none-eabi/lib/thumb/v7e-m+fp/hard\libc_nano.a(libc_a-mallocr.o)
                0x200004a0                __malloc_free_list
 .bss.__sf      0x200004a4      0x138 D:/STM32CubeIDE_1.15.0/STM32CubeIDE/plugins/com.st.stm32cube.ide.mcu.externaltools.gnu-tools-for-stm32.12.3.rel1.win32_1.0.100.202403111256/tools/bin/../lib/gcc/arm-none-eabi/12.3.1/../../../../arm-none-eabi/lib/thumb/v7e-m+fp/hard\libc_nano.a(libc_a-findfp.o)
                0x200004a4                __sf
 .bss.__stdio_exit_handler
                0x200005dc        0x4 D:/STM32CubeIDE_1.15.0/STM32CubeIDE/plugins/com.st.stm32cube.ide.mcu.externaltools.gnu-tools-for-stm32.12.3.rel1.win32_1.0.100.202403111256/tools/bin/../lib/gcc/arm-none-eabi/12.3.1/../../../../arm-none-eabi/lib/thumb/v7e-m+fp/hard\libc_nano.a(libc_a-findfp.o)
                0x200005dc                __stdio_exit_handler
 .bss.errno     0x200005e0        0x4 D:/STM32CubeIDE_1.15.0/STM32CubeIDE/plugins/com.st.stm32cube.ide.mcu.externaltools.gnu-tools-for-stm32.12.3.rel1.win32_1.0.100.202403111256/tools/bin/../lib/gcc/arm-none-eabi/12.3.1/../../../../arm-none-eabi/lib/thumb/v7e-m+fp/hard\libc_nano.a(libc_a-reent.o)
                0x200005e0                errno
 .bss.__lock___malloc_recursive_mutex
                0x200005e4        0x1 D:/STM32CubeIDE_1.15.0/STM32CubeIDE/plugins/com.st.stm32cube.ide.mcu.externaltools.gnu-tools-for-stm32.12.3.rel1.win32_1.0.100.202403111256/tools/bin/../lib/gcc/arm-none-eabi/12.3.1/../../../../arm-none-eabi/lib/thumb/v7e-m+fp/hard\libc_nano.a(libc_a-lock.o)
                0x200005e4                __lock___malloc_recursive_mutex
 .bss.__lock___sfp_recursive_mutex
                0x200005e5        0x1 D:/STM32CubeIDE_1.15.0/STM32CubeIDE/plugins/com.st.stm32cube.ide.mcu.externaltools.gnu-tools-for-stm32.12.3.rel1.win32_1.0.100.202403111256/tools/bin/../lib/gcc/arm-none-eabi/12.3.1/../../../../arm-none-eabi/lib/thumb/v7e-m+fp/hard\libc_nano.a(libc_a-lock.o)
                0x200005e5                __lock___sfp_recursive_mutex
 *(COMMON)
                0x200005e8                        . = ALIGN (0x4)
 *fill*         0x200005e6        0x2 
                0x200005e8                        _ebss = .
                0x200005e8                        __bss_end__ = _ebss

._user_heap_stack
                0x200005e8      0x600 load address 0x080056dc
                0x200005e8                        . = ALIGN (0x8)
                [!provide]                        PROVIDE (end = .)
                0x200005e8                        PROVIDE (_end = .)
                0x200007e8                        . = (. + _Min_Heap_Size)
 *fill*         0x200005e8      0x200 
                0x20000be8                        . = (. + _Min_Stack_Size)
 *fill*         0x200007e8      0x400 
                0x20000be8                        . = ALIGN (0x8)

/DISCARD/
 libc.a(*)
 libm.a(*)
 libgcc.a(*)

.ARM.attributes
                0x00000000       0x30
 *(.ARM.attributes)
 .ARM.attributes
                0x00000000       0x22 D:/STM32CubeIDE_1.15.0/STM32CubeIDE/plugins/com.st.stm32cube.ide.mcu.externaltools.gnu-tools-for-stm32.12.3.rel1.win32_1.0.100.202403111256/tools/bin/../lib/gcc/arm-none-eabi/12.3.1/thumb/v7e-m+fp/hard/crti.o
 .ARM.attributes
                0x00000022       0x34 D:/STM32CubeIDE_1.15.0/STM32CubeIDE/plugins/com.st.stm32cube.ide.mcu.externaltools.gnu-tools-for-stm32.12.3.rel1.win32_1.0.100.202403111256/tools/bin/../lib/gcc/arm-none-eabi/12.3.1/thumb/v7e-m+fp/hard/crtbegin.o
 .ARM.attributes
                0x00000056       0x34 ./Core/Src/ad7606.o
 .ARM.attributes
                0x0000008a       0x34 ./Core/Src/main.o
 .ARM.attributes
                0x000000be       0x34 ./Core/Src/no_os_alloc.o
 .ARM.attributes
                0x000000f2       0x34 ./Core/Src/no_os_crc16.o
 .ARM.attributes
                0x00000126       0x34 ./Core/Src/no_os_crc8.o
 .ARM.attributes
                0x0000015a       0x34 ./Core/Src/no_os_gpio.o
 .ARM.attributes
                0x0000018e       0x34 ./Core/Src/no_os_mutex.o
 .ARM.attributes
                0x000001c2       0x34 ./Core/Src/no_os_spi.o
 .ARM.attributes
                0x000001f6       0x34 ./Core/Src/no_os_util.o
 .ARM.attributes
                0x0000022a       0x34 ./Core/Src/stm32_delay.o
 .ARM.attributes
                0x0000025e       0x34 ./Core/Src/stm32f4xx_hal_msp.o
 .ARM.attributes
                0x00000292       0x34 ./Core/Src/stm32f4xx_it.o
 .ARM.attributes
                0x000002c6       0x34 ./Core/Src/syscalls.o
 .ARM.attributes
                0x000002fa       0x34 ./Core/Src/sysmem.o
 .ARM.attributes
                0x0000032e       0x34 ./Core/Src/system_stm32f4xx.o
 .ARM.attributes
                0x00000362       0x21 ./Core/Startup/startup_stm32f401retx.o
 .ARM.attributes
                0x00000383       0x34 ./Drivers/STM32F4xx_HAL_Driver/Src/stm32f4xx_hal.o
 .ARM.attributes
                0x000003b7       0x34 ./Drivers/STM32F4xx_HAL_Driver/Src/stm32f4xx_hal_cortex.o
 .ARM.attributes
                0x000003eb       0x34 ./Drivers/STM32F4xx_HAL_Driver/Src/stm32f4xx_hal_gpio.o
 .ARM.attributes
                0x0000041f       0x34 ./Drivers/STM32F4xx_HAL_Driver/Src/stm32f4xx_hal_rcc.o
 .ARM.attributes
                0x00000453       0x34 ./Drivers/STM32F4xx_HAL_Driver/Src/stm32f4xx_hal_spi.o
 .ARM.attributes
                0x00000487       0x34 ./Drivers/STM32F4xx_HAL_Driver/Src/stm32f4xx_hal_tim.o
 .ARM.attributes
                0x000004bb       0x34 ./Drivers/STM32F4xx_HAL_Driver/Src/stm32f4xx_hal_uart.o
 .ARM.attributes
                0x000004ef       0x34 D:/STM32CubeIDE_1.15.0/STM32CubeIDE/plugins/com.st.stm32cube.ide.mcu.externaltools.gnu-tools-for-stm32.12.3.rel1.win32_1.0.100.202403111256/tools/bin/../lib/gcc/arm-none-eabi/12.3.1/../../../../arm-none-eabi/lib/thumb/v7e-m+fp/hard\libc_nano.a(libc_a-calloc.o)
 .ARM.attributes
                0x00000523       0x34 D:/STM32CubeIDE_1.15.0/STM32CubeIDE/plugins/com.st.stm32cube.ide.mcu.externaltools.gnu-tools-for-stm32.12.3.rel1.win32_1.0.100.202403111256/tools/bin/../lib/gcc/arm-none-eabi/12.3.1/../../../../arm-none-eabi/lib/thumb/v7e-m+fp/hard\libc_nano.a(libc_a-callocr.o)
 .ARM.attributes
                0x00000557       0x34 D:/STM32CubeIDE_1.15.0/STM32CubeIDE/plugins/com.st.stm32cube.ide.mcu.externaltools.gnu-tools-for-stm32.12.3.rel1.win32_1.0.100.202403111256/tools/bin/../lib/gcc/arm-none-eabi/12.3.1/../../../../arm-none-eabi/lib/thumb/v7e-m+fp/hard\libc_nano.a(libc_a-malloc.o)
 .ARM.attributes
                0x0000058b       0x34 D:/STM32CubeIDE_1.15.0/STM32CubeIDE/plugins/com.st.stm32cube.ide.mcu.externaltools.gnu-tools-for-stm32.12.3.rel1.win32_1.0.100.202403111256/tools/bin/../lib/gcc/arm-none-eabi/12.3.1/../../../../arm-none-eabi/lib/thumb/v7e-m+fp/hard\libc_nano.a(libc_a-mallocr.o)
 .ARM.attributes
                0x000005bf       0x34 D:/STM32CubeIDE_1.15.0/STM32CubeIDE/plugins/com.st.stm32cube.ide.mcu.externaltools.gnu-tools-for-stm32.12.3.rel1.win32_1.0.100.202403111256/tools/bin/../lib/gcc/arm-none-eabi/12.3.1/../../../../arm-none-eabi/lib/thumb/v7e-m+fp/hard\libc_nano.a(libc_a-mlock.o)
 .ARM.attributes
                0x000005f3       0x34 D:/STM32CubeIDE_1.15.0/STM32CubeIDE/plugins/com.st.stm32cube.ide.mcu.externaltools.gnu-tools-for-stm32.12.3.rel1.win32_1.0.100.202403111256/tools/bin/../lib/gcc/arm-none-eabi/12.3.1/../../../../arm-none-eabi/lib/thumb/v7e-m+fp/hard\libc_nano.a(libc_a-findfp.o)
 .ARM.attributes
                0x00000627       0x34 D:/STM32CubeIDE_1.15.0/STM32CubeIDE/plugins/com.st.stm32cube.ide.mcu.externaltools.gnu-tools-for-stm32.12.3.rel1.win32_1.0.100.202403111256/tools/bin/../lib/gcc/arm-none-eabi/12.3.1/../../../../arm-none-eabi/lib/thumb/v7e-m+fp/hard\libc_nano.a(libc_a-fwalk.o)
 .ARM.attributes
                0x0000065b       0x34 D:/STM32CubeIDE_1.15.0/STM32CubeIDE/plugins/com.st.stm32cube.ide.mcu.externaltools.gnu-tools-for-stm32.12.3.rel1.win32_1.0.100.202403111256/tools/bin/../lib/gcc/arm-none-eabi/12.3.1/../../../../arm-none-eabi/lib/thumb/v7e-m+fp/hard\libc_nano.a(libc_a-printf.o)
 .ARM.attributes
                0x0000068f       0x34 D:/STM32CubeIDE_1.15.0/STM32CubeIDE/plugins/com.st.stm32cube.ide.mcu.externaltools.gnu-tools-for-stm32.12.3.rel1.win32_1.0.100.202403111256/tools/bin/../lib/gcc/arm-none-eabi/12.3.1/../../../../arm-none-eabi/lib/thumb/v7e-m+fp/hard\libc_nano.a(libc_a-puts.o)
 .ARM.attributes
                0x000006c3       0x34 D:/STM32CubeIDE_1.15.0/STM32CubeIDE/plugins/com.st.stm32cube.ide.mcu.externaltools.gnu-tools-for-stm32.12.3.rel1.win32_1.0.100.202403111256/tools/bin/../lib/gcc/arm-none-eabi/12.3.1/../../../../arm-none-eabi/lib/thumb/v7e-m+fp/hard\libc_nano.a(libc_a-stdio.o)
 .ARM.attributes
                0x000006f7       0x34 D:/STM32CubeIDE_1.15.0/STM32CubeIDE/plugins/com.st.stm32cube.ide.mcu.externaltools.gnu-tools-for-stm32.12.3.rel1.win32_1.0.100.202403111256/tools/bin/../lib/gcc/arm-none-eabi/12.3.1/../../../../arm-none-eabi/lib/thumb/v7e-m+fp/hard\libc_nano.a(libc_a-wbuf.o)
 .ARM.attributes
                0x0000072b       0x34 D:/STM32CubeIDE_1.15.0/STM32CubeIDE/plugins/com.st.stm32cube.ide.mcu.externaltools.gnu-tools-for-stm32.12.3.rel1.win32_1.0.100.202403111256/tools/bin/../lib/gcc/arm-none-eabi/12.3.1/../../../../arm-none-eabi/lib/thumb/v7e-m+fp/hard\libc_nano.a(libc_a-wsetup.o)
 .ARM.attributes
                0x0000075f       0x34 D:/STM32CubeIDE_1.15.0/STM32CubeIDE/plugins/com.st.stm32cube.ide.mcu.externaltools.gnu-tools-for-stm32.12.3.rel1.win32_1.0.100.202403111256/tools/bin/../lib/gcc/arm-none-eabi/12.3.1/../../../../arm-none-eabi/lib/thumb/v7e-m+fp/hard\libc_nano.a(libc_a-memset.o)
 .ARM.attributes
                0x00000793       0x34 D:/STM32CubeIDE_1.15.0/STM32CubeIDE/plugins/com.st.stm32cube.ide.mcu.externaltools.gnu-tools-for-stm32.12.3.rel1.win32_1.0.100.202403111256/tools/bin/../lib/gcc/arm-none-eabi/12.3.1/../../../../arm-none-eabi/lib/thumb/v7e-m+fp/hard\libc_nano.a(libc_a-closer.o)
 .ARM.attributes
                0x000007c7       0x34 D:/STM32CubeIDE_1.15.0/STM32CubeIDE/plugins/com.st.stm32cube.ide.mcu.externaltools.gnu-tools-for-stm32.12.3.rel1.win32_1.0.100.202403111256/tools/bin/../lib/gcc/arm-none-eabi/12.3.1/../../../../arm-none-eabi/lib/thumb/v7e-m+fp/hard\libc_nano.a(libc_a-reent.o)
 .ARM.attributes
                0x000007fb       0x34 D:/STM32CubeIDE_1.15.0/STM32CubeIDE/plugins/com.st.stm32cube.ide.mcu.externaltools.gnu-tools-for-stm32.12.3.rel1.win32_1.0.100.202403111256/tools/bin/../lib/gcc/arm-none-eabi/12.3.1/../../../../arm-none-eabi/lib/thumb/v7e-m+fp/hard\libc_nano.a(libc_a-impure.o)
 .ARM.attributes
                0x0000082f       0x34 D:/STM32CubeIDE_1.15.0/STM32CubeIDE/plugins/com.st.stm32cube.ide.mcu.externaltools.gnu-tools-for-stm32.12.3.rel1.win32_1.0.100.202403111256/tools/bin/../lib/gcc/arm-none-eabi/12.3.1/../../../../arm-none-eabi/lib/thumb/v7e-m+fp/hard\libc_nano.a(libc_a-lseekr.o)
 .ARM.attributes
                0x00000863       0x34 D:/STM32CubeIDE_1.15.0/STM32CubeIDE/plugins/com.st.stm32cube.ide.mcu.externaltools.gnu-tools-for-stm32.12.3.rel1.win32_1.0.100.202403111256/tools/bin/../lib/gcc/arm-none-eabi/12.3.1/../../../../arm-none-eabi/lib/thumb/v7e-m+fp/hard\libc_nano.a(libc_a-readr.o)
 .ARM.attributes
                0x00000897       0x34 D:/STM32CubeIDE_1.15.0/STM32CubeIDE/plugins/com.st.stm32cube.ide.mcu.externaltools.gnu-tools-for-stm32.12.3.rel1.win32_1.0.100.202403111256/tools/bin/../lib/gcc/arm-none-eabi/12.3.1/../../../../arm-none-eabi/lib/thumb/v7e-m+fp/hard\libc_nano.a(libc_a-sbrkr.o)
 .ARM.attributes
                0x000008cb       0x34 D:/STM32CubeIDE_1.15.0/STM32CubeIDE/plugins/com.st.stm32cube.ide.mcu.externaltools.gnu-tools-for-stm32.12.3.rel1.win32_1.0.100.202403111256/tools/bin/../lib/gcc/arm-none-eabi/12.3.1/../../../../arm-none-eabi/lib/thumb/v7e-m+fp/hard\libc_nano.a(libc_a-writer.o)
 .ARM.attributes
                0x000008ff       0x34 D:/STM32CubeIDE_1.15.0/STM32CubeIDE/plugins/com.st.stm32cube.ide.mcu.externaltools.gnu-tools-for-stm32.12.3.rel1.win32_1.0.100.202403111256/tools/bin/../lib/gcc/arm-none-eabi/12.3.1/../../../../arm-none-eabi/lib/thumb/v7e-m+fp/hard\libc_nano.a(libc_a-errno.o)
 .ARM.attributes
                0x00000933       0x34 D:/STM32CubeIDE_1.15.0/STM32CubeIDE/plugins/com.st.stm32cube.ide.mcu.externaltools.gnu-tools-for-stm32.12.3.rel1.win32_1.0.100.202403111256/tools/bin/../lib/gcc/arm-none-eabi/12.3.1/../../../../arm-none-eabi/lib/thumb/v7e-m+fp/hard\libc_nano.a(libc_a-init.o)
 .ARM.attributes
                0x00000967       0x34 D:/STM32CubeIDE_1.15.0/STM32CubeIDE/plugins/com.st.stm32cube.ide.mcu.externaltools.gnu-tools-for-stm32.12.3.rel1.win32_1.0.100.202403111256/tools/bin/../lib/gcc/arm-none-eabi/12.3.1/../../../../arm-none-eabi/lib/thumb/v7e-m+fp/hard\libc_nano.a(libc_a-lock.o)
 .ARM.attributes
                0x0000099b       0x34 D:/STM32CubeIDE_1.15.0/STM32CubeIDE/plugins/com.st.stm32cube.ide.mcu.externaltools.gnu-tools-for-stm32.12.3.rel1.win32_1.0.100.202403111256/tools/bin/../lib/gcc/arm-none-eabi/12.3.1/../../../../arm-none-eabi/lib/thumb/v7e-m+fp/hard\libc_nano.a(libc_a-freer.o)
 .ARM.attributes
                0x000009cf       0x34 D:/STM32CubeIDE_1.15.0/STM32CubeIDE/plugins/com.st.stm32cube.ide.mcu.externaltools.gnu-tools-for-stm32.12.3.rel1.win32_1.0.100.202403111256/tools/bin/../lib/gcc/arm-none-eabi/12.3.1/../../../../arm-none-eabi/lib/thumb/v7e-m+fp/hard\libc_nano.a(libc_a-nano-vfprintf.o)
 .ARM.attributes
                0x00000a03       0x34 D:/STM32CubeIDE_1.15.0/STM32CubeIDE/plugins/com.st.stm32cube.ide.mcu.externaltools.gnu-tools-for-stm32.12.3.rel1.win32_1.0.100.202403111256/tools/bin/../lib/gcc/arm-none-eabi/12.3.1/../../../../arm-none-eabi/lib/thumb/v7e-m+fp/hard\libc_nano.a(libc_a-nano-vfprintf_i.o)
 .ARM.attributes
                0x00000a37       0x34 D:/STM32CubeIDE_1.15.0/STM32CubeIDE/plugins/com.st.stm32cube.ide.mcu.externaltools.gnu-tools-for-stm32.12.3.rel1.win32_1.0.100.202403111256/tools/bin/../lib/gcc/arm-none-eabi/12.3.1/../../../../arm-none-eabi/lib/thumb/v7e-m+fp/hard\libc_nano.a(libc_a-fflush.o)
 .ARM.attributes
                0x00000a6b       0x34 D:/STM32CubeIDE_1.15.0/STM32CubeIDE/plugins/com.st.stm32cube.ide.mcu.externaltools.gnu-tools-for-stm32.12.3.rel1.win32_1.0.100.202403111256/tools/bin/../lib/gcc/arm-none-eabi/12.3.1/../../../../arm-none-eabi/lib/thumb/v7e-m+fp/hard\libc_nano.a(libc_a-makebuf.o)
 .ARM.attributes
                0x00000a9f       0x34 D:/STM32CubeIDE_1.15.0/STM32CubeIDE/plugins/com.st.stm32cube.ide.mcu.externaltools.gnu-tools-for-stm32.12.3.rel1.win32_1.0.100.202403111256/tools/bin/../lib/gcc/arm-none-eabi/12.3.1/../../../../arm-none-eabi/lib/thumb/v7e-m+fp/hard\libc_nano.a(libc_a-fstatr.o)
 .ARM.attributes
                0x00000ad3       0x34 D:/STM32CubeIDE_1.15.0/STM32CubeIDE/plugins/com.st.stm32cube.ide.mcu.externaltools.gnu-tools-for-stm32.12.3.rel1.win32_1.0.100.202403111256/tools/bin/../lib/gcc/arm-none-eabi/12.3.1/../../../../arm-none-eabi/lib/thumb/v7e-m+fp/hard\libc_nano.a(libc_a-isattyr.o)
 .ARM.attributes
                0x00000b07       0x1c D:/STM32CubeIDE_1.15.0/STM32CubeIDE/plugins/com.st.stm32cube.ide.mcu.externaltools.gnu-tools-for-stm32.12.3.rel1.win32_1.0.100.202403111256/tools/bin/../lib/gcc/arm-none-eabi/12.3.1/../../../../arm-none-eabi/lib/thumb/v7e-m+fp/hard\libc_nano.a(libc_a-memchr.o)
 .ARM.attributes
                0x00000b23       0x22 D:/STM32CubeIDE_1.15.0/STM32CubeIDE/plugins/com.st.stm32cube.ide.mcu.externaltools.gnu-tools-for-stm32.12.3.rel1.win32_1.0.100.202403111256/tools/bin/../lib/gcc/arm-none-eabi/12.3.1/thumb/v7e-m+fp/hard\libgcc.a(_aeabi_uldivmod.o)
 .ARM.attributes
                0x00000b45       0x34 D:/STM32CubeIDE_1.15.0/STM32CubeIDE/plugins/com.st.stm32cube.ide.mcu.externaltools.gnu-tools-for-stm32.12.3.rel1.win32_1.0.100.202403111256/tools/bin/../lib/gcc/arm-none-eabi/12.3.1/thumb/v7e-m+fp/hard\libgcc.a(_udivmoddi4.o)
 .ARM.attributes
                0x00000b79       0x22 D:/STM32CubeIDE_1.15.0/STM32CubeIDE/plugins/com.st.stm32cube.ide.mcu.externaltools.gnu-tools-for-stm32.12.3.rel1.win32_1.0.100.202403111256/tools/bin/../lib/gcc/arm-none-eabi/12.3.1/thumb/v7e-m+fp/hard\libgcc.a(_dvmd_tls.o)
 .ARM.attributes
                0x00000b9b       0x22 D:/STM32CubeIDE_1.15.0/STM32CubeIDE/plugins/com.st.stm32cube.ide.mcu.externaltools.gnu-tools-for-stm32.12.3.rel1.win32_1.0.100.202403111256/tools/bin/../lib/gcc/arm-none-eabi/12.3.1/thumb/v7e-m+fp/hard/crtn.o
OUTPUT(STM-AD7606.elf elf32-littlearm)
LOAD linker stubs
LOAD D:/STM32CubeIDE_1.15.0/STM32CubeIDE/plugins/com.st.stm32cube.ide.mcu.externaltools.gnu-tools-for-stm32.12.3.rel1.win32_1.0.100.202403111256/tools/bin/../lib/gcc/arm-none-eabi/12.3.1/../../../../arm-none-eabi/lib/thumb/v7e-m+fp/hard\libc.a
LOAD D:/STM32CubeIDE_1.15.0/STM32CubeIDE/plugins/com.st.stm32cube.ide.mcu.externaltools.gnu-tools-for-stm32.12.3.rel1.win32_1.0.100.202403111256/tools/bin/../lib/gcc/arm-none-eabi/12.3.1/../../../../arm-none-eabi/lib/thumb/v7e-m+fp/hard\libm.a
LOAD D:/STM32CubeIDE_1.15.0/STM32CubeIDE/plugins/com.st.stm32cube.ide.mcu.externaltools.gnu-tools-for-stm32.12.3.rel1.win32_1.0.100.202403111256/tools/bin/../lib/gcc/arm-none-eabi/12.3.1/thumb/v7e-m+fp/hard\libgcc.a

.debug_info     0x00000000    0x1069f
 .debug_info    0x00000000     0x17c1 ./Core/Src/ad7606.o
 .debug_info    0x000017c1     0x1cd9 ./Core/Src/main.o
 .debug_info    0x0000349a      0x14e ./Core/Src/no_os_alloc.o
 .debug_info    0x000035e8      0x1c1 ./Core/Src/no_os_crc16.o
 .debug_info    0x000037a9      0x19f ./Core/Src/no_os_crc8.o
 .debug_info    0x00003948      0x404 ./Core/Src/no_os_gpio.o
 .debug_info    0x00003d4c       0xc3 ./Core/Src/no_os_mutex.o
 .debug_info    0x00003e0f      0x705 ./Core/Src/no_os_spi.o
 .debug_info    0x00004514      0xb87 ./Core/Src/no_os_util.o
 .debug_info    0x0000509b      0x32d ./Core/Src/stm32_delay.o
 .debug_info    0x000053c8      0xff2 ./Core/Src/stm32f4xx_hal_msp.o
 .debug_info    0x000063ba      0x112 ./Core/Src/stm32f4xx_it.o
 .debug_info    0x000064cc      0x6a3 ./Core/Src/syscalls.o
 .debug_info    0x00006b6f      0x168 ./Core/Src/sysmem.o
 .debug_info    0x00006cd7      0x53e ./Core/Src/system_stm32f4xx.o
 .debug_info    0x00007215       0x30 ./Core/Startup/startup_stm32f401retx.o
 .debug_info    0x00007245      0x8bb ./Drivers/STM32F4xx_HAL_Driver/Src/stm32f4xx_hal.o
 .debug_info    0x00007b00      0xcc1 ./Drivers/STM32F4xx_HAL_Driver/Src/stm32f4xx_hal_cortex.o
 .debug_info    0x000087c1      0x6f9 ./Drivers/STM32F4xx_HAL_Driver/Src/stm32f4xx_hal_gpio.o
 .debug_info    0x00008eba      0x8f3 ./Drivers/STM32F4xx_HAL_Driver/Src/stm32f4xx_hal_rcc.o
 .debug_info    0x000097ad     0x1606 ./Drivers/STM32F4xx_HAL_Driver/Src/stm32f4xx_hal_spi.o
 .debug_info    0x0000adb3     0x2996 ./Drivers/STM32F4xx_HAL_Driver/Src/stm32f4xx_hal_tim.o
 .debug_info    0x0000d749     0x2f56 ./Drivers/STM32F4xx_HAL_Driver/Src/stm32f4xx_hal_uart.o

.debug_abbrev   0x00000000     0x2719
 .debug_abbrev  0x00000000      0x292 ./Core/Src/ad7606.o
 .debug_abbrev  0x00000292      0x312 ./Core/Src/main.o
 .debug_abbrev  0x000005a4       0xed ./Core/Src/no_os_alloc.o
 .debug_abbrev  0x00000691       0xd3 ./Core/Src/no_os_crc16.o
 .debug_abbrev  0x00000764       0xd3 ./Core/Src/no_os_crc8.o
 .debug_abbrev  0x00000837      0x107 ./Core/Src/no_os_gpio.o
 .debug_abbrev  0x0000093e       0x54 ./Core/Src/no_os_mutex.o
 .debug_abbrev  0x00000992      0x1d3 ./Core/Src/no_os_spi.o
 .debug_abbrev  0x00000b65      0x1ef ./Core/Src/no_os_util.o
 .debug_abbrev  0x00000d54      0x190 ./Core/Src/stm32_delay.o
 .debug_abbrev  0x00000ee4      0x1f1 ./Core/Src/stm32f4xx_hal_msp.o
 .debug_abbrev  0x000010d5       0x73 ./Core/Src/stm32f4xx_it.o
 .debug_abbrev  0x00001148      0x1b6 ./Core/Src/syscalls.o
 .debug_abbrev  0x000012fe       0xbc ./Core/Src/sysmem.o
 .debug_abbrev  0x000013ba      0x11a ./Core/Src/system_stm32f4xx.o
 .debug_abbrev  0x000014d4       0x24 ./Core/Startup/startup_stm32f401retx.o
 .debug_abbrev  0x000014f8      0x24b ./Drivers/STM32F4xx_HAL_Driver/Src/stm32f4xx_hal.o
 .debug_abbrev  0x00001743      0x328 ./Drivers/STM32F4xx_HAL_Driver/Src/stm32f4xx_hal_cortex.o
 .debug_abbrev  0x00001a6b      0x1d3 ./Drivers/STM32F4xx_HAL_Driver/Src/stm32f4xx_hal_gpio.o
 .debug_abbrev  0x00001c3e      0x2b5 ./Drivers/STM32F4xx_HAL_Driver/Src/stm32f4xx_hal_rcc.o
 .debug_abbrev  0x00001ef3      0x280 ./Drivers/STM32F4xx_HAL_Driver/Src/stm32f4xx_hal_spi.o
 .debug_abbrev  0x00002173      0x28b ./Drivers/STM32F4xx_HAL_Driver/Src/stm32f4xx_hal_tim.o
 .debug_abbrev  0x000023fe      0x31b ./Drivers/STM32F4xx_HAL_Driver/Src/stm32f4xx_hal_uart.o

.debug_aranges  0x00000000     0x1058
 .debug_aranges
                0x00000000       0xc0 ./Core/Src/ad7606.o
 .debug_aranges
                0x000000c0       0x50 ./Core/Src/main.o
 .debug_aranges
                0x00000110       0x30 ./Core/Src/no_os_alloc.o
 .debug_aranges
                0x00000140       0x28 ./Core/Src/no_os_crc16.o
 .debug_aranges
                0x00000168       0x28 ./Core/Src/no_os_crc8.o
 .debug_aranges
                0x00000190       0x58 ./Core/Src/no_os_gpio.o
 .debug_aranges
                0x000001e8       0x38 ./Core/Src/no_os_mutex.o
 .debug_aranges
                0x00000220       0x58 ./Core/Src/no_os_spi.o
 .debug_aranges
                0x00000278      0x150 ./Core/Src/no_os_util.o
 .debug_aranges
                0x000003c8       0x30 ./Core/Src/stm32_delay.o
 .debug_aranges
                0x000003f8       0x50 ./Core/Src/stm32f4xx_hal_msp.o
 .debug_aranges
                0x00000448       0x60 ./Core/Src/stm32f4xx_it.o
 .debug_aranges
                0x000004a8       0xa8 ./Core/Src/syscalls.o
 .debug_aranges
                0x00000550       0x20 ./Core/Src/sysmem.o
 .debug_aranges
                0x00000570       0x28 ./Core/Src/system_stm32f4xx.o
 .debug_aranges
                0x00000598       0x28 ./Core/Startup/startup_stm32f401retx.o
 .debug_aranges
                0x000005c0       0xf0 ./Drivers/STM32F4xx_HAL_Driver/Src/stm32f4xx_hal.o
 .debug_aranges
                0x000006b0      0x120 ./Drivers/STM32F4xx_HAL_Driver/Src/stm32f4xx_hal_cortex.o
 .debug_aranges
                0x000007d0       0x58 ./Drivers/STM32F4xx_HAL_Driver/Src/stm32f4xx_hal_gpio.o
 .debug_aranges
                0x00000828       0x88 ./Drivers/STM32F4xx_HAL_Driver/Src/stm32f4xx_hal_rcc.o
 .debug_aranges
                0x000008b0      0x1d0 ./Drivers/STM32F4xx_HAL_Driver/Src/stm32f4xx_hal_spi.o
 .debug_aranges
                0x00000a80      0x3d0 ./Drivers/STM32F4xx_HAL_Driver/Src/stm32f4xx_hal_tim.o
 .debug_aranges
                0x00000e50      0x208 ./Drivers/STM32F4xx_HAL_Driver/Src/stm32f4xx_hal_uart.o

.debug_rnglists
                0x00000000      0xc87
 .debug_rnglists
                0x00000000       0x9a ./Core/Src/ad7606.o
 .debug_rnglists
                0x0000009a       0x3a ./Core/Src/main.o
 .debug_rnglists
                0x000000d4       0x1f ./Core/Src/no_os_alloc.o
 .debug_rnglists
                0x000000f3       0x19 ./Core/Src/no_os_crc16.o
 .debug_rnglists
                0x0000010c       0x19 ./Core/Src/no_os_crc8.o
 .debug_rnglists
                0x00000125       0x3d ./Core/Src/no_os_gpio.o
 .debug_rnglists
                0x00000162       0x25 ./Core/Src/no_os_mutex.o
 .debug_rnglists
                0x00000187       0x3f ./Core/Src/no_os_spi.o
 .debug_rnglists
                0x000001c6       0xf9 ./Core/Src/no_os_util.o
 .debug_rnglists
                0x000002bf       0x20 ./Core/Src/stm32_delay.o
 .debug_rnglists
                0x000002df       0x39 ./Core/Src/stm32f4xx_hal_msp.o
 .debug_rnglists
                0x00000318       0x43 ./Core/Src/stm32f4xx_it.o
 .debug_rnglists
                0x0000035b       0x79 ./Core/Src/syscalls.o
 .debug_rnglists
                0x000003d4       0x13 ./Core/Src/sysmem.o
 .debug_rnglists
                0x000003e7       0x1a ./Core/Src/system_stm32f4xx.o
 .debug_rnglists
                0x00000401       0x19 ./Core/Startup/startup_stm32f401retx.o
 .debug_rnglists
                0x0000041a       0xaf ./Drivers/STM32F4xx_HAL_Driver/Src/stm32f4xx_hal.o
 .debug_rnglists
                0x000004c9       0xd4 ./Drivers/STM32F4xx_HAL_Driver/Src/stm32f4xx_hal_cortex.o
 .debug_rnglists
                0x0000059d       0x3f ./Drivers/STM32F4xx_HAL_Driver/Src/stm32f4xx_hal_gpio.o
 .debug_rnglists
                0x000005dc       0x66 ./Drivers/STM32F4xx_HAL_Driver/Src/stm32f4xx_hal_rcc.o
 .debug_rnglists
                0x00000642      0x16f ./Drivers/STM32F4xx_HAL_Driver/Src/stm32f4xx_hal_spi.o
 .debug_rnglists
                0x000007b1      0x31a ./Drivers/STM32F4xx_HAL_Driver/Src/stm32f4xx_hal_tim.o
 .debug_rnglists
                0x00000acb      0x1bc ./Drivers/STM32F4xx_HAL_Driver/Src/stm32f4xx_hal_uart.o

.debug_macro    0x00000000    0x18083
 .debug_macro   0x00000000      0x284 ./Core/Src/ad7606.o
 .debug_macro   0x00000284      0xab4 ./Core/Src/ad7606.o
 .debug_macro   0x00000d38       0x22 ./Core/Src/ad7606.o
 .debug_macro   0x00000d5a       0x5b ./Core/Src/ad7606.o
 .debug_macro   0x00000db5       0x2a ./Core/Src/ad7606.o
 .debug_macro   0x00000ddf       0x94 ./Core/Src/ad7606.o
 .debug_macro   0x00000e73       0x43 ./Core/Src/ad7606.o
 .debug_macro   0x00000eb6       0x34 ./Core/Src/ad7606.o
 .debug_macro   0x00000eea       0x16 ./Core/Src/ad7606.o
 .debug_macro   0x00000f00       0x57 ./Core/Src/ad7606.o
 .debug_macro   0x00000f57       0x9e ./Core/Src/ad7606.o
 .debug_macro   0x00000ff5      0x369 ./Core/Src/ad7606.o
 .debug_macro   0x0000135e      0x10b ./Core/Src/ad7606.o
 .debug_macro   0x00001469       0x10 ./Core/Src/ad7606.o
 .debug_macro   0x00001479       0x16 ./Core/Src/ad7606.o
 .debug_macro   0x0000148f       0x43 ./Core/Src/ad7606.o
 .debug_macro   0x000014d2       0x34 ./Core/Src/ad7606.o
 .debug_macro   0x00001506       0x10 ./Core/Src/ad7606.o
 .debug_macro   0x00001516       0x58 ./Core/Src/ad7606.o
 .debug_macro   0x0000156e       0x8e ./Core/Src/ad7606.o
 .debug_macro   0x000015fc       0x1c ./Core/Src/ad7606.o
 .debug_macro   0x00001618      0x177 ./Core/Src/ad7606.o
 .debug_macro   0x0000178f       0x16 ./Core/Src/ad7606.o
 .debug_macro   0x000017a5       0x16 ./Core/Src/ad7606.o
 .debug_macro   0x000017bb      0x146 ./Core/Src/ad7606.o
 .debug_macro   0x00001901       0x16 ./Core/Src/ad7606.o
 .debug_macro   0x00001917       0x35 ./Core/Src/ad7606.o
 .debug_macro   0x0000194c       0x16 ./Core/Src/ad7606.o
 .debug_macro   0x00001962       0x29 ./Core/Src/ad7606.o
 .debug_macro   0x0000198b      0x103 ./Core/Src/ad7606.o
 .debug_macro   0x00001a8e       0x6a ./Core/Src/ad7606.o
 .debug_macro   0x00001af8      0x1df ./Core/Src/ad7606.o
 .debug_macro   0x00001cd7       0x22 ./Core/Src/ad7606.o
 .debug_macro   0x00001cf9       0x16 ./Core/Src/ad7606.o
 .debug_macro   0x00001d0f       0x20 ./Core/Src/ad7606.o
 .debug_macro   0x00001d2f       0x10 ./Core/Src/ad7606.o
 .debug_macro   0x00001d3f      0x242 ./Core/Src/ad7606.o
 .debug_macro   0x00001f81       0x16 ./Core/Src/ad7606.o
 .debug_macro   0x00001f97       0x1c ./Core/Src/ad7606.o
 .debug_macro   0x00001fb3       0xa6 ./Core/Src/ad7606.o
 .debug_macro   0x00002059      0x12a ./Core/Src/ad7606.o
 .debug_macro   0x00002183       0x1c ./Core/Src/ad7606.o
 .debug_macro   0x0000219f       0x10 ./Core/Src/ad7606.o
 .debug_macro   0x000021af       0x10 ./Core/Src/ad7606.o
 .debug_macro   0x000021bf       0x10 ./Core/Src/ad7606.o
 .debug_macro   0x000021cf       0x10 ./Core/Src/ad7606.o
 .debug_macro   0x000021df      0x337 ./Core/Src/main.o
 .debug_macro   0x00002516      0x2a1 ./Core/Src/main.o
 .debug_macro   0x000027b7       0x2e ./Core/Src/main.o
 .debug_macro   0x000027e5       0x28 ./Core/Src/main.o
 .debug_macro   0x0000280d       0x8e ./Core/Src/main.o
 .debug_macro   0x0000289b       0x51 ./Core/Src/main.o
 .debug_macro   0x000028ec       0x1c ./Core/Src/main.o
 .debug_macro   0x00002908       0x22 ./Core/Src/main.o
 .debug_macro   0x0000292a       0xfb ./Core/Src/main.o
 .debug_macro   0x00002a25     0x1011 ./Core/Src/main.o
 .debug_macro   0x00003a36      0x11f ./Core/Src/main.o
 .debug_macro   0x00003b55     0xb86c ./Core/Src/main.o
 .debug_macro   0x0000f3c1       0x6d ./Core/Src/main.o
 .debug_macro   0x0000f42e     0x368c ./Core/Src/main.o
 .debug_macro   0x00012aba      0x189 ./Core/Src/main.o
 .debug_macro   0x00012c43       0x5c ./Core/Src/main.o
 .debug_macro   0x00012c9f      0x416 ./Core/Src/main.o
 .debug_macro   0x000130b5      0x9e9 ./Core/Src/main.o
 .debug_macro   0x00013a9e      0x115 ./Core/Src/main.o
 .debug_macro   0x00013bb3       0xf8 ./Core/Src/main.o
 .debug_macro   0x00013cab       0xa5 ./Core/Src/main.o
 .debug_macro   0x00013d50      0x15f ./Core/Src/main.o
 .debug_macro   0x00013eaf      0x287 ./Core/Src/main.o
 .debug_macro   0x00014136       0x5f ./Core/Src/main.o
 .debug_macro   0x00014195      0x236 ./Core/Src/main.o
 .debug_macro   0x000143cb      0x132 ./Core/Src/main.o
 .debug_macro   0x000144fd      0x264 ./Core/Src/main.o
 .debug_macro   0x00014761       0x2e ./Core/Src/main.o
 .debug_macro   0x0001478f      0x127 ./Core/Src/main.o
 .debug_macro   0x000148b6       0x85 ./Core/Src/main.o
 .debug_macro   0x0001493b       0x89 ./Core/Src/main.o
 .debug_macro   0x000149c4      0x225 ./Core/Src/main.o
 .debug_macro   0x00014be9      0x8ed ./Core/Src/main.o
 .debug_macro   0x000154d6       0x47 ./Core/Src/main.o
 .debug_macro   0x0001551d      0x2aa ./Core/Src/main.o
 .debug_macro   0x000157c7      0x126 ./Core/Src/main.o
 .debug_macro   0x000158ed       0x4c ./Core/Src/main.o
 .debug_macro   0x00015939       0x61 ./Core/Src/main.o
 .debug_macro   0x0001599a       0xa0 ./Core/Src/main.o
 .debug_macro   0x00015a3a       0x1c ./Core/Src/main.o
 .debug_macro   0x00015a56       0x1c ./Core/Src/main.o
 .debug_macro   0x00015a72      0x14d ./Core/Src/no_os_alloc.o
 .debug_macro   0x00015bbf       0x7b ./Core/Src/no_os_crc16.o
 .debug_macro   0x00015c3a       0x7b ./Core/Src/no_os_crc8.o
 .debug_macro   0x00015cb5      0x17a ./Core/Src/no_os_gpio.o
 .debug_macro   0x00015e2f       0x1b ./Core/Src/no_os_mutex.o
 .debug_macro   0x00015e4a      0x1c2 ./Core/Src/no_os_spi.o
 .debug_macro   0x0001600c      0x18e ./Core/Src/no_os_util.o
 .debug_macro   0x0001619a      0x20a ./Core/Src/stm32_delay.o
 .debug_macro   0x000163a4      0x1e7 ./Core/Src/stm32f4xx_hal_msp.o
 .debug_macro   0x0001658b      0x1f1 ./Core/Src/stm32f4xx_it.o
 .debug_macro   0x0001677c      0x274 ./Core/Src/syscalls.o
 .debug_macro   0x000169f0       0x10 ./Core/Src/syscalls.o
 .debug_macro   0x00016a00       0x10 ./Core/Src/syscalls.o
 .debug_macro   0x00016a10       0x10 ./Core/Src/syscalls.o
 .debug_macro   0x00016a20       0x10 ./Core/Src/syscalls.o
 .debug_macro   0x00016a30       0x1c ./Core/Src/syscalls.o
 .debug_macro   0x00016a4c       0x52 ./Core/Src/syscalls.o
 .debug_macro   0x00016a9e       0x22 ./Core/Src/syscalls.o
 .debug_macro   0x00016ac0       0x10 ./Core/Src/syscalls.o
 .debug_macro   0x00016ad0       0x52 ./Core/Src/syscalls.o
 .debug_macro   0x00016b22       0xcf ./Core/Src/syscalls.o
 .debug_macro   0x00016bf1       0x1c ./Core/Src/syscalls.o
 .debug_macro   0x00016c0d       0x3d ./Core/Src/syscalls.o
 .debug_macro   0x00016c4a       0x35 ./Core/Src/syscalls.o
 .debug_macro   0x00016c7f      0x12c ./Core/Src/syscalls.o
 .debug_macro   0x00016dab       0x10 ./Core/Src/syscalls.o
 .debug_macro   0x00016dbb      0x18a ./Core/Src/syscalls.o
 .debug_macro   0x00016f45       0x16 ./Core/Src/syscalls.o
 .debug_macro   0x00016f5b       0xce ./Core/Src/syscalls.o
 .debug_macro   0x00017029       0xff ./Core/Src/sysmem.o
 .debug_macro   0x00017128      0x1d8 ./Core/Src/system_stm32f4xx.o
 .debug_macro   0x00017300      0x238 ./Drivers/STM32F4xx_HAL_Driver/Src/stm32f4xx_hal.o
 .debug_macro   0x00017538      0x1d8 ./Drivers/STM32F4xx_HAL_Driver/Src/stm32f4xx_hal_cortex.o
 .debug_macro   0x00017710      0x1de ./Drivers/STM32F4xx_HAL_Driver/Src/stm32f4xx_hal_gpio.o
 .debug_macro   0x000178ee      0x1fc ./Drivers/STM32F4xx_HAL_Driver/Src/stm32f4xx_hal_rcc.o
 .debug_macro   0x00017aea      0x1e7 ./Drivers/STM32F4xx_HAL_Driver/Src/stm32f4xx_hal_spi.o
 .debug_macro   0x00017cd1      0x1d9 ./Drivers/STM32F4xx_HAL_Driver/Src/stm32f4xx_hal_tim.o
 .debug_macro   0x00017eaa      0x1d9 ./Drivers/STM32F4xx_HAL_Driver/Src/stm32f4xx_hal_uart.o

.debug_line     0x00000000    0x12716
 .debug_line    0x00000000     0x13fa ./Core/Src/ad7606.o
 .debug_line    0x000013fa      0xac2 ./Core/Src/main.o
 .debug_line    0x00001ebc      0x5a6 ./Core/Src/no_os_alloc.o
 .debug_line    0x00002462      0x4bd ./Core/Src/no_os_crc16.o
 .debug_line    0x0000291f      0x4af ./Core/Src/no_os_crc8.o
 .debug_line    0x00002dce      0x7b1 ./Core/Src/no_os_gpio.o
 .debug_line    0x0000357f       0xa8 ./Core/Src/no_os_mutex.o
 .debug_line    0x00003627      0x8d9 ./Core/Src/no_os_spi.o
 .debug_line    0x00003f00      0xc3c ./Core/Src/no_os_util.o
 .debug_line    0x00004b3c      0x85c ./Core/Src/stm32_delay.o
 .debug_line    0x00005398      0x82c ./Core/Src/stm32f4xx_hal_msp.o
 .debug_line    0x00005bc4      0x81c ./Core/Src/stm32f4xx_it.o
 .debug_line    0x000063e0      0x8a3 ./Core/Src/syscalls.o
 .debug_line    0x00006c83      0x574 ./Core/Src/sysmem.o
 .debug_line    0x000071f7      0x7de ./Core/Src/system_stm32f4xx.o
 .debug_line    0x000079d5       0x7a ./Core/Startup/startup_stm32f401retx.o
 .debug_line    0x00007a4f      0xa47 ./Drivers/STM32F4xx_HAL_Driver/Src/stm32f4xx_hal.o
 .debug_line    0x00008496      0xd0f ./Drivers/STM32F4xx_HAL_Driver/Src/stm32f4xx_hal_cortex.o
 .debug_line    0x000091a5      0xb97 ./Drivers/STM32F4xx_HAL_Driver/Src/stm32f4xx_hal_gpio.o
 .debug_line    0x00009d3c      0xdba ./Drivers/STM32F4xx_HAL_Driver/Src/stm32f4xx_hal_rcc.o
 .debug_line    0x0000aaf6     0x1d42 ./Drivers/STM32F4xx_HAL_Driver/Src/stm32f4xx_hal_spi.o
 .debug_line    0x0000c838     0x35c5 ./Drivers/STM32F4xx_HAL_Driver/Src/stm32f4xx_hal_tim.o
 .debug_line    0x0000fdfd     0x2919 ./Drivers/STM32F4xx_HAL_Driver/Src/stm32f4xx_hal_uart.o

.debug_str      0x00000000    0x93c5c
 .debug_str     0x00000000     0x986a ./Core/Src/ad7606.o
                               0x9b6d (size before relaxing)
 .debug_str     0x0000986a    0x843aa ./Core/Src/main.o
                              0x8d4b6 (size before relaxing)
 .debug_str     0x0008dc14       0x2e ./Core/Src/no_os_alloc.o
                               0x6d98 (size before relaxing)
 .debug_str     0x0008dc42       0x45 ./Core/Src/no_os_crc16.o
                               0x4172 (size before relaxing)
 .debug_str     0x0008dc87       0x19 ./Core/Src/no_os_crc8.o
                               0x4156 (size before relaxing)
 .debug_str     0x0008dca0     0x107a ./Core/Src/no_os_gpio.o
                               0x8a07 (size before relaxing)
 .debug_str     0x0008ed1a       0x62 ./Core/Src/no_os_mutex.o
                               0x2e5f (size before relaxing)
 .debug_str     0x0008ed7c       0xad ./Core/Src/no_os_spi.o
                               0x91b1 (size before relaxing)
 .debug_str     0x0008ee29      0x400 ./Core/Src/no_os_util.o
                               0x830b (size before relaxing)
 .debug_str     0x0008f229      0x15d ./Core/Src/stm32_delay.o
                              0x87b26 (size before relaxing)
 .debug_str     0x0008f386       0xe0 ./Core/Src/stm32f4xx_hal_msp.o
                              0x8844f (size before relaxing)
 .debug_str     0x0008f466       0xc9 ./Core/Src/stm32f4xx_it.o
                              0x879cb (size before relaxing)
 .debug_str     0x0008f52f     0x1b55 ./Core/Src/syscalls.o
                               0x98b8 (size before relaxing)
 .debug_str     0x00091084       0x6b ./Core/Src/sysmem.o
                               0x60d0 (size before relaxing)
 .debug_str     0x000910ef       0xcb ./Core/Src/system_stm32f4xx.o
                              0x87a08 (size before relaxing)
 .debug_str     0x000911ba       0x44 ./Core/Startup/startup_stm32f401retx.o
                                 0x83 (size before relaxing)
 .debug_str     0x000911fe      0x971 ./Drivers/STM32F4xx_HAL_Driver/Src/stm32f4xx_hal.o
                              0x8842a (size before relaxing)
 .debug_str     0x00091b6f      0x357 ./Drivers/STM32F4xx_HAL_Driver/Src/stm32f4xx_hal_cortex.o
                              0x88162 (size before relaxing)
 .debug_str     0x00091ec6      0x158 ./Drivers/STM32F4xx_HAL_Driver/Src/stm32f4xx_hal_gpio.o
                              0x87b83 (size before relaxing)
 .debug_str     0x0009201e      0x228 ./Drivers/STM32F4xx_HAL_Driver/Src/stm32f4xx_hal_rcc.o
                              0x87e3c (size before relaxing)
 .debug_str     0x00092246      0x597 ./Drivers/STM32F4xx_HAL_Driver/Src/stm32f4xx_hal_spi.o
                              0x882ba (size before relaxing)
 .debug_str     0x000927dd      0xe6b ./Drivers/STM32F4xx_HAL_Driver/Src/stm32f4xx_hal_tim.o
                              0x88d80 (size before relaxing)
 .debug_str     0x00093648      0x614 ./Drivers/STM32F4xx_HAL_Driver/Src/stm32f4xx_hal_uart.o
                              0x8840b (size before relaxing)

.comment        0x00000000       0x43
 .comment       0x00000000       0x43 ./Core/Src/ad7606.o
                                 0x44 (size before relaxing)
 .comment       0x00000043       0x44 ./Core/Src/main.o
 .comment       0x00000043       0x44 ./Core/Src/no_os_alloc.o
 .comment       0x00000043       0x44 ./Core/Src/no_os_crc16.o
 .comment       0x00000043       0x44 ./Core/Src/no_os_crc8.o
 .comment       0x00000043       0x44 ./Core/Src/no_os_gpio.o
 .comment       0x00000043       0x44 ./Core/Src/no_os_mutex.o
 .comment       0x00000043       0x44 ./Core/Src/no_os_spi.o
 .comment       0x00000043       0x44 ./Core/Src/no_os_util.o
 .comment       0x00000043       0x44 ./Core/Src/stm32_delay.o
 .comment       0x00000043       0x44 ./Core/Src/stm32f4xx_hal_msp.o
 .comment       0x00000043       0x44 ./Core/Src/stm32f4xx_it.o
 .comment       0x00000043       0x44 ./Core/Src/syscalls.o
 .comment       0x00000043       0x44 ./Core/Src/sysmem.o
 .comment       0x00000043       0x44 ./Core/Src/system_stm32f4xx.o
 .comment       0x00000043       0x44 ./Drivers/STM32F4xx_HAL_Driver/Src/stm32f4xx_hal.o
 .comment       0x00000043       0x44 ./Drivers/STM32F4xx_HAL_Driver/Src/stm32f4xx_hal_cortex.o
 .comment       0x00000043       0x44 ./Drivers/STM32F4xx_HAL_Driver/Src/stm32f4xx_hal_gpio.o
 .comment       0x00000043       0x44 ./Drivers/STM32F4xx_HAL_Driver/Src/stm32f4xx_hal_rcc.o
 .comment       0x00000043       0x44 ./Drivers/STM32F4xx_HAL_Driver/Src/stm32f4xx_hal_spi.o
 .comment       0x00000043       0x44 ./Drivers/STM32F4xx_HAL_Driver/Src/stm32f4xx_hal_tim.o
 .comment       0x00000043       0x44 ./Drivers/STM32F4xx_HAL_Driver/Src/stm32f4xx_hal_uart.o

.debug_frame    0x00000000     0x4be0
 .debug_frame   0x00000000      0x32c ./Core/Src/ad7606.o
 .debug_frame   0x0000032c       0xec ./Core/Src/main.o
 .debug_frame   0x00000418       0x7c ./Core/Src/no_os_alloc.o
 .debug_frame   0x00000494       0x60 ./Core/Src/no_os_crc16.o
 .debug_frame   0x000004f4       0x60 ./Core/Src/no_os_crc8.o
 .debug_frame   0x00000554      0x130 ./Core/Src/no_os_gpio.o
 .debug_frame   0x00000684       0xb0 ./Core/Src/no_os_mutex.o
 .debug_frame   0x00000734      0x134 ./Core/Src/no_os_spi.o
 .debug_frame   0x00000868      0x618 ./Core/Src/no_os_util.o
 .debug_frame   0x00000e80       0x84 ./Core/Src/stm32_delay.o
 .debug_frame   0x00000f04      0x114 ./Core/Src/stm32f4xx_hal_msp.o
 .debug_frame   0x00001018      0x104 ./Core/Src/stm32f4xx_it.o
 .debug_frame   0x0000111c      0x2ac ./Core/Src/syscalls.o
 .debug_frame   0x000013c8       0x34 ./Core/Src/sysmem.o
 .debug_frame   0x000013fc       0x58 ./Core/Src/system_stm32f4xx.o
 .debug_frame   0x00001454      0x374 ./Drivers/STM32F4xx_HAL_Driver/Src/stm32f4xx_hal.o
 .debug_frame   0x000017c8      0x4b8 ./Drivers/STM32F4xx_HAL_Driver/Src/stm32f4xx_hal_cortex.o