Archive member included to satisfy reference by file (symbol)

D:/STM32CubeIDE_1.15.0/STM32CubeIDE/plugins/com.st.stm32cube.ide.mcu.externaltools.gnu-tools-for-stm32.12.3.rel1.win32_1.0.100.202403111256/tools/bin/../lib/gcc/arm-none-eabi/12.3.1/../../../../arm-none-eabi/lib/thumb/v7e-m+fp/hard\libc_nano.a(libc_a-calloc.o)
                              ./Core/Src/no_os_alloc.o (calloc)
D:/STM32CubeIDE_1.15.0/STM32CubeIDE/plugins/com.st.stm32cube.ide.mcu.externaltools.gnu-tools-for-stm32.12.3.rel1.win32_1.0.100.202403111256/tools/bin/../lib/gcc/arm-none-eabi/12.3.1/../../../../arm-none-eabi/lib/thumb/v7e-m+fp/hard\libc_nano.a(libc_a-callocr.o)
                              D:/STM32CubeIDE_1.15.0/STM32CubeIDE/plugins/com.st.stm32cube.ide.mcu.externaltools.gnu-tools-for-stm32.12.3.rel1.win32_1.0.100.202403111256/tools/bin/../lib/gcc/arm-none-eabi/12.3.1/../../../../arm-none-eabi/lib/thumb/v7e-m+fp/hard\libc_nano.a(libc_a-calloc.o) (_calloc_r)
D:/STM32CubeIDE_1.15.0/STM32CubeIDE/plugins/com.st.stm32cube.ide.mcu.externaltools.gnu-tools-for-stm32.12.3.rel1.win32_1.0.100.202403111256/tools/bin/../lib/gcc/arm-none-eabi/12.3.1/../../../../arm-none-eabi/lib/thumb/v7e-m+fp/hard\libc_nano.a(libc_a-exit.o)
                              D:/STM32CubeIDE_1.15.0/STM32CubeIDE/plugins/com.st.stm32cube.ide.mcu.externaltools.gnu-tools-for-stm32.12.3.rel1.win32_1.0.100.202403111256/tools/bin/../lib/gcc/arm-none-eabi/12.3.1/../../../../arm-none-eabi/lib/thumb/v7e-m+fp/hard/crt0.o (exit)
D:/STM32CubeIDE_1.15.0/STM32CubeIDE/plugins/com.st.stm32cube.ide.mcu.externaltools.gnu-tools-for-stm32.12.3.rel1.win32_1.0.100.202403111256/tools/bin/../lib/gcc/arm-none-eabi/12.3.1/../../../../arm-none-eabi/lib/thumb/v7e-m+fp/hard\libc_nano.a(libc_a-malloc.o)
                              ./Core/Src/no_os_alloc.o (malloc)
D:/STM32CubeIDE_1.15.0/STM32CubeIDE/plugins/com.st.stm32cube.ide.mcu.externaltools.gnu-tools-for-stm32.12.3.rel1.win32_1.0.100.202403111256/tools/bin/../lib/gcc/arm-none-eabi/12.3.1/../../../../arm-none-eabi/lib/thumb/v7e-m+fp/hard\libc_nano.a(libc_a-mallocr.o)
                              D:/STM32CubeIDE_1.15.0/STM32CubeIDE/plugins/com.st.stm32cube.ide.mcu.externaltools.gnu-tools-for-stm32.12.3.rel1.win32_1.0.100.202403111256/tools/bin/../lib/gcc/arm-none-eabi/12.3.1/../../../../arm-none-eabi/lib/thumb/v7e-m+fp/hard\libc_nano.a(libc_a-callocr.o) (_malloc_r)
D:/STM32CubeIDE_1.15.0/STM32CubeIDE/plugins/com.st.stm32cube.ide.mcu.externaltools.gnu-tools-for-stm32.12.3.rel1.win32_1.0.100.202403111256/tools/bin/../lib/gcc/arm-none-eabi/12.3.1/../../../../arm-none-eabi/lib/thumb/v7e-m+fp/hard\libc_nano.a(libc_a-mlock.o)
                              D:/STM32CubeIDE_1.15.0/STM32CubeIDE/plugins/com.st.stm32cube.ide.mcu.externaltools.gnu-tools-for-stm32.12.3.rel1.win32_1.0.100.202403111256/tools/bin/../lib/gcc/arm-none-eabi/12.3.1/../../../../arm-none-eabi/lib/thumb/v7e-m+fp/hard\libc_nano.a(libc_a-mallocr.o) (__malloc_lock)
D:/STM32CubeIDE_1.15.0/STM32CubeIDE/plugins/com.st.stm32cube.ide.mcu.externaltools.gnu-tools-for-stm32.12.3.rel1.win32_1.0.100.202403111256/tools/bin/../lib/gcc/arm-none-eabi/12.3.1/../../../../arm-none-eabi/lib/thumb/v7e-m+fp/hard\libc_nano.a(libc_a-strtol.o)
                              ./Core/Src/no_os_util.o (strtol)
D:/STM32CubeIDE_1.15.0/STM32CubeIDE/plugins/com.st.stm32cube.ide.mcu.externaltools.gnu-tools-for-stm32.12.3.rel1.win32_1.0.100.202403111256/tools/bin/../lib/gcc/arm-none-eabi/12.3.1/../../../../arm-none-eabi/lib/thumb/v7e-m+fp/hard\libc_nano.a(libc_a-strtoul.o)
                              ./Core/Src/no_os_util.o (strtoul)
D:/STM32CubeIDE_1.15.0/STM32CubeIDE/plugins/com.st.stm32cube.ide.mcu.externaltools.gnu-tools-for-stm32.12.3.rel1.win32_1.0.100.202403111256/tools/bin/../lib/gcc/arm-none-eabi/12.3.1/../../../../arm-none-eabi/lib/thumb/v7e-m+fp/hard\libc_nano.a(libc_a-ctype_.o)
                              D:/STM32CubeIDE_1.15.0/STM32CubeIDE/plugins/com.st.stm32cube.ide.mcu.externaltools.gnu-tools-for-stm32.12.3.rel1.win32_1.0.100.202403111256/tools/bin/../lib/gcc/arm-none-eabi/12.3.1/../../../../arm-none-eabi/lib/thumb/v7e-m+fp/hard\libc_nano.a(libc_a-strtol.o) (_ctype_)
D:/STM32CubeIDE_1.15.0/STM32CubeIDE/plugins/com.st.stm32cube.ide.mcu.externaltools.gnu-tools-for-stm32.12.3.rel1.win32_1.0.100.202403111256/tools/bin/../lib/gcc/arm-none-eabi/12.3.1/../../../../arm-none-eabi/lib/thumb/v7e-m+fp/hard\libc_nano.a(libc_a-nano-vfprintf_float.o)
                              (_printf_float)
D:/STM32CubeIDE_1.15.0/STM32CubeIDE/plugins/com.st.stm32cube.ide.mcu.externaltools.gnu-tools-for-stm32.12.3.rel1.win32_1.0.100.202403111256/tools/bin/../lib/gcc/arm-none-eabi/12.3.1/../../../../arm-none-eabi/lib/thumb/v7e-m+fp/hard\libc_nano.a(libc_a-nano-vfprintf_i.o)
[...]
Memory Configuration

Name             Origin             Length             Attributes
RAM              0x20000000         0x00018000         xrw
FLASH            0x08000000         0x00080000         xr
*default*        0x00000000         0xffffffff

Linker script and memory map

LOAD D:/STM32CubeIDE_1.15.0/STM32CubeIDE/plugins/com.st.stm32cube.ide.mcu.externaltools.gnu-tools-for-stm32.12.3.rel1.win32_1.0.100.202403111256/tools/bin/../lib/gcc/arm-none-eabi/12.3.1/thumb/v7e-m+fp/hard/crti.o
LOAD D:/STM32CubeIDE_1.15.0/STM32CubeIDE/plugins/com.st.stm32cube.ide.mcu.externaltools.gnu-tools-for-stm32.12.3.rel1.win32_1.0.100.202403111256/tools/bin/../lib/gcc/arm-none-eabi/12.3.1/thumb/v7e-m+fp/hard/crtbegin.o
LOAD D:/STM32CubeIDE_1.15.0/STM32CubeIDE/plugins/com.st.stm32cube.ide.mcu.externaltools.gnu-tools-for-stm32.12.3.rel1.win32_1.0.100.202403111256/tools/bin/../lib/gcc/arm-none-eabi/12.3.1/../../../../arm-none-eabi/lib/thumb/v7e-m+fp/hard/crt0.o
LOAD ./Core/Src/ad7606.o
LOAD ./Core/Src/main.o
LOAD ./Core/Src/no_os_alloc.o
LOAD ./Core/Src/no_os_crc16.o
LOAD ./Core/Src/no_os_crc24.o
LOAD ./Core/Src/no_os_crc8.o
LOAD ./Core/Src/no_os_dma.o
LOAD ./Core/Src/no_os_gpio.o
LOAD ./Core/Src/no_os_irq.o
LOAD ./Core/Src/no_os_list.o
LOAD ./Core/Src/no_os_mutex.o
LOAD ./Core/Src/no_os_pwm.o
LOAD ./Core/Src/no_os_spi.o
LOAD ./Core/Src/no_os_util.o
LOAD ./Core/Src/stm32_delay.o
LOAD ./Core/Src/stm32_dma.o
LOAD ./Core/Src/stm32_gpio.o
LOAD ./Core/Src/stm32_irq.o
LOAD ./Core/Src/stm32_pwm.o
LOAD ./Core/Src/stm32_spi.o
LOAD ./Core/Src/stm32f4xx_hal_msp.o
LOAD ./Core/Src/stm32f4xx_it.o
LOAD ./Core/Src/syscalls.o
LOAD ./Core/Src/sysmem.o
LOAD ./Core/Src/system_stm32f4xx.o
LOAD ./Core/Startup/startup_stm32f401retx.o
LOAD ./Drivers/STM32F4xx_HAL_Driver/Src/stm32f4xx_hal.o
LOAD ./Drivers/STM32F4xx_HAL_Driver/Src/stm32f4xx_hal_cortex.o
LOAD ./Drivers/STM32F4xx_HAL_Driver/Src/stm32f4xx_hal_dma.o
LOAD ./Drivers/STM32F4xx_HAL_Driver/Src/stm32f4xx_hal_dma_ex.o
LOAD ./Drivers/STM32F4xx_HAL_Driver/Src/stm32f4xx_hal_exti.o
LOAD ./Drivers/STM32F4xx_HAL_Driver/Src/stm32f4xx_hal_flash.o
LOAD ./Drivers/STM32F4xx_HAL_Driver/Src/stm32f4xx_hal_flash_ex.o
LOAD ./Drivers/STM32F4xx_HAL_Driver/Src/stm32f4xx_hal_flash_ramfunc.o
LOAD ./Drivers/STM32F4xx_HAL_Driver/Src/stm32f4xx_hal_gpio.o
LOAD ./Drivers/STM32F4xx_HAL_Driver/Src/stm32f4xx_hal_pwr.o
LOAD ./Drivers/STM32F4xx_HAL_Driver/Src/stm32f4xx_hal_pwr_ex.o
LOAD ./Drivers/STM32F4xx_HAL_Driver/Src/stm32f4xx_hal_rcc.o
LOAD ./Drivers/STM32F4xx_HAL_Driver/Src/stm32f4xx_hal_rcc_ex.o
LOAD ./Drivers/STM32F4xx_HAL_Driver/Src/stm32f4xx_hal_spi.o
LOAD ./Drivers/STM32F4xx_HAL_Driver/Src/stm32f4xx_hal_tim.o
LOAD ./Drivers/STM32F4xx_HAL_Driver/Src/stm32f4xx_hal_tim_ex.o
LOAD ./Drivers/STM32F4xx_HAL_Driver/Src/stm32f4xx_hal_uart.o
START GROUP
LOAD D:/STM32CubeIDE_1.15.0/STM32CubeIDE/plugins/com.st.stm32cube.ide.mcu.externaltools.gnu-tools-for-stm32.12.3.rel1.win32_1.0.100.202403111256/tools/bin/../lib/gcc/arm-none-eabi/12.3.1/../../../../arm-none-eabi/lib/thumb/v7e-m+fp/hard\libc_nano.a
LOAD D:/STM32CubeIDE_1.15.0/STM32CubeIDE/plugins/com.st.stm32cube.ide.mcu.externaltools.gnu-tools-for-stm32.12.3.rel1.win32_1.0.100.202403111256/tools/bin/../lib/gcc/arm-none-eabi/12.3.1/../../../../arm-none-eabi/lib/thumb/v7e-m+fp/hard\libm.a
END GROUP
START GROUP
LOAD D:/STM32CubeIDE_1.15.0/STM32CubeIDE/plugins/com.st.stm32cube.ide.mcu.externaltools.gnu-tools-for-stm32.12.3.rel1.win32_1.0.100.202403111256/tools/bin/../lib/gcc/arm-none-eabi/12.3.1/thumb/v7e-m+fp/hard\libgcc.a
LOAD D:/STM32CubeIDE_1.15.0/STM32CubeIDE/plugins/com.st.stm32cube.ide.mcu.externaltools.gnu-tools-for-stm32.12.3.rel1.win32_1.0.100.202403111256/tools/bin/../lib/gcc/arm-none-eabi/12.3.1/../../../../arm-none-eabi/lib/thumb/v7e-m+fp/hard\libc_nano.a
END GROUP
START GROUP
LOAD D:/STM32CubeIDE_1.15.0/STM32CubeIDE/plugins/com.st.stm32cube.ide.mcu.externaltools.gnu-tools-for-stm32.12.3.rel1.win32_1.0.100.202403111256/tools/bin/../lib/gcc/arm-none-eabi/12.3.1/thumb/v7e-m+fp/hard\libgcc.a
LOAD D:/STM32CubeIDE_1.15.0/STM32CubeIDE/plugins/com.st.stm32cube.ide.mcu.externaltools.gnu-tools-for-stm32.12.3.rel1.win32_1.0.100.202403111256/tools/bin/../lib/gcc/arm-none-eabi/12.3.1/../../../../arm-none-eabi/lib/thumb/v7e-m+fp/hard\libc_nano.a
LOAD D:/STM32CubeIDE_1.15.0/STM32CubeIDE/plugins/com.st.stm32cube.ide.mcu.externaltools.gnu-tools-for-stm32.12.3.rel1.win32_1.0.100.202403111256/tools/bin/../lib/gcc/arm-none-eabi/12.3.1/../../../../arm-none-eabi/lib/thumb/v7e-m+fp/hard\libnosys.a
END GROUP
START GROUP
LOAD D:/STM32CubeIDE_1.15.0/STM32CubeIDE/plugins/com.st.stm32cube.ide.mcu.externaltools.gnu-tools-for-stm32.12.3.rel1.win32_1.0.100.202403111256/tools/bin/../lib/gcc/arm-none-eabi/12.3.1/thumb/v7e-m+fp/hard\libgcc.a
LOAD D:/STM32CubeIDE_1.15.0/STM32CubeIDE/plugins/com.st.stm32cube.ide.mcu.externaltools.gnu-tools-for-stm32.12.3.rel1.win32_1.0.100.202403111256/tools/bin/../lib/gcc/arm-none-eabi/12.3.1/../../../../arm-none-eabi/lib/thumb/v7e-m+fp/hard\libc_nano.a
LOAD D:/STM32CubeIDE_1.15.0/STM32CubeIDE/plugins/com.st.stm32cube.ide.mcu.externaltools.gnu-tools-for-stm32.12.3.rel1.win32_1.0.100.202403111256/tools/bin/../lib/gcc/arm-none-eabi/12.3.1/../../../../arm-none-eabi/lib/thumb/v7e-m+fp/hard\libnosys.a
END GROUP
LOAD D:/STM32CubeIDE_1.15.0/STM32CubeIDE/plugins/com.st.stm32cube.ide.mcu.externaltools.gnu-tools-for-stm32.12.3.rel1.win32_1.0.100.202403111256/tools/bin/../lib/gcc/arm-none-eabi/12.3.1/thumb/v7e-m+fp/hard/crtend.o
LOAD D:/STM32CubeIDE_1.15.0/STM32CubeIDE/plugins/com.st.stm32cube.ide.mcu.externaltools.gnu-tools-for-stm32.12.3.rel1.win32_1.0.100.202403111256/tools/bin/../lib/gcc/arm-none-eabi/12.3.1/thumb/v7e-m+fp/hard/crtn.o
                0x20018000                        _estack = (ORIGIN (RAM) + LENGTH (RAM))
                0x00000200                        _Min_Heap_Size = 0x200
                0x00000400                        _Min_Stack_Size = 0x400

.isr_vector     0x08000000      0x194
                0x08000000                        . = ALIGN (0x4)
 *(.isr_vector)
 .isr_vector    0x08000000      0x194 ./Core/Startup/startup_stm32f401retx.o
                0x08000000                g_pfnVectors
                0x08000194                        . = ALIGN (0x4)

.text           0x080001a0     0xcf7c
                0x080001a0                        . = ALIGN (0x4)
 *(.text)
 .text          0x080001a0       0x40 D:/STM32CubeIDE_1.15.0/STM32CubeIDE/plugins/com.st.stm32cube.ide.mcu.externaltools.gnu-tools-for-stm32.12.3.rel1.win32_1.0.100.202403111256/tools/bin/../lib/gcc/arm-none-eabi/12.3.1/thumb/v7e-m+fp/hard/crtbegin.o
 .text          0x080001e0       0xa0 D:/STM32CubeIDE_1.15.0/STM32CubeIDE/plugins/com.st.stm32cube.ide.mcu.externaltools.gnu-tools-for-stm32.12.3.rel1.win32_1.0.100.202403111256/tools/bin/../lib/gcc/arm-none-eabi/12.3.1/../../../../arm-none-eabi/lib/thumb/v7e-m+fp/hard\libc_nano.a(libc_a-memchr.o)
                0x080001e0                memchr
 .text          0x08000280       0x10 D:/STM32CubeIDE_1.15.0/STM32CubeIDE/plugins/com.st.stm32cube.ide.mcu.externaltools.gnu-tools-for-stm32.12.3.rel1.win32_1.0.100.202403111256/tools/bin/../lib/gcc/arm-none-eabi/12.3.1/../../../../arm-none-eabi/lib/thumb/v7e-m+fp/hard\libc_nano.a(libc_a-strlen.o)
                0x08000280                strlen
 .text          0x08000290      0x378 D:/STM32CubeIDE_1.15.0/STM32CubeIDE/plugins/com.st.stm32cube.ide.mcu.externaltools.gnu-tools-for-stm32.12.3.rel1.win32_1.0.100.202403111256/tools/bin/../lib/gcc/arm-none-eabi/12.3.1/thumb/v7e-m+fp/hard\libgcc.a(_arm_addsubdf3.o)
                0x08000290                __aeabi_drsub
                0x08000298                __aeabi_dsub
                0x08000298                __subdf3
                0x0800029c                __aeabi_dadd
                0x0800029c                __adddf3
                0x08000514                __floatunsidf
                0x08000514                __aeabi_ui2d
                0x08000534                __floatsidf
                0x08000534                __aeabi_i2d
                0x08000558                __aeabi_f2d
                0x08000558                __extendsfdf2
                0x0800059c                __floatundidf
                0x0800059c                __aeabi_ul2d
                0x080005ac                __floatdidf
                0x080005ac                __aeabi_l2d
 .text          0x08000608      0x424 D:/STM32CubeIDE_1.15.0/STM32CubeIDE/plugins/com.st.stm32cube.ide.mcu.externaltools.gnu-tools-for-stm32.12.3.rel1.win32_1.0.100.202403111256/tools/bin/../lib/gcc/arm-none-eabi/12.3.1/thumb/v7e-m+fp/hard\libgcc.a(_arm_muldivdf3.o)
                0x08000608                __aeabi_dmul
                0x08000608                __muldf3
                0x0800085c                __divdf3
                0x0800085c                __aeabi_ddiv
 .text          0x08000a2c      0x110 D:/STM32CubeIDE_1.15.0/STM32CubeIDE/plugins/com.st.stm32cube.ide.mcu.externaltools.gnu-tools-for-stm32.12.3.rel1.win32_1.0.100.202403111256/tools/bin/../lib/gcc/arm-none-eabi/12.3.1/thumb/v7e-m+fp/hard\libgcc.a(_arm_cmpdf2.o)
                0x08000a2c                __gtdf2
                0x08000a2c                __gedf2
                0x08000a34                __ltdf2
                0x08000a34                __ledf2
                0x08000a3c                __nedf2
                0x08000a3c                __eqdf2
                0x08000a3c                __cmpdf2
                0x08000ab8                __aeabi_cdrcmple
                0x08000ac8                __aeabi_cdcmpeq
                0x08000ac8                __aeabi_cdcmple
                0x08000ad8                __aeabi_dcmpeq
                0x08000aec                __aeabi_dcmplt
                0x08000b00                __aeabi_dcmple
                0x08000b14                __aeabi_dcmpge
                0x08000b28                __aeabi_dcmpgt
 .text          0x08000b3c       0x2c D:/STM32CubeIDE_1.15.0/STM32CubeIDE/plugins/com.st.stm32cube.ide.mcu.externaltools.gnu-tools-for-stm32.12.3.rel1.win32_1.0.100.202403111256/tools/bin/../lib/gcc/arm-none-eabi/12.3.1/thumb/v7e-m+fp/hard\libgcc.a(_arm_unorddf2.o)
                0x08000b3c                __unorddf2
                0x08000b3c                __aeabi_dcmpun
 .text          0x08000b68       0x50 D:/STM32CubeIDE_1.15.0/STM32CubeIDE/plugins/com.st.stm32cube.ide.mcu.externaltools.gnu-tools-for-stm32.12.3.rel1.win32_1.0.100.202403111256/tools/bin/../lib/gcc/arm-none-eabi/12.3.1/thumb/v7e-m+fp/hard\libgcc.a(_arm_fixdfsi.o)
                0x08000b68                __aeabi_d2iz
                0x08000b68                __fixdfsi
 .text          0x08000bb8       0x40 D:/STM32CubeIDE_1.15.0/STM32CubeIDE/plugins/com.st.stm32cube.ide.mcu.externaltools.gnu-tools-for-stm32.12.3.rel1.win32_1.0.100.202403111256/tools/bin/../lib/gcc/arm-none-eabi/12.3.1/thumb/v7e-m+fp/hard\libgcc.a(_arm_fixunsdfsi.o)
                0x08000bb8                __aeabi_d2uiz
                0x08000bb8                __fixunsdfsi
 .text          0x08000bf8       0xa0 D:/STM32CubeIDE_1.15.0/STM32CubeIDE/plugins/com.st.stm32cube.ide.mcu.externaltools.gnu-tools-for-stm32.12.3.rel1.win32_1.0.100.202403111256/tools/bin/../lib/gcc/arm-none-eabi/12.3.1/thumb/v7e-m+fp/hard\libgcc.a(_arm_truncdfsf2.o)
                0x08000bf8                __truncdfsf2
                0x08000bf8                __aeabi_d2f
 .text          0x08000c98       0x30 D:/STM32CubeIDE_1.15.0/STM32CubeIDE/plugins/com.st.stm32cube.ide.mcu.externaltools.gnu-tools-for-stm32.12.3.rel1.win32_1.0.100.202403111256/tools/bin/../lib/gcc/arm-none-eabi/12.3.1/thumb/v7e-m+fp/hard\libgcc.a(_aeabi_uldivmod.o)
                0x08000c98                __aeabi_uldivmod
 .text          0x08000cc8       0x30 D:/STM32CubeIDE_1.15.0/STM32CubeIDE/plugins/com.st.stm32cube.ide.mcu.externaltools.gnu-tools-for-stm32.12.3.rel1.win32_1.0.100.202403111256/tools/bin/../lib/gcc/arm-none-eabi/12.3.1/thumb/v7e-m+fp/hard\libgcc.a(_fixdfdi.o)
                0x08000cc8                __fixdfdi
                0x08000cc8                __aeabi_d2lz
 .text          0x08000cf8       0x3c D:/STM32CubeIDE_1.15.0/STM32CubeIDE/plugins/com.st.stm32cube.ide.mcu.externaltools.gnu-tools-for-stm32.12.3.rel1.win32_1.0.100.202403111256/tools/bin/../lib/gcc/arm-none-eabi/12.3.1/thumb/v7e-m+fp/hard\libgcc.a(_fixunsdfdi.o)
                0x08000cf8                __fixunsdfdi
                0x08000cf8                __aeabi_d2ulz
 .text          0x08000d34      0x2bc D:/STM32CubeIDE_1.15.0/STM32CubeIDE/plugins/com.st.stm32cube.ide.mcu.externaltools.gnu-tools-for-stm32.12.3.rel1.win32_1.0.100.202403111256/tools/bin/../lib/gcc/arm-none-eabi/12.3.1/thumb/v7e-m+fp/hard\libgcc.a(_udivmoddi4.o)
                0x08000d34                __udivmoddi4
 .text          0x08000ff0        0x4 D:/STM32CubeIDE_1.15.0/STM32CubeIDE/plugins/com.st.stm32cube.ide.mcu.externaltools.gnu-tools-for-stm32.12.3.rel1.win32_1.0.100.202403111256/tools/bin/../lib/gcc/arm-none-eabi/12.3.1/thumb/v7e-m+fp/hard\libgcc.a(_dvmd_tls.o)
                0x08000ff0                __aeabi_idiv0
                0x08000ff0                __aeabi_ldiv0
 *(.text*)
 .text.ad7606_spi_reg_read
                0x08000ff4      0x138 ./Core/Src/ad7606.o
                0x08000ff4                ad7606_spi_reg_read
 .text.ad7606_spi_reg_write
                0x0800112c       0xb8 ./Core/Src/ad7606.o
                0x0800112c                ad7606_spi_reg_write
 .text.ad7606_spi_write_mask
                0x080011e4       0x5e ./Core/Src/ad7606.o
                0x080011e4                ad7606_spi_write_mask
 *fill*         0x08001242        0x2 
 .text.cpy18b32b
                0x08001244      0x144 ./Core/Src/ad7606.o
 .text.cpy26b32b
                0x08001388      0x180 ./Core/Src/ad7606.o
 .text.ad7606_convst
                0x08001508       0x64 ./Core/Src/ad7606.o
                0x08001508                ad7606_convst
 .text.ad7606_spi_data_read
                0x0800156c      0x234 ./Core/Src/ad7606.o
                0x0800156c                ad7606_spi_data_read
 .text.ad7606_read
                0x080017a0       0xa0 ./Core/Src/ad7606.o
                0x080017a0                ad7606_read
 .text.ad7606_reset_settings
                0x08001840      0x190 ./Core/Src/ad7606.o
 .text.ad7606_reset
                0x080019d0       0x4e ./Core/Src/ad7606.o
                0x080019d0                ad7606_reset
 *fill*         0x08001a1e        0x2 
 .text.ad7606_request_gpios
                0x08001a20      0x268 ./Core/Src/ad7606.o
 .text.ad7606_set_oversampling
                0x08001c88      0x124 ./Core/Src/ad7606.o
                0x08001c88                ad7606_set_oversampling
 .text.ad7606_find_range
                0x08001dac      0x110 ./Core/Src/ad7606.o
 .text.ad7606_set_ch_range
                0x08001ebc      0x100 ./Core/Src/ad7606.o
                0x08001ebc                ad7606_set_ch_range
 .text.ad7606_set_ch_offset
                0x08001fbc       0x70 ./Core/Src/ad7606.o
                0x08001fbc                ad7606_set_ch_offset
 .text.ad7606_set_ch_phase
                0x0800202c       0x6a ./Core/Src/ad7606.o
                0x0800202c                ad7606_set_ch_phase
 .text.ad7606_set_ch_gain
                0x08002096       0x8c ./Core/Src/ad7606.o
                0x08002096                ad7606_set_ch_gain
 .text.ad7606_set_config
                0x08002122      0x146 ./Core/Src/ad7606.o
                0x08002122                ad7606_set_config
 .text.ad7606_set_digital_diag
                0x08002268      0x11e ./Core/Src/ad7606.o
                0x08002268                ad7606_set_digital_diag
 *fill*         0x08002386        0x2 
 .text.ad7606_init
                0x08002388      0x3bc ./Core/Src/ad7606.o
                0x08002388                ad7606_init
 .text.ad7606_remove
                0x08002744       0x7e ./Core/Src/ad7606.o
                0x08002744                ad7606_remove
 *fill*         0x080027c2        0x2 
 .text.main     0x080027c4      0x360 ./Core/Src/main.o
                0x080027c4                main
 .text.SystemClock_Config
                0x08002b24       0xd8 ./Core/Src/main.o
                0x08002b24                SystemClock_Config
 .text.MX_SPI3_Init
                0x08002bfc       0x70 ./Core/Src/main.o
 .text.MX_TIM10_Init
                0x08002c6c       0x48 ./Core/Src/main.o
 .text.MX_USART2_UART_Init
                0x08002cb4       0x54 ./Core/Src/main.o
 .text.MX_GPIO_Init
                0x08002d08      0x174 ./Core/Src/main.o
 .text.twos_complement
                0x08002e7c       0x4c ./Core/Src/main.o
                0x08002e7c                twos_complement
 .text.Error_Handler
                0x08002ec8        0xc ./Core/Src/main.o
                0x08002ec8                Error_Handler
 .text.no_os_malloc
                0x08002ed4       0x18 ./Core/Src/no_os_alloc.o
                0x08002ed4                no_os_malloc
 .text.no_os_calloc
                0x08002eec       0x1c ./Core/Src/no_os_alloc.o
                0x08002eec                no_os_calloc
 .text.no_os_free
                0x08002f08       0x16 ./Core/Src/no_os_alloc.o
                0x08002f08                no_os_free
 .text.no_os_crc16_populate_msb
                0x08002f1e       0x7e ./Core/Src/no_os_crc16.o
                0x08002f1e                no_os_crc16_populate_msb
 .text.no_os_crc16
                0x08002f9c       0x58 ./Core/Src/no_os_crc16.o
                0x08002f9c                no_os_crc16
 .text.no_os_crc8_populate_msb
                0x08002ff4       0x7a ./Core/Src/no_os_crc8.o
                0x08002ff4                no_os_crc8_populate_msb
 .text.no_os_crc8
                0x0800306e       0x44 ./Core/Src/no_os_crc8.o
                0x0800306e                no_os_crc8
 .text.default_sg_callback
                0x080030b2       0xbe ./Core/Src/no_os_dma.o
 .text.no_os_dma_init
                0x08003170      0x126 ./Core/Src/no_os_dma.o
                0x08003170                no_os_dma_init
 .text.no_os_dma_remove
                0x08003296       0x9a ./Core/Src/no_os_dma.o
                0x08003296                no_os_dma_remove
 .text.no_os_dma_config_xfer
                0x08003330      0x144 ./Core/Src/no_os_dma.o
                0x08003330                no_os_dma_config_xfer
 .text.no_os_dma_xfer_start
                0x08003474       0x78 ./Core/Src/no_os_dma.o
                0x08003474                no_os_dma_xfer_start
 .text.no_os_dma_xfer_abort
                0x080034ec       0x90 ./Core/Src/no_os_dma.o
                0x080034ec                no_os_dma_xfer_abort
 .text.no_os_gpio_get
                0x0800357c       0x5a ./Core/Src/no_os_gpio.o
                0x0800357c                no_os_gpio_get
 .text.no_os_gpio_get_optional
                0x080035d6       0x6e ./Core/Src/no_os_gpio.o
                0x080035d6                no_os_gpio_get_optional
 .text.no_os_gpio_remove
                0x08003644       0x44 ./Core/Src/no_os_gpio.o
                0x08003644                no_os_gpio_remove
 .text.no_os_gpio_direction_input
                0x08003688       0x44 ./Core/Src/no_os_gpio.o
                0x08003688                no_os_gpio_direction_input
 .text.no_os_gpio_direction_output
                0x080036cc       0x4c ./Core/Src/no_os_gpio.o
                0x080036cc                no_os_gpio_direction_output
 .text.no_os_gpio_set_value
                0x08003718       0x4c ./Core/Src/no_os_gpio.o
                0x08003718                no_os_gpio_set_value
 .text.no_os_gpio_get_value
                0x08003764       0x48 ./Core/Src/no_os_gpio.o
                0x08003764                no_os_gpio_get_value
 .text.no_os_irq_register_callback
                0x080037ac       0x48 ./Core/Src/no_os_irq.o
                0x080037ac                no_os_irq_register_callback
 .text.no_os_irq_enable
                0x080037f4       0x44 ./Core/Src/no_os_irq.o
                0x080037f4                no_os_irq_enable
 .text.no_os_irq_disable
                0x08003838       0x44 ./Core/Src/no_os_irq.o
                0x08003838                no_os_irq_disable
 .text.no_os_irq_set_priority
                0x0800387c       0x48 ./Core/Src/no_os_irq.o
                0x0800387c                no_os_irq_set_priority
 .text.no_os_default_comparator
                0x080038c4       0x1e ./Core/Src/no_os_list.o
 .text.create_element
                0x080038e2       0x3c ./Core/Src/no_os_list.o
 .text.no_os_update_links
                0x0800391e       0x56 ./Core/Src/no_os_list.o
 .text.no_os_update_desc
                0x08003974       0x54 ./Core/Src/no_os_list.o
 .text.no_os_set_adapter
                0x080039c8       0xa4 ./Core/Src/no_os_list.o
 .text.no_os_list_init
                0x08003a6c       0x88 ./Core/Src/no_os_list.o
                0x08003a6c                no_os_list_init
 .text.no_os_list_remove
                0x08003af4       0x56 ./Core/Src/no_os_list.o
                0x08003af4                no_os_list_remove
 .text.no_os_list_get_size
                0x08003b4a       0x38 ./Core/Src/no_os_list.o
                0x08003b4a                no_os_list_get_size
 .text.no_os_list_add_first
                0x08003b82       0x6a ./Core/Src/no_os_list.o
                0x08003b82                no_os_list_add_first
 .text.no_os_list_add_last
                0x08003bec       0x6a ./Core/Src/no_os_list.o
                0x08003bec                no_os_list_add_last
 .text.no_os_list_add_find
                0x08003c56       0x86 ./Core/Src/no_os_list.o
                0x08003c56                no_os_list_add_find
 .text.no_os_list_edit_first
                0x08003cdc       0x32 ./Core/Src/no_os_list.o
                0x08003cdc                no_os_list_edit_first
 .text.no_os_list_edit_last
                0x08003d0e       0x32 ./Core/Src/no_os_list.o
                0x08003d0e                no_os_list_edit_last
 .text.no_os_list_read_first
                0x08003d40       0x4e ./Core/Src/no_os_list.o
                0x08003d40                no_os_list_read_first
 .text.no_os_list_read_last
                0x08003d8e       0x4e ./Core/Src/no_os_list.o
                0x08003d8e                no_os_list_read_last
 .text.no_os_list_read_find
                0x08003ddc       0x72 ./Core/Src/no_os_list.o
                0x08003ddc                no_os_list_read_find
 .text.no_os_list_get_first
                0x08003e4e       0x82 ./Core/Src/no_os_list.o
                0x08003e4e                no_os_list_get_first
 .text.no_os_list_get_last
                0x08003ed0       0x82 ./Core/Src/no_os_list.o
                0x08003ed0                no_os_list_get_last
 .text.no_os_iterator_find
                0x08003f52       0x5c ./Core/Src/no_os_list.o
                0x08003f52                no_os_iterator_find
 .text.no_os_iterator_read
                0x08003fae       0x40 ./Core/Src/no_os_list.o
                0x08003fae                no_os_iterator_read
 .text.no_os_iterator_insert
                0x08003fee       0xd2 ./Core/Src/no_os_list.o
                0x08003fee                no_os_iterator_insert
 .text.no_os_mutex_init
                0x080040c0       0x14 ./Core/Src/no_os_mutex.o
                0x080040c0                no_os_mutex_init
 .text.no_os_mutex_lock
                0x080040d4       0x14 ./Core/Src/no_os_mutex.o
                0x080040d4                no_os_mutex_lock
 .text.no_os_mutex_unlock
                0x080040e8       0x14 ./Core/Src/no_os_mutex.o
                0x080040e8                no_os_mutex_unlock
 .text.no_os_mutex_remove
                0x080040fc       0x14 ./Core/Src/no_os_mutex.o
                0x080040fc                no_os_mutex_remove
 .text.no_os_pwm_init
                0x08004110       0x80 ./Core/Src/no_os_pwm.o
                0x08004110                no_os_pwm_init
 .text.no_os_pwm_remove
                0x08004190       0x5c ./Core/Src/no_os_pwm.o
                0x08004190                no_os_pwm_remove
 .text.no_os_pwm_enable
                0x080041ec       0x4a ./Core/Src/no_os_pwm.o
                0x080041ec                no_os_pwm_enable
 .text.no_os_pwm_disable
                0x08004236       0x4a ./Core/Src/no_os_pwm.o
                0x08004236                no_os_pwm_disable
 .text.no_os_spi_init
                0x08004280       0xc8 ./Core/Src/no_os_spi.o
                0x08004280                no_os_spi_init
 .text.no_os_spibus_init
                0x08004348       0x78 ./Core/Src/no_os_spi.o
                0x08004348                no_os_spibus_init
 .text.no_os_spi_remove
                0x080043c0       0x54 ./Core/Src/no_os_spi.o
                0x080043c0                no_os_spi_remove
 .text.no_os_spibus_remove
                0x08004414       0x60 ./Core/Src/no_os_spi.o
                0x08004414                no_os_spibus_remove
 .text.no_os_spi_write_and_read
                0x08004474       0x64 ./Core/Src/no_os_spi.o
                0x08004474                no_os_spi_write_and_read
 .text.no_os_find_first_set_bit
                0x080044d8       0x3c ./Core/Src/no_os_util.o
                0x080044d8                no_os_find_first_set_bit
 .text.no_os_field_prep
                0x08004514       0x24 ./Core/Src/no_os_util.o
                0x08004514                no_os_field_prep
 .text.no_os_field_get
                0x08004538       0x26 ./Core/Src/no_os_util.o
                0x08004538                no_os_field_get
 *fill*         0x0800455e        0x2 
 .text.no_os_udelay
                0x08004560       0x64 ./Core/Src/stm32_delay.o
                0x08004560                no_os_udelay
 .text._gpio_init
                0x080045c4      0x280 ./Core/Src/stm32_gpio.o
 .text.stm32_gpio_get
                0x08004844       0x80 ./Core/Src/stm32_gpio.o
                0x08004844                stm32_gpio_get
 .text.stm32_gpio_get_optional
                0x080048c4       0x2c ./Core/Src/stm32_gpio.o
                0x080048c4                stm32_gpio_get_optional
 .text.stm32_gpio_remove
                0x080048f0       0x28 ./Core/Src/stm32_gpio.o
                0x080048f0                stm32_gpio_remove
 .text.stm32_gpio_direction_input
                0x08004918       0x48 ./Core/Src/stm32_gpio.o
                0x08004918                stm32_gpio_direction_input
 .text.stm32_gpio_direction_output
                0x08004960       0x6c ./Core/Src/stm32_gpio.o
                0x08004960                stm32_gpio_direction_output
 .text.stm32_gpio_get_direction
                0x080049cc       0x46 ./Core/Src/stm32_gpio.o
                0x080049cc                stm32_gpio_get_direction
 .text.stm32_gpio_set_value
                0x08004a12       0x4e ./Core/Src/stm32_gpio.o
                0x08004a12                stm32_gpio_set_value
 .text.stm32_gpio_get_value
                0x08004a60       0x5a ./Core/Src/stm32_gpio.o
                0x08004a60                stm32_gpio_get_value
 *fill*         0x08004aba        0x2 
 .text.HAL_TIM_PeriodElapsedCallback
                0x08004abc       0x58 ./Core/Src/stm32_irq.o
                0x08004abc                HAL_TIM_PeriodElapsedCallback
 .text.HAL_TIM_PWM_PulseFinishedCallback
                0x08004b14       0x58 ./Core/Src/stm32_irq.o
                0x08004b14                HAL_TIM_PWM_PulseFinishedCallback
 .text.stm32_spi_config
                0x08004b6c      0x274 ./Core/Src/stm32_spi.o
 .text.stm32_spi_init
                0x08004de0      0x1d4 ./Core/Src/stm32_spi.o
                0x08004de0                stm32_spi_init
 .text.stm32_spi_remove
                0x08004fb4       0x72 ./Core/Src/stm32_spi.o
                0x08004fb4                stm32_spi_remove
 *fill*         0x08005026        0x2 
 .text.stm32_spi_transfer
                0x08005028      0x2d4 ./Core/Src/stm32_spi.o
                0x08005028                stm32_spi_transfer
 .text.stm32_spi_write_and_read
                0x080052fc       0x70 ./Core/Src/stm32_spi.o
                0x080052fc                stm32_spi_write_and_read
 .text.stm32_config_dma_and_start
                0x0800536c      0x2cc ./Core/Src/stm32_spi.o
                0x0800536c                stm32_config_dma_and_start
 .text.stm32_spi_dma_transfer_async
                0x08005638       0x2c ./Core/Src/stm32_spi.o
                0x08005638                stm32_spi_dma_transfer_async
 .text.HAL_MspInit
                0x08005664       0x50 ./Core/Src/stm32f4xx_hal_msp.o
                0x08005664                HAL_MspInit
 .text.HAL_SPI_MspInit
                0x080056b4       0xa0 ./Core/Src/stm32f4xx_hal_msp.o
                0x080056b4                HAL_SPI_MspInit
 .text.HAL_SPI_MspDeInit
                0x08005754       0x44 ./Core/Src/stm32f4xx_hal_msp.o
                0x08005754                HAL_SPI_MspDeInit
 .text.HAL_TIM_Base_MspInit
                0x08005798       0x50 ./Core/Src/stm32f4xx_hal_msp.o
                0x08005798                HAL_TIM_Base_MspInit
 .text.HAL_UART_MspInit
                0x080057e8       0xa0 ./Core/Src/stm32f4xx_hal_msp.o
                0x080057e8                HAL_UART_MspInit
 .text.NMI_Handler
                0x08005888        0x8 ./Core/Src/stm32f4xx_it.o
                0x08005888                NMI_Handler
 .text.HardFault_Handler
                0x08005890        0x8 ./Core/Src/stm32f4xx_it.o
                0x08005890                HardFault_Handler
 .text.MemManage_Handler
                0x08005898        0x8 ./Core/Src/stm32f4xx_it.o
                0x08005898                MemManage_Handler
 .text.BusFault_Handler
                0x080058a0        0x8 ./Core/Src/stm32f4xx_it.o
                0x080058a0                BusFault_Handler
 .text.UsageFault_Handler
                0x080058a8        0x8 ./Core/Src/stm32f4xx_it.o
                0x080058a8                UsageFault_Handler
 .text.SVC_Handler
                0x080058b0        0xe ./Core/Src/stm32f4xx_it.o
                0x080058b0                SVC_Handler
 .text.DebugMon_Handler
                0x080058be        0xe ./Core/Src/stm32f4xx_it.o
                0x080058be                DebugMon_Handler
 .text.PendSV_Handler
                0x080058cc        0xe ./Core/Src/stm32f4xx_it.o
                0x080058cc                PendSV_Handler
 .text.SysTick_Handler
                0x080058da        0xc ./Core/Src/stm32f4xx_it.o
                0x080058da                SysTick_Handler
 *fill*         0x080058e6        0x2 
 .text.TIM1_UP_TIM10_IRQHandler
                0x080058e8       0x14 ./Core/Src/stm32f4xx_it.o
                0x080058e8                TIM1_UP_TIM10_IRQHandler
 .text.USART2_IRQHandler
                0x080058fc       0x14 ./Core/Src/stm32f4xx_it.o
                0x080058fc                USART2_IRQHandler
 .text.EXTI15_10_IRQHandler
                0x08005910       0x10 ./Core/Src/stm32f4xx_it.o
                0x08005910                EXTI15_10_IRQHandler
 .text.SPI3_IRQHandler
                0x08005920       0x14 ./Core/Src/stm32f4xx_it.o
                0x08005920                SPI3_IRQHandler
 .text._getpid  0x08005934       0x10 ./Core/Src/syscalls.o
                0x08005934                _getpid
 .text._kill    0x08005944       0x20 ./Core/Src/syscalls.o
                0x08005944                _kill
 .text._exit    0x08005964       0x16 ./Core/Src/syscalls.o
                0x08005964                _exit
 .text._read    0x0800597a       0x3a ./Core/Src/syscalls.o
                0x0800597a                _read
 .text._write   0x080059b4       0x38 ./Core/Src/syscalls.o
                0x080059b4                _write
 .text._close   0x080059ec       0x18 ./Core/Src/syscalls.o
                0x080059ec                _close
 .text._fstat   0x08005a04       0x20 ./Core/Src/syscalls.o
                0x08005a04                _fstat
 .text._isatty  0x08005a24       0x16 ./Core/Src/syscalls.o
                0x08005a24                _isatty
 .text._lseek   0x08005a3a       0x1a ./Core/Src/syscalls.o
                0x08005a3a                _lseek
 .text._sbrk    0x08005a54       0x6c ./Core/Src/sysmem.o
                0x08005a54                _sbrk
 .text.SystemInit
                0x08005ac0       0x24 ./Core/Src/system_stm32f4xx.o
                0x08005ac0                SystemInit
 .text.Reset_Handler
                0x08005ae4       0x50 ./Core/Startup/startup_stm32f401retx.o
                0x08005ae4                Reset_Handler
 .text.Default_Handler
                0x08005b34        0x2 ./Core/Startup/startup_stm32f401retx.o
                0x08005b34                RTC_Alarm_IRQHandler
                0x08005b34                EXTI2_IRQHandler
                0x08005b34                SPI4_IRQHandler
                0x08005b34                TIM1_CC_IRQHandler
                0x08005b34                DMA2_Stream5_IRQHandler
                0x08005b34                DMA1_Stream5_IRQHandler
                0x08005b34                PVD_IRQHandler
                0x08005b34                SDIO_IRQHandler
                0x08005b34                TAMP_STAMP_IRQHandler
                0x08005b34                EXTI3_IRQHandler
                0x08005b34                I2C3_ER_IRQHandler
                0x08005b34                EXTI0_IRQHandler
                0x08005b34                I2C2_EV_IRQHandler
                0x08005b34                DMA1_Stream2_IRQHandler
                0x08005b34                FPU_IRQHandler
                0x08005b34                DMA2_Stream2_IRQHandler
                0x08005b34                SPI1_IRQHandler
                0x08005b34                TIM1_BRK_TIM9_IRQHandler
                0x08005b34                DMA2_Stream3_IRQHandler
                0x08005b34                USART6_IRQHandler
                0x08005b34                DMA2_Stream0_IRQHandler
                0x08005b34                TIM4_IRQHandler
                0x08005b34                I2C1_EV_IRQHandler
                0x08005b34                DMA1_Stream6_IRQHandler
                0x08005b34                DMA1_Stream1_IRQHandler
                0x08005b34                TIM3_IRQHandler
                0x08005b34                RCC_IRQHandler
                0x08005b34                Default_Handler
                0x08005b34                ADC_IRQHandler
                0x08005b34                DMA1_Stream7_IRQHandler
                0x08005b34                TIM5_IRQHandler
                0x08005b34                DMA2_Stream7_IRQHandler
                0x08005b34                I2C3_EV_IRQHandler
                0x08005b34                EXTI9_5_IRQHandler
                0x08005b34                RTC_WKUP_IRQHandler
                0x08005b34                SPI2_IRQHandler
                0x08005b34                DMA1_Stream0_IRQHandler
                0x08005b34                EXTI4_IRQHandler
                0x08005b34                WWDG_IRQHandler
                0x08005b34                TIM2_IRQHandler
                0x08005b34                OTG_FS_WKUP_IRQHandler
                0x08005b34                TIM1_TRG_COM_TIM11_IRQHandler
                0x08005b34                EXTI1_IRQHandler
                0x08005b34                I2C2_ER_IRQHandler
                0x08005b34                DMA2_Stream1_IRQHandler
                0x08005b34                FLASH_IRQHandler
                0x08005b34                DMA2_Stream4_IRQHandler
                0x08005b34                USART1_IRQHandler
                0x08005b34                OTG_FS_IRQHandler
                0x08005b34                DMA1_Stream4_IRQHandler
                0x08005b34                I2C1_ER_IRQHandler
                0x08005b34                DMA2_Stream6_IRQHandler
                0x08005b34                DMA1_Stream3_IRQHandler
 *fill*         0x08005b36        0x2 
 .text.HAL_Init
                0x08005b38       0x44 ./Drivers/STM32F4xx_HAL_Driver/Src/stm32f4xx_hal.o
                0x08005b38                HAL_Init
 .text.HAL_InitTick
                0x08005b7c       0x60 ./Drivers/STM32F4xx_HAL_Driver/Src/stm32f4xx_hal.o
                0x08005b7c                HAL_InitTick
 .text.HAL_IncTick
                0x08005bdc       0x28 ./Drivers/STM32F4xx_HAL_Driver/Src/stm32f4xx_hal.o
                0x08005bdc                HAL_IncTick
 .text.HAL_GetTick
                0x08005c04       0x18 ./Drivers/STM32F4xx_HAL_Driver/Src/stm32f4xx_hal.o
                0x08005c04                HAL_GetTick
 .text.HAL_Delay
                0x08005c1c       0x48 ./Drivers/STM32F4xx_HAL_Driver/Src/stm32f4xx_hal.o
                0x08005c1c                HAL_Delay
 .text.__NVIC_SetPriorityGrouping
                0x08005c64       0x48 ./Drivers/STM32F4xx_HAL_Driver/Src/stm32f4xx_hal_cortex.o
 .text.__NVIC_GetPriorityGrouping
                0x08005cac       0x1c ./Drivers/STM32F4xx_HAL_Driver/Src/stm32f4xx_hal_cortex.o
 .text.__NVIC_EnableIRQ
                0x08005cc8       0x3c ./Drivers/STM32F4xx_HAL_Driver/Src/stm32f4xx_hal_cortex.o
 .text.__NVIC_DisableIRQ
                0x08005d04       0x48 ./Drivers/STM32F4xx_HAL_Driver/Src/stm32f4xx_hal_cortex.o
 .text.__NVIC_SetPriority
                0x08005d4c       0x54 ./Drivers/STM32F4xx_HAL_Driver/Src/stm32f4xx_hal_cortex.o
 .text.NVIC_EncodePriority
                0x08005da0       0x66 ./Drivers/STM32F4xx_HAL_Driver/Src/stm32f4xx_hal_cortex.o
 *fill*         0x08005e06        0x2 
 .text.SysTick_Config
                0x08005e08       0x44 ./Drivers/STM32F4xx_HAL_Driver/Src/stm32f4xx_hal_cortex.o
 .text.HAL_NVIC_SetPriorityGrouping
                0x08005e4c       0x16 ./Drivers/STM32F4xx_HAL_Driver/Src/stm32f4xx_hal_cortex.o
                0x08005e4c                HAL_NVIC_SetPriorityGrouping
 .text.HAL_NVIC_SetPriority
                0x08005e62       0x38 ./Drivers/STM32F4xx_HAL_Driver/Src/stm32f4xx_hal_cortex.o
                0x08005e62                HAL_NVIC_SetPriority
 .text.HAL_NVIC_EnableIRQ
                0x08005e9a       0x1c ./Drivers/STM32F4xx_HAL_Driver/Src/stm32f4xx_hal_cortex.o
                0x08005e9a                HAL_NVIC_EnableIRQ
 .text.HAL_NVIC_DisableIRQ
                0x08005eb6       0x1c ./Drivers/STM32F4xx_HAL_Driver/Src/stm32f4xx_hal_cortex.o
                0x08005eb6                HAL_NVIC_DisableIRQ
 .text.HAL_SYSTICK_Config
                0x08005ed2       0x18 ./Drivers/STM32F4xx_HAL_Driver/Src/stm32f4xx_hal_cortex.o
                0x08005ed2                HAL_SYSTICK_Config
 .text.HAL_DMA_Abort
                0x08005eea       0xe0 ./Drivers/STM32F4xx_HAL_Driver/Src/stm32f4xx_hal_dma.o
                0x08005eea                HAL_DMA_Abort
 .text.HAL_DMA_Abort_IT
                0x08005fca       0x44 ./Drivers/STM32F4xx_HAL_Driver/Src/stm32f4xx_hal_dma.o
                0x08005fca                HAL_DMA_Abort_IT
 *fill*         0x0800600e        0x2 
 .text.HAL_GPIO_Init
                0x08006010      0x308 ./Drivers/STM32F4xx_HAL_Driver/Src/stm32f4xx_hal_gpio.o
                0x08006010                HAL_GPIO_Init
 .text.HAL_GPIO_DeInit
                0x08006318      0x1c8 ./Drivers/STM32F4xx_HAL_Driver/Src/stm32f4xx_hal_gpio.o
                0x08006318                HAL_GPIO_DeInit
 .text.HAL_GPIO_ReadPin
                0x080064e0       0x30 ./Drivers/STM32F4xx_HAL_Driver/Src/stm32f4xx_hal_gpio.o
                0x080064e0                HAL_GPIO_ReadPin
 .text.HAL_GPIO_WritePin
                0x08006510       0x32 ./Drivers/STM32F4xx_HAL_Driver/Src/stm32f4xx_hal_gpio.o
                0x08006510                HAL_GPIO_WritePin
 *fill*         0x08006542        0x2 
 .text.HAL_GPIO_EXTI_IRQHandler
                0x08006544       0x30 ./Drivers/STM32F4xx_HAL_Driver/Src/stm32f4xx_hal_gpio.o
                0x08006544                HAL_GPIO_EXTI_IRQHandler
 .text.HAL_GPIO_EXTI_Callback
                0x08006574       0x16 ./Drivers/STM32F4xx_HAL_Driver/Src/stm32f4xx_hal_gpio.o
                0x08006574                HAL_GPIO_EXTI_Callback
 *fill*         0x0800658a        0x2 
 .text.HAL_RCC_OscConfig
                0x0800658c      0x4f0 ./Drivers/STM32F4xx_HAL_Driver/Src/stm32f4xx_hal_rcc.o
                0x0800658c                HAL_RCC_OscConfig
 .text.HAL_RCC_ClockConfig
                0x08006a7c      0x1cc ./Drivers/STM32F4xx_HAL_Driver/Src/stm32f4xx_hal_rcc.o
                0x08006a7c                HAL_RCC_ClockConfig
 .text.HAL_RCC_GetSysClockFreq
                0x08006c48      0x20c ./Drivers/STM32F4xx_HAL_Driver/Src/stm32f4xx_hal_rcc.o
                0x08006c48                HAL_RCC_GetSysClockFreq
 .text.HAL_RCC_GetHCLKFreq
                0x08006e54       0x18 ./Drivers/STM32F4xx_HAL_Driver/Src/stm32f4xx_hal_rcc.o
                0x08006e54                HAL_RCC_GetHCLKFreq
 .text.HAL_RCC_GetPCLK1Freq
                0x08006e6c       0x28 ./Drivers/STM32F4xx_HAL_Driver/Src/stm32f4xx_hal_rcc.o
                0x08006e6c                HAL_RCC_GetPCLK1Freq
 .text.HAL_RCC_GetPCLK2Freq
                0x08006e94       0x28 ./Drivers/STM32F4xx_HAL_Driver/Src/stm32f4xx_hal_rcc.o
                0x08006e94                HAL_RCC_GetPCLK2Freq
 .text.HAL_SPI_Init
                0x08006ebc      0x112 ./Drivers/STM32F4xx_HAL_Driver/Src/stm32f4xx_hal_spi.o
                0x08006ebc                HAL_SPI_Init
 .text.HAL_SPI_DeInit
                0x08006fce       0x50 ./Drivers/STM32F4xx_HAL_Driver/Src/stm32f4xx_hal_spi.o
                0x08006fce                HAL_SPI_DeInit
 *fill*         0x0800701e        0x2 
 .text.HAL_SPI_IRQHandler
                0x08007020      0x1e8 ./Drivers/STM32F4xx_HAL_Driver/Src/stm32f4xx_hal_spi.o
                0x08007020                HAL_SPI_IRQHandler
 .text.HAL_SPI_ErrorCallback
                0x08007208       0x14 ./Drivers/STM32F4xx_HAL_Driver/Src/stm32f4xx_hal_spi.o
                0x08007208                HAL_SPI_ErrorCallback
 .text.SPI_DMAAbortOnError
                0x0800721c       0x28 ./Drivers/STM32F4xx_HAL_Driver/Src/stm32f4xx_hal_spi.o
 .text.HAL_TIM_Base_Init
                0x08007244       0xb8 ./Drivers/STM32F4xx_HAL_Driver/Src/stm32f4xx_hal_tim.o
                0x08007244                HAL_TIM_Base_Init
 .text.HAL_TIM_IRQHandler
                0x080072fc      0x220 ./Drivers/STM32F4xx_HAL_Driver/Src/stm32f4xx_hal_tim.o
                0x080072fc                HAL_TIM_IRQHandler
 .text.HAL_TIM_PeriodElapsedHalfCpltCallback
                0x0800751c       0x14 ./Drivers/STM32F4xx_HAL_Driver/Src/stm32f4xx_hal_tim.o
                0x0800751c                HAL_TIM_PeriodElapsedHalfCpltCallback
 .text.HAL_TIM_OC_DelayElapsedCallback
                0x08007530       0x14 ./Drivers/STM32F4xx_HAL_Driver/Src/stm32f4xx_hal_tim.o
                0x08007530                HAL_TIM_OC_DelayElapsedCallback
 .text.HAL_TIM_IC_CaptureCallback
                0x08007544       0x14 ./Drivers/STM32F4xx_HAL_Driver/Src/stm32f4xx_hal_tim.o
                0x08007544                HAL_TIM_IC_CaptureCallback
 .text.HAL_TIM_IC_CaptureHalfCpltCallback
                0x08007558       0x14 ./Drivers/STM32F4xx_HAL_Driver/Src/stm32f4xx_hal_tim.o
                0x08007558                HAL_TIM_IC_CaptureHalfCpltCallback
 .text.HAL_TIM_PWM_PulseFinishedHalfCpltCallback
                0x0800756c       0x14 ./Drivers/STM32F4xx_HAL_Driver/Src/stm32f4xx_hal_tim.o
                0x0800756c                HAL_TIM_PWM_PulseFinishedHalfCpltCallback
 .text.HAL_TIM_TriggerCallback
                0x08007580       0x14 ./Drivers/STM32F4xx_HAL_Driver/Src/stm32f4xx_hal_tim.o
                0x08007580                HAL_TIM_TriggerCallback
 .text.HAL_TIM_TriggerHalfCpltCallback
                0x08007594       0x14 ./Drivers/STM32F4xx_HAL_Driver/Src/stm32f4xx_hal_tim.o
                0x08007594                HAL_TIM_TriggerHalfCpltCallback
 .text.HAL_TIM_ErrorCallback
                0x080075a8       0x14 ./Drivers/STM32F4xx_HAL_Driver/Src/stm32f4xx_hal_tim.o
                0x080075a8                HAL_TIM_ErrorCallback
 .text.TIM_Base_SetConfig
                0x080075bc      0x118 ./Drivers/STM32F4xx_HAL_Driver/Src/stm32f4xx_hal_tim.o
                0x080075bc                TIM_Base_SetConfig
 .text.TIM_ResetCallback
                0x080076d4       0xb0 ./Drivers/STM32F4xx_HAL_Driver/Src/stm32f4xx_hal_tim.o
                0x080076d4                TIM_ResetCallback
 .text.HAL_TIMEx_CommutCallback
                0x08007784       0x14 ./Drivers/STM32F4xx_HAL_Driver/Src/stm32f4xx_hal_tim_ex.o
                0x08007784                HAL_TIMEx_CommutCallback
 .text.HAL_TIMEx_CommutHalfCpltCallback
                0x08007798       0x14 ./Drivers/STM32F4xx_HAL_Driver/Src/stm32f4xx_hal_tim_ex.o
                0x08007798                HAL_TIMEx_CommutHalfCpltCallback
 .text.HAL_TIMEx_BreakCallback
                0x080077ac       0x14 ./Drivers/STM32F4xx_HAL_Driver/Src/stm32f4xx_hal_tim_ex.o
                0x080077ac                HAL_TIMEx_BreakCallback
 .text.HAL_UART_Init
                0x080077c0       0xbc ./Drivers/STM32F4xx_HAL_Driver/Src/stm32f4xx_hal_uart.o
                0x080077c0                HAL_UART_Init
 .text.HAL_UART_Transmit
                0x0800787c      0x116 ./Drivers/STM32F4xx_HAL_Driver/Src/stm32f4xx_hal_uart.o
                0x0800787c                HAL_UART_Transmit
 *fill*         0x08007992        0x2 
 .text.HAL_UART_IRQHandler
                0x08007994      0x530 ./Drivers/STM32F4xx_HAL_Driver/Src/stm32f4xx_hal_uart.o
                0x08007994                HAL_UART_IRQHandler
 .text.HAL_UART_TxCpltCallback
                0x08007ec4       0x14 ./Drivers/STM32F4xx_HAL_Driver/Src/stm32f4xx_hal_uart.o
                0x08007ec4                HAL_UART_TxCpltCallback
 .text.HAL_UART_TxHalfCpltCallback
                0x08007ed8       0x14 ./Drivers/STM32F4xx_HAL_Driver/Src/stm32f4xx_hal_uart.o
                0x08007ed8                HAL_UART_TxHalfCpltCallback
 .text.HAL_UART_RxCpltCallback
                0x08007eec       0x14 ./Drivers/STM32F4xx_HAL_Driver/Src/stm32f4xx_hal_uart.o
                0x08007eec                HAL_UART_RxCpltCallback
 .text.HAL_UART_RxHalfCpltCallback
                0x08007f00       0x14 ./Drivers/STM32F4xx_HAL_Driver/Src/stm32f4xx_hal_uart.o
                0x08007f00                HAL_UART_RxHalfCpltCallback
 .text.HAL_UART_ErrorCallback
                0x08007f14       0x14 ./Drivers/STM32F4xx_HAL_Driver/Src/stm32f4xx_hal_uart.o
                0x08007f14                HAL_UART_ErrorCallback
 .text.HAL_UART_AbortCpltCallback
                0x08007f28       0x14 ./Drivers/STM32F4xx_HAL_Driver/Src/stm32f4xx_hal_uart.o
                0x08007f28                HAL_UART_AbortCpltCallback
 .text.HAL_UART_AbortTransmitCpltCallback
                0x08007f3c       0x14 ./Drivers/STM32F4xx_HAL_Driver/Src/stm32f4xx_hal_uart.o
                0x08007f3c                HAL_UART_AbortTransmitCpltCallback
 .text.HAL_UART_AbortReceiveCpltCallback
                0x08007f50       0x14 ./Drivers/STM32F4xx_HAL_Driver/Src/stm32f4xx_hal_uart.o
                0x08007f50                HAL_UART_AbortReceiveCpltCallback
 .text.HAL_UARTEx_RxEventCallback
                0x08007f64       0x18 ./Drivers/STM32F4xx_HAL_Driver/Src/stm32f4xx_hal_uart.o
                0x08007f64                HAL_UARTEx_RxEventCallback
 .text.UART_InitCallbacksToDefault
                0x08007f7c       0x70 ./Drivers/STM32F4xx_HAL_Driver/Src/stm32f4xx_hal_uart.o
                0x08007f7c                UART_InitCallbacksToDefault
 .text.UART_WaitOnFlagUntilTimeout
                0x08007fec       0xb2 ./Drivers/STM32F4xx_HAL_Driver/Src/stm32f4xx_hal_uart.o
 .text.UART_EndRxTransfer
                0x0800809e       0xc6 ./Drivers/STM32F4xx_HAL_Driver/Src/stm32f4xx_hal_uart.o
 .text.UART_DMAAbortOnError
                0x08008164       0x2a ./Drivers/STM32F4xx_HAL_Driver/Src/stm32f4xx_hal_uart.o
 .text.UART_Transmit_IT
                0x0800818e       0xa0 ./Drivers/STM32F4xx_HAL_Driver/Src/stm32f4xx_hal_uart.o
 .text.UART_EndTransmit_IT
                0x0800822e       0x32 ./Drivers/STM32F4xx_HAL_Driver/Src/stm32f4xx_hal_uart.o
 .text.UART_Receive_IT
                0x08008260      0x180 ./Drivers/STM32F4xx_HAL_Driver/Src/stm32f4xx_hal_uart.o
 .text.UART_SetConfig
                0x080083e0      0x4e8 ./Drivers/STM32F4xx_HAL_Driver/Src/stm32f4xx_hal_uart.o
 .text.calloc   0x080088c8       0x10 D:/STM32CubeIDE_1.15.0/STM32CubeIDE/plugins/com.st.stm32cube.ide.mcu.externaltools.gnu-tools-for-stm32.12.3.rel1.win32_1.0.100.202403111256/tools/bin/../lib/gcc/arm-none-eabi/12.3.1/../../../../arm-none-eabi/lib/thumb/v7e-m+fp/hard\libc_nano.a(libc_a-calloc.o)
                0x080088c8                calloc
 .text._calloc_r
                0x080088d8       0x28 D:/STM32CubeIDE_1.15.0/STM32CubeIDE/plugins/com.st.stm32cube.ide.mcu.externaltools.gnu-tools-for-stm32.12.3.rel1.win32_1.0.100.202403111256/tools/bin/../lib/gcc/arm-none-eabi/12.3.1/../../../../arm-none-eabi/lib/thumb/v7e-m+fp/hard\libc_nano.a(libc_a-callocr.o)
                0x080088d8                _calloc_r
 .text.malloc   0x08008900       0x10 D:/STM32CubeIDE_1.15.0/STM32CubeIDE/plugins/com.st.stm32cube.ide.mcu.externaltools.gnu-tools-for-stm32.12.3.rel1.win32_1.0.100.202403111256/tools/bin/../lib/gcc/arm-none-eabi/12.3.1/../../../../arm-none-eabi/lib/thumb/v7e-m+fp/hard\libc_nano.a(libc_a-malloc.o)
                0x08008900                malloc
 .text.free     0x08008910       0x10 D:/STM32CubeIDE_1.15.0/STM32CubeIDE/plugins/com.st.stm32cube.ide.mcu.externaltools.gnu-tools-for-stm32.12.3.rel1.win32_1.0.100.202403111256/tools/bin/../lib/gcc/arm-none-eabi/12.3.1/../../../../arm-none-eabi/lib/thumb/v7e-m+fp/hard\libc_nano.a(libc_a-malloc.o)
                0x08008910                free
 .text.sbrk_aligned
                0x08008920       0x44 D:/STM32CubeIDE_1.15.0/STM32CubeIDE/plugins/com.st.stm32cube.ide.mcu.externaltools.gnu-tools-for-stm32.12.3.rel1.win32_1.0.100.202403111256/tools/bin/../lib/gcc/arm-none-eabi/12.3.1/../../../../arm-none-eabi/lib/thumb/v7e-m+fp/hard\libc_nano.a(libc_a-mallocr.o)
 .text._malloc_r
                0x08008964      0x100 D:/STM32CubeIDE_1.15.0/STM32CubeIDE/plugins/com.st.stm32cube.ide.mcu.externaltools.gnu-tools-for-stm32.12.3.rel1.win32_1.0.100.202403111256/tools/bin/../lib/gcc/arm-none-eabi/12.3.1/../../../../arm-none-eabi/lib/thumb/v7e-m+fp/hard\libc_nano.a(libc_a-mallocr.o)
                0x08008964                _malloc_r
 .text.__malloc_lock
                0x08008a64        0xc D:/STM32CubeIDE_1.15.0/STM32CubeIDE/plugins/com.st.stm32cube.ide.mcu.externaltools.gnu-tools-for-stm32.12.3.rel1.win32_1.0.100.202403111256/tools/bin/../lib/gcc/arm-none-eabi/12.3.1/../../../../arm-none-eabi/lib/thumb/v7e-m+fp/hard\libc_nano.a(libc_a-mlock.o)
                0x08008a64                __malloc_lock
 .text.__malloc_unlock
                0x08008a70        0xc D:/STM32CubeIDE_1.15.0/STM32CubeIDE/plugins/com.st.stm32cube.ide.mcu.externaltools.gnu-tools-for-stm32.12.3.rel1.win32_1.0.100.202403111256/tools/bin/../lib/gcc/arm-none-eabi/12.3.1/../../../../arm-none-eabi/lib/thumb/v7e-m+fp/hard\libc_nano.a(libc_a-mlock.o)
                0x08008a70                __malloc_unlock
 .text._strtol_l.constprop.0
                0x08008a7c       0xf4 D:/STM32CubeIDE_1.15.0/STM32CubeIDE/plugins/com.st.stm32cube.ide.mcu.externaltools.gnu-tools-for-stm32.12.3.rel1.win32_1.0.100.202403111256/tools/bin/../lib/gcc/arm-none-eabi/12.3.1/../../../../arm-none-eabi/lib/thumb/v7e-m+fp/hard\libc_nano.a(libc_a-strtol.o)
 .text._strtol_r
                0x08008b70        0x4 D:/STM32CubeIDE_1.15.0/STM32CubeIDE/plugins/com.st.stm32cube.ide.mcu.externaltools.gnu-tools-for-stm32.12.3.rel1.win32_1.0.100.202403111256/tools/bin/../lib/gcc/arm-none-eabi/12.3.1/../../../../arm-none-eabi/lib/thumb/v7e-m+fp/hard\libc_nano.a(libc_a-strtol.o)
                0x08008b70                _strtol_r
 .text.__cvt    0x08008b74       0xca D:/STM32CubeIDE_1.15.0/STM32CubeIDE/plugins/com.st.stm32cube.ide.mcu.externaltools.gnu-tools-for-stm32.12.3.rel1.win32_1.0.100.202403111256/tools/bin/../lib/gcc/arm-none-eabi/12.3.1/../../../../arm-none-eabi/lib/thumb/v7e-m+fp/hard\libc_nano.a(libc_a-nano-vfprintf_float.o)
                0x08008b74                __cvt
 .text.__exponent
                0x08008c3e       0x74 D:/STM32CubeIDE_1.15.0/STM32CubeIDE/plugins/com.st.stm32cube.ide.mcu.externaltools.gnu-tools-for-stm32.12.3.rel1.win32_1.0.100.202403111256/tools/bin/../lib/gcc/arm-none-eabi/12.3.1/../../../../arm-none-eabi/lib/thumb/v7e-m+fp/hard\libc_nano.a(libc_a-nano-vfprintf_float.o)
                0x08008c3e                __exponent
 *fill*         0x08008cb2        0x2 
 .text._printf_float
                0x08008cb4      0x454 D:/STM32CubeIDE_1.15.0/STM32CubeIDE/plugins/com.st.stm32cube.ide.mcu.externaltools.gnu-tools-for-stm32.12.3.rel1.win32_1.0.100.202403111256/tools/bin/../lib/gcc/arm-none-eabi/12.3.1/../../../../arm-none-eabi/lib/thumb/v7e-m+fp/hard\libc_nano.a(libc_a-nano-vfprintf_float.o)
                0x08008cb4                _printf_float
 .text._printf_common
                0x08009108       0xda D:/STM32CubeIDE_1.15.0/STM32CubeIDE/plugins/com.st.stm32cube.ide.mcu.externaltools.gnu-tools-for-stm32.12.3.rel1.win32_1.0.100.202403111256/tools/bin/../lib/gcc/arm-none-eabi/12.3.1/../../../../arm-none-eabi/lib/thumb/v7e-m+fp/hard\libc_nano.a(libc_a-nano-vfprintf_i.o)
                0x08009108                _printf_common
 *fill*         0x080091e2        0x2 
 .text._printf_i
                0x080091e4      0x240 D:/STM32CubeIDE_1.15.0/STM32CubeIDE/plugins/com.st.stm32cube.ide.mcu.externaltools.gnu-tools-for-stm32.12.3.rel1.win32_1.0.100.202403111256/tools/bin/../lib/gcc/arm-none-eabi/12.3.1/../../../../arm-none-eabi/lib/thumb/v7e-m+fp/hard\libc_nano.a(libc_a-nano-vfprintf_i.o)
                0x080091e4                _printf_i
 .text._scanf_float
                0x08009424      0x428 D:/STM32CubeIDE_1.15.0/STM32CubeIDE/plugins/com.st.stm32cube.ide.mcu.externaltools.gnu-tools-for-stm32.12.3.rel1.win32_1.0.100.202403111256/tools/bin/../lib/gcc/arm-none-eabi/12.3.1/../../../../arm-none-eabi/lib/thumb/v7e-m+fp/hard\libc_nano.a(libc_a-nano-vfscanf_float.o)
                0x08009424                _scanf_float
 .text.std      0x0800984c       0x6c D:/STM32CubeIDE_1.15.0/STM32CubeIDE/plugins/com.st.stm32cube.ide.mcu.externaltools.gnu-tools-for-stm32.12.3.rel1.win32_1.0.100.202403111256/tools/bin/../lib/gcc/arm-none-eabi/12.3.1/../../../../arm-none-eabi/lib/thumb/v7e-m+fp/hard\libc_nano.a(libc_a-findfp.o)
 .text.stdio_exit_handler
                0x080098b8       0x18 D:/STM32CubeIDE_1.15.0/STM32CubeIDE/plugins/com.st.stm32cube.ide.mcu.externaltools.gnu-tools-for-stm32.12.3.rel1.win32_1.0.100.202403111256/tools/bin/../lib/gcc/arm-none-eabi/12.3.1/../../../../arm-none-eabi/lib/thumb/v7e-m+fp/hard\libc_nano.a(libc_a-findfp.o)
 .text.cleanup_stdio
                0x080098d0       0x40 D:/STM32CubeIDE_1.15.0/STM32CubeIDE/plugins/com.st.stm32cube.ide.mcu.externaltools.gnu-tools-for-stm32.12.3.rel1.win32_1.0.100.202403111256/tools/bin/../lib/gcc/arm-none-eabi/12.3.1/../../../../arm-none-eabi/lib/thumb/v7e-m+fp/hard\libc_nano.a(libc_a-findfp.o)
 .text.global_stdio_init.part.0
                0x08009910       0x3c D:/STM32CubeIDE_1.15.0/STM32CubeIDE/plugins/com.st.stm32cube.ide.mcu.externaltools.gnu-tools-for-stm32.12.3.rel1.win32_1.0.100.202403111256/tools/bin/../lib/gcc/arm-none-eabi/12.3.1/../../../../arm-none-eabi/lib/thumb/v7e-m+fp/hard\libc_nano.a(libc_a-findfp.o)
 .text.__sfp_lock_acquire
                0x0800994c        0xc D:/STM32CubeIDE_1.15.0/STM32CubeIDE/plugins/com.st.stm32cube.ide.mcu.externaltools.gnu-tools-for-stm32.12.3.rel1.win32_1.0.100.202403111256/tools/bin/../lib/gcc/arm-none-eabi/12.3.1/../../../../arm-none-eabi/lib/thumb/v7e-m+fp/hard\libc_nano.a(libc_a-findfp.o)
                0x0800994c                __sfp_lock_acquire
 .text.__sfp_lock_release
                0x08009958        0xc D:/STM32CubeIDE_1.15.0/STM32CubeIDE/plugins/com.st.stm32cube.ide.mcu.externaltools.gnu-tools-for-stm32.12.3.rel1.win32_1.0.100.202403111256/tools/bin/../lib/gcc/arm-none-eabi/12.3.1/../../../../arm-none-eabi/lib/thumb/v7e-m+fp/hard\libc_nano.a(libc_a-findfp.o)
                0x08009958                __sfp_lock_release
 .text.__sinit  0x08009964       0x30 D:/STM32CubeIDE_1.15.0/STM32CubeIDE/plugins/com.st.stm32cube.ide.mcu.externaltools.gnu-tools-for-stm32.12.3.rel1.win32_1.0.100.202403111256/tools/bin/../lib/gcc/arm-none-eabi/12.3.1/../../../../arm-none-eabi/lib/thumb/v7e-m+fp/hard\libc_nano.a(libc_a-findfp.o)
                0x08009964                __sinit
 .text._fwalk_sglue
                0x08009994       0x3c D:/STM32CubeIDE_1.15.0/STM32CubeIDE/plugins/com.st.stm32cube.ide.mcu.externaltools.gnu-tools-for-stm32.12.3.rel1.win32_1.0.100.202403111256/tools/bin/../lib/gcc/arm-none-eabi/12.3.1/../../../../arm-none-eabi/lib/thumb/v7e-m+fp/hard\libc_nano.a(libc_a-fwalk.o)
                0x08009994                _fwalk_sglue
 .text.printf   0x080099d0       0x24 D:/STM32CubeIDE_1.15.0/STM32CubeIDE/plugins/com.st.stm32cube.ide.mcu.externaltools.gnu-tools-for-stm32.12.3.rel1.win32_1.0.100.202403111256/tools/bin/../lib/gcc/arm-none-eabi/12.3.1/../../../../arm-none-eabi/lib/thumb/v7e-m+fp/hard\libc_nano.a(libc_a-printf.o)
                0x080099d0                iprintf
                0x080099d0                printf
 .text._puts_r  0x080099f4       0xaa D:/STM32CubeIDE_1.15.0/STM32CubeIDE/plugins/com.st.stm32cube.ide.mcu.externaltools.gnu-tools-for-stm32.12.3.rel1.win32_1.0.100.202403111256/tools/bin/../lib/gcc/arm-none-eabi/12.3.1/../../../../arm-none-eabi/lib/thumb/v7e-m+fp/hard\libc_nano.a(libc_a-puts.o)
                0x080099f4                _puts_r
 *fill*         0x08009a9e        0x2 
 .text.puts     0x08009aa0       0x10 D:/STM32CubeIDE_1.15.0/STM32CubeIDE/plugins/com.st.stm32cube.ide.mcu.externaltools.gnu-tools-for-stm32.12.3.rel1.win32_1.0.100.202403111256/tools/bin/../lib/gcc/arm-none-eabi/12.3.1/../../../../arm-none-eabi/lib/thumb/v7e-m+fp/hard\libc_nano.a(libc_a-puts.o)
                0x08009aa0                puts
 .text.snprintf
                0x08009ab0       0x68 D:/STM32CubeIDE_1.15.0/STM32CubeIDE/plugins/com.st.stm32cube.ide.mcu.externaltools.gnu-tools-for-stm32.12.3.rel1.win32_1.0.100.202403111256/tools/bin/../lib/gcc/arm-none-eabi/12.3.1/../../../../arm-none-eabi/lib/thumb/v7e-m+fp/hard\libc_nano.a(libc_a-snprintf.o)
                0x08009ab0                sniprintf
                0x08009ab0                snprintf
 .text.sprintf  0x08009b18       0x40 D:/STM32CubeIDE_1.15.0/STM32CubeIDE/plugins/com.st.stm32cube.ide.mcu.externaltools.gnu-tools-for-stm32.12.3.rel1.win32_1.0.100.202403111256/tools/bin/../lib/gcc/arm-none-eabi/12.3.1/../../../../arm-none-eabi/lib/thumb/v7e-m+fp/hard\libc_nano.a(libc_a-sprintf.o)
                0x08009b18                siprintf
                0x08009b18                sprintf
 .text.__sread  0x08009b58       0x22 D:/STM32CubeIDE_1.15.0/STM32CubeIDE/plugins/com.st.stm32cube.ide.mcu.externaltools.gnu-tools-for-stm32.12.3.rel1.win32_1.0.100.202403111256/tools/bin/../lib/gcc/arm-none-eabi/12.3.1/../../../../arm-none-eabi/lib/thumb/v7e-m+fp/hard\libc_nano.a(libc_a-stdio.o)
                0x08009b58                __sread
 .text.__swrite
                0x08009b7a       0x38 D:/STM32CubeIDE_1.15.0/STM32CubeIDE/plugins/com.st.stm32cube.ide.mcu.externaltools.gnu-tools-for-stm32.12.3.rel1.win32_1.0.100.202403111256/tools/bin/../lib/gcc/arm-none-eabi/12.3.1/../../../../arm-none-eabi/lib/thumb/v7e-m+fp/hard\libc_nano.a(libc_a-stdio.o)
                0x08009b7a                __swrite
 .text.__sseek  0x08009bb2       0x24 D:/STM32CubeIDE_1.15.0/STM32CubeIDE/plugins/com.st.stm32cube.ide.mcu.externaltools.gnu-tools-for-stm32.12.3.rel1.win32_1.0.100.202403111256/tools/bin/../lib/gcc/arm-none-eabi/12.3.1/../../../../arm-none-eabi/lib/thumb/v7e-m+fp/hard\libc_nano.a(libc_a-stdio.o)
                0x08009bb2                __sseek
 .text.__sclose
                0x08009bd6        0x8 D:/STM32CubeIDE_1.15.0/STM32CubeIDE/plugins/com.st.stm32cube.ide.mcu.externaltools.gnu-tools-for-stm32.12.3.rel1.win32_1.0.100.202403111256/tools/bin/../lib/gcc/arm-none-eabi/12.3.1/../../../../arm-none-eabi/lib/thumb/v7e-m+fp/hard\libc_nano.a(libc_a-stdio.o)
                0x08009bd6                __sclose
 .text.__swbuf_r
                0x08009bde       0x7c D:/STM32CubeIDE_1.15.0/STM32CubeIDE/plugins/com.st.stm32cube.ide.mcu.externaltools.gnu-tools-for-stm32.12.3.rel1.win32_1.0.100.202403111256/tools/bin/../lib/gcc/arm-none-eabi/12.3.1/../../../../arm-none-eabi/lib/thumb/v7e-m+fp/hard\libc_nano.a(libc_a-wbuf.o)
                0x08009bde                __swbuf_r
 *fill*         0x08009c5a        0x2 
 .text.__swsetup_r
                0x08009c5c       0xac D:/STM32CubeIDE_1.15.0/STM32CubeIDE/plugins/com.st.stm32cube.ide.mcu.externaltools.gnu-tools-for-stm32.12.3.rel1.win32_1.0.100.202403111256/tools/bin/../lib/gcc/arm-none-eabi/12.3.1/../../../../arm-none-eabi/lib/thumb/v7e-m+fp/hard\libc_nano.a(libc_a-wsetup.o)
                0x08009c5c                __swsetup_r
 .text.memset   0x08009d08       0x10 D:/STM32CubeIDE_1.15.0/STM32CubeIDE/plugins/com.st.stm32cube.ide.mcu.externaltools.gnu-tools-for-stm32.12.3.rel1.win32_1.0.100.202403111256/tools/bin/../lib/gcc/arm-none-eabi/12.3.1/../../../../arm-none-eabi/lib/thumb/v7e-m+fp/hard\libc_nano.a(libc_a-memset.o)
                0x08009d08                memset
 .text._localeconv_r
                0x08009d18        0x8 D:/STM32CubeIDE_1.15.0/STM32CubeIDE/plugins/com.st.stm32cube.ide.mcu.externaltools.gnu-tools-for-stm32.12.3.rel1.win32_1.0.100.202403111256/tools/bin/../lib/gcc/arm-none-eabi/12.3.1/../../../../arm-none-eabi/lib/thumb/v7e-m+fp/hard\libc_nano.a(libc_a-localeconv.o)
                0x08009d18                _localeconv_r
 .text._close_r
                0x08009d20       0x20 D:/STM32CubeIDE_1.15.0/STM32CubeIDE/plugins/com.st.stm32cube.ide.mcu.externaltools.gnu-tools-for-stm32.12.3.rel1.win32_1.0.100.202403111256/tools/bin/../lib/gcc/arm-none-eabi/12.3.1/../../../../arm-none-eabi/lib/thumb/v7e-m+fp/hard\libc_nano.a(libc_a-closer.o)
                0x08009d20                _close_r
 .text._lseek_r
                0x08009d40       0x24 D:/STM32CubeIDE_1.15.0/STM32CubeIDE/plugins/com.st.stm32cube.ide.mcu.externaltools.gnu-tools-for-stm32.12.3.rel1.win32_1.0.100.202403111256/tools/bin/../lib/gcc/arm-none-eabi/12.3.1/../../../../arm-none-eabi/lib/thumb/v7e-m+fp/hard\libc_nano.a(libc_a-lseekr.o)
                0x08009d40                _lseek_r
 .text._read_r  0x08009d64       0x24 D:/STM32CubeIDE_1.15.0/STM32CubeIDE/plugins/com.st.stm32cube.ide.mcu.externaltools.gnu-tools-for-stm32.12.3.rel1.win32_1.0.100.202403111256/tools/bin/../lib/gcc/arm-none-eabi/12.3.1/../../../../arm-none-eabi/lib/thumb/v7e-m+fp/hard\libc_nano.a(libc_a-readr.o)
                0x08009d64                _read_r
 .text._sbrk_r  0x08009d88       0x20 D:/STM32CubeIDE_1.15.0/STM32CubeIDE/plugins/com.st.stm32cube.ide.mcu.externaltools.gnu-tools-for-stm32.12.3.rel1.win32_1.0.100.202403111256/tools/bin/../lib/gcc/arm-none-eabi/12.3.1/../../../../arm-none-eabi/lib/thumb/v7e-m+fp/hard\libc_nano.a(libc_a-sbrkr.o)
                0x08009d88                _sbrk_r
 .text._write_r
                0x08009da8       0x24 D:/STM32CubeIDE_1.15.0/STM32CubeIDE/plugins/com.st.stm32cube.ide.mcu.externaltools.gnu-tools-for-stm32.12.3.rel1.win32_1.0.100.202403111256/tools/bin/../lib/gcc/arm-none-eabi/12.3.1/../../../../arm-none-eabi/lib/thumb/v7e-m+fp/hard\libc_nano.a(libc_a-writer.o)
                0x08009da8                _write_r
 .text.__errno  0x08009dcc        0xc D:/STM32CubeIDE_1.15.0/STM32CubeIDE/plugins/com.st.stm32cube.ide.mcu.externaltools.gnu-tools-for-stm32.12.3.rel1.win32_1.0.100.202403111256/tools/bin/../lib/gcc/arm-none-eabi/12.3.1/../../../../arm-none-eabi/lib/thumb/v7e-m+fp/hard\libc_nano.a(libc_a-errno.o)
                0x08009dcc                __errno
 .text.__libc_init_array
                0x08009dd8       0x48 D:/STM32CubeIDE_1.15.0/STM32CubeIDE/plugins/com.st.stm32cube.ide.mcu.externaltools.gnu-tools-for-stm32.12.3.rel1.win32_1.0.100.202403111256/tools/bin/../lib/gcc/arm-none-eabi/12.3.1/../../../../arm-none-eabi/lib/thumb/v7e-m+fp/hard\libc_nano.a(libc_a-init.o)
                0x08009dd8                __libc_init_array
 .text.__retarget_lock_init_recursive
                0x08009e20        0x2 D:/STM32CubeIDE_1.15.0/STM32CubeIDE/plugins/com.st.stm32cube.ide.mcu.externaltools.gnu-tools-for-stm32.12.3.rel1.win32_1.0.100.202403111256/tools/bin/../lib/gcc/arm-none-eabi/12.3.1/../../../../arm-none-eabi/lib/thumb/v7e-m+fp/hard\libc_nano.a(libc_a-lock.o)
                0x08009e20                __retarget_lock_init_recursive
 .text.__retarget_lock_acquire_recursive
                0x08009e22        0x2 D:/STM32CubeIDE_1.15.0/STM32CubeIDE/plugins/com.st.stm32cube.ide.mcu.externaltools.gnu-tools-for-stm32.12.3.rel1.win32_1.0.100.202403111256/tools/bin/../lib/gcc/arm-none-eabi/12.3.1/../../../../arm-none-eabi/lib/thumb/v7e-m+fp/hard\libc_nano.a(libc_a-lock.o)
                0x08009e22                __retarget_lock_acquire_recursive
 .text.__retarget_lock_release_recursive
                0x08009e24        0x2 D:/STM32CubeIDE_1.15.0/STM32CubeIDE/plugins/com.st.stm32cube.ide.mcu.externaltools.gnu-tools-for-stm32.12.3.rel1.win32_1.0.100.202403111256/tools/bin/../lib/gcc/arm-none-eabi/12.3.1/../../../../arm-none-eabi/lib/thumb/v7e-m+fp/hard\libc_nano.a(libc_a-lock.o)
                0x08009e24                __retarget_lock_release_recursive
 .text.memcpy   0x08009e26       0x1c D:/STM32CubeIDE_1.15.0/STM32CubeIDE/plugins/com.st.stm32cube.ide.mcu.externaltools.gnu-tools-for-stm32.12.3.rel1.win32_1.0.100.202403111256/tools/bin/../lib/gcc/arm-none-eabi/12.3.1/../../../../arm-none-eabi/lib/thumb/v7e-m+fp/hard\libc_nano.a(libc_a-memcpy-stub.o)
                0x08009e26                memcpy
 *fill*         0x08009e42        0x2 
 .text.nanf     0x08009e44        0xc D:/STM32CubeIDE_1.15.0/STM32CubeIDE/plugins/com.st.stm32cube.ide.mcu.externaltools.gnu-tools-for-stm32.12.3.rel1.win32_1.0.100.202403111256/tools/bin/../lib/gcc/arm-none-eabi/12.3.1/../../../../arm-none-eabi/lib/thumb/v7e-m+fp/hard\libc_nano.a(libm_a-sf_nan.o)
                0x08009e44                nanf
 .text.quorem   0x08009e50      0x110 D:/STM32CubeIDE_1.15.0/STM32CubeIDE/plugins/com.st.stm32cube.ide.mcu.externaltools.gnu-tools-for-stm32.12.3.rel1.win32_1.0.100.202403111256/tools/bin/../lib/gcc/arm-none-eabi/12.3.1/../../../../arm-none-eabi/lib/thumb/v7e-m+fp/hard\libc_nano.a(libc_a-dtoa.o)
 .text._dtoa_r  0x08009f60      0xb88 D:/STM32CubeIDE_1.15.0/STM32CubeIDE/plugins/com.st.stm32cube.ide.mcu.externaltools.gnu-tools-for-stm32.12.3.rel1.win32_1.0.100.202403111256/tools/bin/../lib/gcc/arm-none-eabi/12.3.1/../../../../arm-none-eabi/lib/thumb/v7e-m+fp/hard\libc_nano.a(libc_a-dtoa.o)
                0x08009f60                _dtoa_r
 .text._free_r  0x0800aae8       0x94 D:/STM32CubeIDE_1.15.0/STM32CubeIDE/plugins/com.st.stm32cube.ide.mcu.externaltools.gnu-tools-for-stm32.12.3.rel1.win32_1.0.100.202403111256/tools/bin/../lib/gcc/arm-none-eabi/12.3.1/../../../../arm-none-eabi/lib/thumb/v7e-m+fp/hard\libc_nano.a(libc_a-freer.o)
                0x0800aae8                _free_r
 .text._Balloc  0x0800ab7c       0x80 D:/STM32CubeIDE_1.15.0/STM32CubeIDE/plugins/com.st.stm32cube.ide.mcu.externaltools.gnu-tools-for-stm32.12.3.rel1.win32_1.0.100.202403111256/tools/bin/../lib/gcc/arm-none-eabi/12.3.1/../../../../arm-none-eabi/lib/thumb/v7e-m+fp/hard\libc_nano.a(libc_a-mprec.o)
                0x0800ab7c                _Balloc
 .text._Bfree   0x0800abfc       0x44 D:/STM32CubeIDE_1.15.0/STM32CubeIDE/plugins/com.st.stm32cube.ide.mcu.externaltools.gnu-tools-for-stm32.12.3.rel1.win32_1.0.100.202403111256/tools/bin/../lib/gcc/arm-none-eabi/12.3.1/../../../../arm-none-eabi/lib/thumb/v7e-m+fp/hard\libc_nano.a(libc_a-mprec.o)
                0x0800abfc                _Bfree
 .text.__multadd
                0x0800ac40       0x8c D:/STM32CubeIDE_1.15.0/STM32CubeIDE/plugins/com.st.stm32cube.ide.mcu.externaltools.gnu-tools-for-stm32.12.3.rel1.win32_1.0.100.202403111256/tools/bin/../lib/gcc/arm-none-eabi/12.3.1/../../../../arm-none-eabi/lib/thumb/v7e-m+fp/hard\libc_nano.a(libc_a-mprec.o)
                0x0800ac40                __multadd
 .text.__s2b    0x0800accc       0x94 D:/STM32CubeIDE_1.15.0/STM32CubeIDE/plugins/com.st.stm32cube.ide.mcu.externaltools.gnu-tools-for-stm32.12.3.rel1.win32_1.0.100.202403111256/tools/bin/../lib/gcc/arm-none-eabi/12.3.1/../../../../arm-none-eabi/lib/thumb/v7e-m+fp/hard\libc_nano.a(libc_a-mprec.o)
                0x0800accc                __s2b
 .text.__hi0bits
                0x0800ad60       0x3e D:/STM32CubeIDE_1.15.0/STM32CubeIDE/plugins/com.st.stm32cube.ide.mcu.externaltools.gnu-tools-for-stm32.12.3.rel1.win32_1.0.100.202403111256/tools/bin/../lib/gcc/arm-none-eabi/12.3.1/../../../../arm-none-eabi/lib/thumb/v7e-m+fp/hard\libc_nano.a(libc_a-mprec.o)
                0x0800ad60                __hi0bits
 .text.__lo0bits
                0x0800ad9e       0x5a D:/STM32CubeIDE_1.15.0/STM32CubeIDE/plugins/com.st.stm32cube.ide.mcu.externaltools.gnu-tools-for-stm32.12.3.rel1.win32_1.0.100.202403111256/tools/bin/../lib/gcc/arm-none-eabi/12.3.1/../../../../arm-none-eabi/lib/thumb/v7e-m+fp/hard\libc_nano.a(libc_a-mprec.o)
                0x0800ad9e                __lo0bits
 .text.__i2b    0x0800adf8       0x2c D:/STM32CubeIDE_1.15.0/STM32CubeIDE/plugins/com.st.stm32cube.ide.mcu.externaltools.gnu-tools-for-stm32.12.3.rel1.win32_1.0.100.202403111256/tools/bin/../lib/gcc/arm-none-eabi/12.3.1/../../../../arm-none-eabi/lib/thumb/v7e-m+fp/hard\libc_nano.a(libc_a-mprec.o)
                0x0800adf8                __i2b
 .text.__multiply
                0x0800ae24      0x154 D:/STM32CubeIDE_1.15.0/STM32CubeIDE/plugins/com.st.stm32cube.ide.mcu.externaltools.gnu-tools-for-stm32.12.3.rel1.win32_1.0.100.202403111256/tools/bin/../lib/gcc/arm-none-eabi/12.3.1/../../../../arm-none-eabi/lib/thumb/v7e-m+fp/hard\libc_nano.a(libc_a-mprec.o)
                0x0800ae24                __multiply
 .text.__pow5mult
                0x0800af78       0xb4 D:/STM32CubeIDE_1.15.0/STM32CubeIDE/plugins/com.st.stm32cube.ide.mcu.externaltools.gnu-tools-for-stm32.12.3.rel1.win32_1.0.100.202403111256/tools/bin/../lib/gcc/arm-none-eabi/12.3.1/../../../../arm-none-eabi/lib/thumb/v7e-m+fp/hard\libc_nano.a(libc_a-mprec.o)
                0x0800af78                __pow5mult
 .text.__lshift
                0x0800b02c       0xd8 D:/STM32CubeIDE_1.15.0/STM32CubeIDE/plugins/com.st.stm32cube.ide.mcu.externaltools.gnu-tools-for-stm32.12.3.rel1.win32_1.0.100.202403111256/tools/bin/../lib/gcc/arm-none-eabi/12.3.1/../../../../arm-none-eabi/lib/thumb/v7e-m+fp/hard\libc_nano.a(libc_a-mprec.o)
                0x0800b02c                __lshift
 .text.__mcmp   0x0800b104       0x36 D:/STM32CubeIDE_1.15.0/STM32CubeIDE/plugins/com.st.stm32cube.ide.mcu.externaltools.gnu-tools-for-stm32.12.3.rel1.win32_1.0.100.202403111256/tools/bin/../lib/gcc/arm-none-eabi/12.3.1/../../../../arm-none-eabi/lib/thumb/v7e-m+fp/hard\libc_nano.a(libc_a-mprec.o)
                0x0800b104                __mcmp
 *fill*         0x0800b13a        0x2 
 .text.__mdiff  0x0800b13c      0x128 D:/STM32CubeIDE_1.15.0/STM32CubeIDE/plugins/com.st.stm32cube.ide.mcu.externaltools.gnu-tools-for-stm32.12.3.rel1.win32_1.0.100.202403111256/tools/bin/../lib/gcc/arm-none-eabi/12.3.1/../../../../arm-none-eabi/lib/thumb/v7e-m+fp/hard\libc_nano.a(libc_a-mprec.o)
                0x0800b13c                __mdiff
 .text.__ulp    0x0800b264       0x4c D:/STM32CubeIDE_1.15.0/STM32CubeIDE/plugins/com.st.stm32cube.ide.mcu.externaltools.gnu-tools-for-stm32.12.3.rel1.win32_1.0.100.202403111256/tools/bin/../lib/gcc/arm-none-eabi/12.3.1/../../../../arm-none-eabi/lib/thumb/v7e-m+fp/hard\libc_nano.a(libc_a-mprec.o)
                0x0800b264                __ulp
 .text.__b2d    0x0800b2b0       0x94 D:/STM32CubeIDE_1.15.0/STM32CubeIDE/plugins/com.st.stm32cube.ide.mcu.externaltools.gnu-tools-for-stm32.12.3.rel1.win32_1.0.100.202403111256/tools/bin/../lib/gcc/arm-none-eabi/12.3.1/../../../../arm-none-eabi/lib/thumb/v7e-m+fp/hard\libc_nano.a(libc_a-mprec.o)
                0x0800b2b0                __b2d
 .text.__d2b    0x0800b344       0xb0 D:/STM32CubeIDE_1.15.0/STM32CubeIDE/plugins/com.st.stm32cube.ide.mcu.externaltools.gnu-tools-for-stm32.12.3.rel1.win32_1.0.100.202403111256/tools/bin/../lib/gcc/arm-none-eabi/12.3.1/../../../../arm-none-eabi/lib/thumb/v7e-m+fp/hard\libc_nano.a(libc_a-mprec.o)
                0x0800b344                __d2b
 .text.__ratio  0x0800b3f4       0x64 D:/STM32CubeIDE_1.15.0/STM32CubeIDE/plugins/com.st.stm32cube.ide.mcu.externaltools.gnu-tools-for-stm32.12.3.rel1.win32_1.0.100.202403111256/tools/bin/../lib/gcc/arm-none-eabi/12.3.1/../../../../arm-none-eabi/lib/thumb/v7e-m+fp/hard\libc_nano.a(libc_a-mprec.o)
                0x0800b3f4                __ratio
 .text.__copybits
                0x0800b458       0x46 D:/STM32CubeIDE_1.15.0/STM32CubeIDE/plugins/com.st.stm32cube.ide.mcu.externaltools.gnu-tools-for-stm32.12.3.rel1.win32_1.0.100.202403111256/tools/bin/../lib/gcc/arm-none-eabi/12.3.1/../../../../arm-none-eabi/lib/thumb/v7e-m+fp/hard\libc_nano.a(libc_a-mprec.o)
                0x0800b458                __copybits
 .text.__any_on
                0x0800b49e       0x42 D:/STM32CubeIDE_1.15.0/STM32CubeIDE/plugins/com.st.stm32cube.ide.mcu.externaltools.gnu-tools-for-stm32.12.3.rel1.win32_1.0.100.202403111256/tools/bin/../lib/gcc/arm-none-eabi/12.3.1/../../../../arm-none-eabi/lib/thumb/v7e-m+fp/hard\libc_nano.a(libc_a-mprec.o)
                0x0800b49e                __any_on
 .text.sulp     0x0800b4e0       0x3c D:/STM32CubeIDE_1.15.0/STM32CubeIDE/plugins/com.st.stm32cube.ide.mcu.externaltools.gnu-tools-for-stm32.12.3.rel1.win32_1.0.100.202403111256/tools/bin/../lib/gcc/arm-none-eabi/12.3.1/../../../../arm-none-eabi/lib/thumb/v7e-m+fp/hard\libc_nano.a(libc_a-strtod.o)
 *fill*         0x0800b51c        0x4 
 .text._strtod_l
                0x0800b520      0xbc8 D:/STM32CubeIDE_1.15.0/STM32CubeIDE/plugins/com.st.stm32cube.ide.mcu.externaltools.gnu-tools-for-stm32.12.3.rel1.win32_1.0.100.202403111256/tools/bin/../lib/gcc/arm-none-eabi/12.3.1/../../../../arm-none-eabi/lib/thumb/v7e-m+fp/hard\libc_nano.a(libc_a-strtod.o)
                0x0800b520                _strtod_l
 .text._strtod_r
                0x0800c0e8        0xc D:/STM32CubeIDE_1.15.0/STM32CubeIDE/plugins/com.st.stm32cube.ide.mcu.externaltools.gnu-tools-for-stm32.12.3.rel1.win32_1.0.100.202403111256/tools/bin/../lib/gcc/arm-none-eabi/12.3.1/../../../../arm-none-eabi/lib/thumb/v7e-m+fp/hard\libc_nano.a(libc_a-strtod.o)
                0x0800c0e8                _strtod_r
 .text.__ssputs_r
                0x0800c0f4       0xb6 D:/STM32CubeIDE_1.15.0/STM32CubeIDE/plugins/com.st.stm32cube.ide.mcu.externaltools.gnu-tools-for-stm32.12.3.rel1.win32_1.0.100.202403111256/tools/bin/../lib/gcc/arm-none-eabi/12.3.1/../../../../arm-none-eabi/lib/thumb/v7e-m+fp/hard\libc_nano.a(libc_a-nano-svfprintf.o)
                0x0800c0f4                __ssputs_r
 *fill*         0x0800c1aa        0x2 
 .text._svfprintf_r
                0x0800c1ac      0x1f8 D:/STM32CubeIDE_1.15.0/STM32CubeIDE/plugins/com.st.stm32cube.ide.mcu.externaltools.gnu-tools-for-stm32.12.3.rel1.win32_1.0.100.202403111256/tools/bin/../lib/gcc/arm-none-eabi/12.3.1/../../../../arm-none-eabi/lib/thumb/v7e-m+fp/hard\libc_nano.a(libc_a-nano-svfprintf.o)
                0x0800c1ac                _svfiprintf_r
                0x0800c1ac                _svfprintf_r
 .text.__sfputc_r
                0x0800c3a4       0x2e D:/STM32CubeIDE_1.15.0/STM32CubeIDE/plugins/com.st.stm32cube.ide.mcu.externaltools.gnu-tools-for-stm32.12.3.rel1.win32_1.0.100.202403111256/tools/bin/../lib/gcc/arm-none-eabi/12.3.1/../../../../arm-none-eabi/lib/thumb/v7e-m+fp/hard\libc_nano.a(libc_a-nano-vfprintf.o)
 .text.__sfputs_r
                0x0800c3d2       0x24 D:/STM32CubeIDE_1.15.0/STM32CubeIDE/plugins/com.st.stm32cube.ide.mcu.externaltools.gnu-tools-for-stm32.12.3.rel1.win32_1.0.100.202403111256/tools/bin/../lib/gcc/arm-none-eabi/12.3.1/../../../../arm-none-eabi/lib/thumb/v7e-m+fp/hard\libc_nano.a(libc_a-nano-vfprintf.o)
                0x0800c3d2                __sfputs_r
 *fill*         0x0800c3f6        0x2 
 .text._vfprintf_r
                0x0800c3f8      0x230 D:/STM32CubeIDE_1.15.0/STM32CubeIDE/plugins/com.st.stm32cube.ide.mcu.externaltools.gnu-tools-for-stm32.12.3.rel1.win32_1.0.100.202403111256/tools/bin/../lib/gcc/arm-none-eabi/12.3.1/../../../../arm-none-eabi/lib/thumb/v7e-m+fp/hard\libc_nano.a(libc_a-nano-vfprintf.o)
                0x0800c3f8                _vfprintf_r
                0x0800c3f8                _vfiprintf_r
 .text.__sflush_r
                0x0800c628      0x108 D:/STM32CubeIDE_1.15.0/STM32CubeIDE/plugins/com.st.stm32cube.ide.mcu.externaltools.gnu-tools-for-stm32.12.3.rel1.win32_1.0.100.202403111256/tools/bin/../lib/gcc/arm-none-eabi/12.3.1/../../../../arm-none-eabi/lib/thumb/v7e-m+fp/hard\libc_nano.a(libc_a-fflush.o)
                0x0800c628                __sflush_r
 .text._fflush_r
                0x0800c730       0x50 D:/STM32CubeIDE_1.15.0/STM32CubeIDE/plugins/com.st.stm32cube.ide.mcu.externaltools.gnu-tools-for-stm32.12.3.rel1.win32_1.0.100.202403111256/tools/bin/../lib/gcc/arm-none-eabi/12.3.1/../../../../arm-none-eabi/lib/thumb/v7e-m+fp/hard\libc_nano.a(libc_a-fflush.o)
                0x0800c730                _fflush_r
 .text.__swhatbuf_r
                0x0800c780       0x4c D:/STM32CubeIDE_1.15.0/STM32CubeIDE/plugins/com.st.stm32cube.ide.mcu.externaltools.gnu-tools-for-stm32.12.3.rel1.win32_1.0.100.202403111256/tools/bin/../lib/gcc/arm-none-eabi/12.3.1/../../../../arm-none-eabi/lib/thumb/v7e-m+fp/hard\libc_nano.a(libc_a-makebuf.o)
                0x0800c780                __swhatbuf_r
 .text.__smakebuf_r
                0x0800c7cc       0x78 D:/STM32CubeIDE_1.15.0/STM32CubeIDE/plugins/com.st.stm32cube.ide.mcu.externaltools.gnu-tools-for-stm32.12.3.rel1.win32_1.0.100.202403111256/tools/bin/../lib/gcc/arm-none-eabi/12.3.1/../../../../arm-none-eabi/lib/thumb/v7e-m+fp/hard\libc_nano.a(libc_a-makebuf.o)
                0x0800c7cc                __smakebuf_r
 .text.memmove  0x0800c844       0x34 D:/STM32CubeIDE_1.15.0/STM32CubeIDE/plugins/com.st.stm32cube.ide.mcu.externaltools.gnu-tools-for-stm32.12.3.rel1.win32_1.0.100.202403111256/tools/bin/../lib/gcc/arm-none-eabi/12.3.1/../../../../arm-none-eabi/lib/thumb/v7e-m+fp/hard\libc_nano.a(libc_a-memmove.o)
                0x0800c844                memmove
 .text.strncmp  0x0800c878       0x24 D:/STM32CubeIDE_1.15.0/STM32CubeIDE/plugins/com.st.stm32cube.ide.mcu.externaltools.gnu-tools-for-stm32.12.3.rel1.win32_1.0.100.202403111256/tools/bin/../lib/gcc/arm-none-eabi/12.3.1/../../../../arm-none-eabi/lib/thumb/v7e-m+fp/hard\libc_nano.a(libc_a-strncmp.o)
                0x0800c878                strncmp
 .text._fstat_r
                0x0800c89c       0x24 D:/STM32CubeIDE_1.15.0/STM32CubeIDE/plugins/com.st.stm32cube.ide.mcu.externaltools.gnu-tools-for-stm32.12.3.rel1.win32_1.0.100.202403111256/tools/bin/../lib/gcc/arm-none-eabi/12.3.1/../../../../arm-none-eabi/lib/thumb/v7e-m+fp/hard\libc_nano.a(libc_a-fstatr.o)
                0x0800c89c                _fstat_r
 .text._isatty_r
                0x0800c8c0       0x20 D:/STM32CubeIDE_1.15.0/STM32CubeIDE/plugins/com.st.stm32cube.ide.mcu.externaltools.gnu-tools-for-stm32.12.3.rel1.win32_1.0.100.202403111256/tools/bin/../lib/gcc/arm-none-eabi/12.3.1/../../../../arm-none-eabi/lib/thumb/v7e-m+fp/hard\libc_nano.a(libc_a-isattyr.o)
                0x0800c8c0                _isatty_r
 .text.nan      0x0800c8e0       0x10 D:/STM32CubeIDE_1.15.0/STM32CubeIDE/plugins/com.st.stm32cube.ide.mcu.externaltools.gnu-tools-for-stm32.12.3.rel1.win32_1.0.100.202403111256/tools/bin/../lib/gcc/arm-none-eabi/12.3.1/../../../../arm-none-eabi/lib/thumb/v7e-m+fp/hard\libc_nano.a(libm_a-s_nan.o)
                0x0800c8e0                nan
 .text.__assert_func
                0x0800c8f0       0x3c D:/STM32CubeIDE_1.15.0/STM32CubeIDE/plugins/com.st.stm32cube.ide.mcu.externaltools.gnu-tools-for-stm32.12.3.rel1.win32_1.0.100.202403111256/tools/bin/../lib/gcc/arm-none-eabi/12.3.1/../../../../arm-none-eabi/lib/thumb/v7e-m+fp/hard\libc_nano.a(libc_a-assert.o)
                0x0800c8f0                __assert_func
 .text.rshift   0x0800c92c       0xa4 D:/STM32CubeIDE_1.15.0/STM32CubeIDE/plugins/com.st.stm32cube.ide.mcu.externaltools.gnu-tools-for-stm32.12.3.rel1.win32_1.0.100.202403111256/tools/bin/../lib/gcc/arm-none-eabi/12.3.1/../../../../arm-none-eabi/lib/thumb/v7e-m+fp/hard\libc_nano.a(libc_a-gdtoa-gethex.o)
 .text.__hexdig_fun
                0x0800c9d0       0x2a D:/STM32CubeIDE_1.15.0/STM32CubeIDE/plugins/com.st.stm32cube.ide.mcu.externaltools.gnu-tools-for-stm32.12.3.rel1.win32_1.0.100.202403111256/tools/bin/../lib/gcc/arm-none-eabi/12.3.1/../../../../arm-none-eabi/lib/thumb/v7e-m+fp/hard\libc_nano.a(libc_a-gdtoa-gethex.o)
                0x0800c9d0                __hexdig_fun
 *fill*         0x0800c9fa        0x2 
 .text.__gethex
                0x0800c9fc      0x420 D:/STM32CubeIDE_1.15.0/STM32CubeIDE/plugins/com.st.stm32cube.ide.mcu.externaltools.gnu-tools-for-stm32.12.3.rel1.win32_1.0.100.202403111256/tools/bin/../lib/gcc/arm-none-eabi/12.3.1/../../../../arm-none-eabi/lib/thumb/v7e-m+fp/hard\libc_nano.a(libc_a-gdtoa-gethex.o)
                0x0800c9fc                __gethex
 .text.L_shift  0x0800ce1c       0x24 D:/STM32CubeIDE_1.15.0/STM32CubeIDE/plugins/com.st.stm32cube.ide.mcu.externaltools.gnu-tools-for-stm32.12.3.rel1.win32_1.0.100.202403111256/tools/bin/../lib/gcc/arm-none-eabi/12.3.1/../../../../arm-none-eabi/lib/thumb/v7e-m+fp/hard\libc_nano.a(libc_a-gdtoa-hexnan.o)
 .text.__match  0x0800ce40       0x28 D:/STM32CubeIDE_1.15.0/STM32CubeIDE/plugins/com.st.stm32cube.ide.mcu.externaltools.gnu-tools-for-stm32.12.3.rel1.win32_1.0.100.202403111256/tools/bin/../lib/gcc/arm-none-eabi/12.3.1/../../../../arm-none-eabi/lib/thumb/v7e-m+fp/hard\libc_nano.a(libc_a-gdtoa-hexnan.o)
                0x0800ce40                __match
 .text.__hexnan
                0x0800ce68      0x136 D:/STM32CubeIDE_1.15.0/STM32CubeIDE/plugins/com.st.stm32cube.ide.mcu.externaltools.gnu-tools-for-stm32.12.3.rel1.win32_1.0.100.202403111256/tools/bin/../lib/gcc/arm-none-eabi/12.3.1/../../../../arm-none-eabi/lib/thumb/v7e-m+fp/hard\libc_nano.a(libc_a-gdtoa-hexnan.o)
                0x0800ce68                __hexnan
 .text.__ascii_mbtowc
                0x0800cf9e       0x24 D:/STM32CubeIDE_1.15.0/STM32CubeIDE/plugins/com.st.stm32cube.ide.mcu.externaltools.gnu-tools-for-stm32.12.3.rel1.win32_1.0.100.202403111256/tools/bin/../lib/gcc/arm-none-eabi/12.3.1/../../../../arm-none-eabi/lib/thumb/v7e-m+fp/hard\libc_nano.a(libc_a-mbtowc_r.o)
                0x0800cf9e                __ascii_mbtowc
 .text._realloc_r
                0x0800cfc2       0x5c D:/STM32CubeIDE_1.15.0/STM32CubeIDE/plugins/com.st.stm32cube.ide.mcu.externaltools.gnu-tools-for-stm32.12.3.rel1.win32_1.0.100.202403111256/tools/bin/../lib/gcc/arm-none-eabi/12.3.1/../../../../arm-none-eabi/lib/thumb/v7e-m+fp/hard\libc_nano.a(libc_a-reallocr.o)
                0x0800cfc2                _realloc_r
 .text.__ascii_wctomb
                0x0800d01e       0x1a D:/STM32CubeIDE_1.15.0/STM32CubeIDE/plugins/com.st.stm32cube.ide.mcu.externaltools.gnu-tools-for-stm32.12.3.rel1.win32_1.0.100.202403111256/tools/bin/../lib/gcc/arm-none-eabi/12.3.1/../../../../arm-none-eabi/lib/thumb/v7e-m+fp/hard\libc_nano.a(libc_a-wctomb_r.o)
                0x0800d01e                __ascii_wctomb
 .text.fprintf  0x0800d038       0x24 D:/STM32CubeIDE_1.15.0/STM32CubeIDE/plugins/com.st.stm32cube.ide.mcu.externaltools.gnu-tools-for-stm32.12.3.rel1.win32_1.0.100.202403111256/tools/bin/../lib/gcc/arm-none-eabi/12.3.1/../../../../arm-none-eabi/lib/thumb/v7e-m+fp/hard\libc_nano.a(libc_a-fprintf.o)
                0x0800d038                fiprintf
                0x0800d038                fprintf
 .text.abort    0x0800d05c        0xe D:/STM32CubeIDE_1.15.0/STM32CubeIDE/plugins/com.st.stm32cube.ide.mcu.externaltools.gnu-tools-for-stm32.12.3.rel1.win32_1.0.100.202403111256/tools/bin/../lib/gcc/arm-none-eabi/12.3.1/../../../../arm-none-eabi/lib/thumb/v7e-m+fp/hard\libc_nano.a(libc_a-abort.o)
                0x0800d05c                abort
 .text._malloc_usable_size_r
                0x0800d06a       0x10 D:/STM32CubeIDE_1.15.0/STM32CubeIDE/plugins/com.st.stm32cube.ide.mcu.externaltools.gnu-tools-for-stm32.12.3.rel1.win32_1.0.100.202403111256/tools/bin/../lib/gcc/arm-none-eabi/12.3.1/../../../../arm-none-eabi/lib/thumb/v7e-m+fp/hard\libc_nano.a(libc_a-msizer.o)
                0x0800d06a                _malloc_usable_size_r
 .text._raise_r
                0x0800d07a       0x50 D:/STM32CubeIDE_1.15.0/STM32CubeIDE/plugins/com.st.stm32cube.ide.mcu.externaltools.gnu-tools-for-stm32.12.3.rel1.win32_1.0.100.202403111256/tools/bin/../lib/gcc/arm-none-eabi/12.3.1/../../../../arm-none-eabi/lib/thumb/v7e-m+fp/hard\libc_nano.a(libc_a-signal.o)
                0x0800d07a                _raise_r
 *fill*         0x0800d0ca        0x2 
 .text.raise    0x0800d0cc       0x10 D:/STM32CubeIDE_1.15.0/STM32CubeIDE/plugins/com.st.stm32cube.ide.mcu.externaltools.gnu-tools-for-stm32.12.3.rel1.win32_1.0.100.202403111256/tools/bin/../lib/gcc/arm-none-eabi/12.3.1/../../../../arm-none-eabi/lib/thumb/v7e-m+fp/hard\libc_nano.a(libc_a-signal.o)
                0x0800d0cc                raise
 .text._kill_r  0x0800d0dc       0x24 D:/STM32CubeIDE_1.15.0/STM32CubeIDE/plugins/com.st.stm32cube.ide.mcu.externaltools.gnu-tools-for-stm32.12.3.rel1.win32_1.0.100.202403111256/tools/bin/../lib/gcc/arm-none-eabi/12.3.1/../../../../arm-none-eabi/lib/thumb/v7e-m+fp/hard\libc_nano.a(libc_a-signalr.o)
                0x0800d0dc                _kill_r
 .text._getpid_r
                0x0800d100        0x4 D:/STM32CubeIDE_1.15.0/STM32CubeIDE/plugins/com.st.stm32cube.ide.mcu.externaltools.gnu-tools-for-stm32.12.3.rel1.win32_1.0.100.202403111256/tools/bin/../lib/gcc/arm-none-eabi/12.3.1/../../../../arm-none-eabi/lib/thumb/v7e-m+fp/hard\libc_nano.a(libc_a-signalr.o)
                0x0800d100                _getpid_r
 *(.glue_7)
 .glue_7        0x0800d104        0x0 linker stubs
 *(.glue_7t)
 .glue_7t       0x0800d104        0x0 linker stubs
 *(.eh_frame)
 .eh_frame      0x0800d104        0x0 D:/STM32CubeIDE_1.15.0/STM32CubeIDE/plugins/com.st.stm32cube.ide.mcu.externaltools.gnu-tools-for-stm32.12.3.rel1.win32_1.0.100.202403111256/tools/bin/../lib/gcc/arm-none-eabi/12.3.1/thumb/v7e-m+fp/hard/crtbegin.o
 *(.init)
 .init          0x0800d104        0x4 D:/STM32CubeIDE_1.15.0/STM32CubeIDE/plugins/com.st.stm32cube.ide.mcu.externaltools.gnu-tools-for-stm32.12.3.rel1.win32_1.0.100.202403111256/tools/bin/../lib/gcc/arm-none-eabi/12.3.1/thumb/v7e-m+fp/hard/crti.o
                0x0800d104                _init
 .init          0x0800d108        0x8 D:/STM32CubeIDE_1.15.0/STM32CubeIDE/plugins/com.st.stm32cube.ide.mcu.externaltools.gnu-tools-for-stm32.12.3.rel1.win32_1.0.100.202403111256/tools/bin/../lib/gcc/arm-none-eabi/12.3.1/thumb/v7e-m+fp/hard/crtn.o
 *(.fini)
 .fini          0x0800d110        0x4 D:/STM32CubeIDE_1.15.0/STM32CubeIDE/plugins/com.st.stm32cube.ide.mcu.externaltools.gnu-tools-for-stm32.12.3.rel1.win32_1.0.100.202403111256/tools/bin/../lib/gcc/arm-none-eabi/12.3.1/thumb/v7e-m+fp/hard/crti.o
                0x0800d110                _fini
 .fini          0x0800d114        0x8 D:/STM32CubeIDE_1.15.0/STM32CubeIDE/plugins/com.st.stm32cube.ide.mcu.externaltools.gnu-tools-for-stm32.12.3.rel1.win32_1.0.100.202403111256/tools/bin/../lib/gcc/arm-none-eabi/12.3.1/thumb/v7e-m+fp/hard/crtn.o
                0x0800d11c                        . = ALIGN (0x4)
                0x0800d11c                        _etext = .

.vfp11_veneer   0x0800d11c        0x0
 .vfp11_veneer  0x0800d11c        0x0 linker stubs

.v4_bx          0x0800d11c        0x0
 .v4_bx         0x0800d11c        0x0 linker stubs

.iplt           0x0800d11c        0x0
 .iplt          0x0800d11c        0x0 D:/STM32CubeIDE_1.15.0/STM32CubeIDE/plugins/com.st.stm32cube.ide.mcu.externaltools.gnu-tools-for-stm32.12.3.rel1.win32_1.0.100.202403111256/tools/bin/../lib/gcc/arm-none-eabi/12.3.1/thumb/v7e-m+fp/hard/crtbegin.o

.rodata         0x0800d120      0x790
                0x0800d120                        . = ALIGN (0x4)
 *(.rodata)
 .rodata        0x0800d120       0x79 ./Core/Src/ad7606.o
 *fill*         0x0800d199        0x3 
 .rodata        0x0800d19c       0x2c ./Core/Src/main.o
 *(.rodata*)
 .rodata.ad7606_range_table
                0x0800d1c8       0x18 ./Core/Src/ad7606.o
 .rodata.ad7609_range_table
                0x0800d1e0       0x18 ./Core/Src/ad7606.o
 .rodata.ad7606b_range_table
                0x0800d1f8       0x90 ./Core/Src/ad7606.o
 .rodata.ad7606c_range_table
                0x0800d288       0xc0 ./Core/Src/ad7606.o
 .rodata.ad7606_chip_info_tbl
                0x0800d348       0xd8 ./Core/Src/ad7606.o
 .rodata.tconv_max
                0x0800d420       0x12 ./Core/Src/ad7606.o
 *fill*         0x0800d432        0x2 
 .rodata.stm32_gpio_ops
                0x0800d434       0x20 ./Core/Src/stm32_gpio.o
                0x0800d434                stm32_gpio_ops
 .rodata.stm32_spi_ops
                0x0800d454       0x18 ./Core/Src/stm32_spi.o
                0x0800d454                stm32_spi_ops
 .rodata.AHBPrescTable
                0x0800d46c       0x10 ./Core/Src/system_stm32f4xx.o
                0x0800d46c                AHBPrescTable
 .rodata.APBPrescTable
                0x0800d47c        0x8 ./Core/Src/system_stm32f4xx.o
                0x0800d47c                APBPrescTable
 .rodata._ctype_
                0x0800d484      0x101 D:/STM32CubeIDE_1.15.0/STM32CubeIDE/plugins/com.st.stm32cube.ide.mcu.externaltools.gnu-tools-for-stm32.12.3.rel1.win32_1.0.100.202403111256/tools/bin/../lib/gcc/arm-none-eabi/12.3.1/../../../../arm-none-eabi/lib/thumb/v7e-m+fp/hard\libc_nano.a(libc_a-ctype_.o)
                0x0800d484                _ctype_
 .rodata._printf_float.str1.1
                0x0800d585       0x12 D:/STM32CubeIDE_1.15.0/STM32CubeIDE/plugins/com.st.stm32cube.ide.mcu.externaltools.gnu-tools-for-stm32.12.3.rel1.win32_1.0.100.202403111256/tools/bin/../lib/gcc/arm-none-eabi/12.3.1/../../../../arm-none-eabi/lib/thumb/v7e-m+fp/hard\libc_nano.a(libc_a-nano-vfprintf_float.o)
 .rodata._printf_i.str1.1
                0x0800d597       0x22 D:/STM32CubeIDE_1.15.0/STM32CubeIDE/plugins/com.st.stm32cube.ide.mcu.externaltools.gnu-tools-for-stm32.12.3.rel1.win32_1.0.100.202403111256/tools/bin/../lib/gcc/arm-none-eabi/12.3.1/../../../../arm-none-eabi/lib/thumb/v7e-m+fp/hard\libc_nano.a(libc_a-nano-vfprintf_i.o)
 .rodata._scanf_float.str1.1
                0x0800d5b9        0x5 D:/STM32CubeIDE_1.15.0/STM32CubeIDE/plugins/com.st.stm32cube.ide.mcu.externaltools.gnu-tools-for-stm32.12.3.rel1.win32_1.0.100.202403111256/tools/bin/../lib/gcc/arm-none-eabi/12.3.1/../../../../arm-none-eabi/lib/thumb/v7e-m+fp/hard\libc_nano.a(libc_a-nano-vfscanf_float.o)
                                  0x6 (size before relaxing)
 .rodata._dtoa_r.str1.1
                0x0800d5be       0x8d D:/STM32CubeIDE_1.15.0/STM32CubeIDE/plugins/com.st.stm32cube.ide.mcu.externaltools.gnu-tools-for-stm32.12.3.rel1.win32_1.0.100.202403111256/tools/bin/../lib/gcc/arm-none-eabi/12.3.1/../../../../arm-none-eabi/lib/thumb/v7e-m+fp/hard\libc_nano.a(libc_a-dtoa.o)
                                 0x8f (size before relaxing)
 .rodata._Balloc.str1.1
                0x0800d64b       0x59 D:/STM32CubeIDE_1.15.0/STM32CubeIDE/plugins/com.st.stm32cube.ide.mcu.externaltools.gnu-tools-for-stm32.12.3.rel1.win32_1.0.100.202403111256/tools/bin/../lib/gcc/arm-none-eabi/12.3.1/../../../../arm-none-eabi/lib/thumb/v7e-m+fp/hard\libc_nano.a(libc_a-mprec.o)
                                 0x70 (size before relaxing)
 .rodata.__multadd.str1.1
                0x0800d6a4       0x11 D:/STM32CubeIDE_1.15.0/STM32CubeIDE/plugins/com.st.stm32cube.ide.mcu.externaltools.gnu-tools-for-stm32.12.3.rel1.win32_1.0.100.202403111256/tools/bin/../lib/gcc/arm-none-eabi/12.3.1/../../../../arm-none-eabi/lib/thumb/v7e-m+fp/hard\libc_nano.a(libc_a-mprec.o)
 .rodata.p05.0  0x0800d6a4        0xc D:/STM32CubeIDE_1.15.0/STM32CubeIDE/plugins/com.st.stm32cube.ide.mcu.externaltools.gnu-tools-for-stm32.12.3.rel1.win32_1.0.100.202403111256/tools/bin/../lib/gcc/arm-none-eabi/12.3.1/../../../../arm-none-eabi/lib/thumb/v7e-m+fp/hard\libc_nano.a(libc_a-mprec.o)
 .rodata.__mprec_bigtens
                0x0800d6b0       0x28 D:/STM32CubeIDE_1.15.0/STM32CubeIDE/plugins/com.st.stm32cube.ide.mcu.externaltools.gnu-tools-for-stm32.12.3.rel1.win32_1.0.100.202403111256/tools/bin/../lib/gcc/arm-none-eabi/12.3.1/../../../../arm-none-eabi/lib/thumb/v7e-m+fp/hard\libc_nano.a(libc_a-mprec.o)
                0x0800d6b0                __mprec_bigtens
 .rodata.__mprec_tens
                0x0800d6d8       0xc8 D:/STM32CubeIDE_1.15.0/STM32CubeIDE/plugins/com.st.stm32cube.ide.mcu.externaltools.gnu-tools-for-stm32.12.3.rel1.win32_1.0.100.202403111256/tools/bin/../lib/gcc/arm-none-eabi/12.3.1/../../../../arm-none-eabi/lib/thumb/v7e-m+fp/hard\libc_nano.a(libc_a-mprec.o)
                0x0800d6d8                __mprec_tens
 .rodata._strtod_l.str1.1
                0x0800d7a0        0x2 D:/STM32CubeIDE_1.15.0/STM32CubeIDE/plugins/com.st.stm32cube.ide.mcu.externaltools.gnu-tools-for-stm32.12.3.rel1.win32_1.0.100.202403111256/tools/bin/../lib/gcc/arm-none-eabi/12.3.1/../../../../arm-none-eabi/lib/thumb/v7e-m+fp/hard\libc_nano.a(libc_a-strtod.o)
                                  0xf (size before relaxing)
 *fill*         0x0800d7a2        0x2 
 .rodata.fpinan.0
                0x0800d7a4       0x14 D:/STM32CubeIDE_1.15.0/STM32CubeIDE/plugins/com.st.stm32cube.ide.mcu.externaltools.gnu-tools-for-stm32.12.3.rel1.win32_1.0.100.202403111256/tools/bin/../lib/gcc/arm-none-eabi/12.3.1/../../../../arm-none-eabi/lib/thumb/v7e-m+fp/hard\libc_nano.a(libc_a-strtod.o)
 .rodata.fpi.1  0x0800d7b8       0x14 D:/STM32CubeIDE_1.15.0/STM32CubeIDE/plugins/com.st.stm32cube.ide.mcu.externaltools.gnu-tools-for-stm32.12.3.rel1.win32_1.0.100.202403111256/tools/bin/../lib/gcc/arm-none-eabi/12.3.1/../../../../arm-none-eabi/lib/thumb/v7e-m+fp/hard\libc_nano.a(libc_a-strtod.o)
 *fill*         0x0800d7cc        0x4 
 .rodata.tinytens