../Drivers/CMSIS/Include/core_cm4.h:1684:22:__NVIC_EnableIRQ	16	static,ignoring_inline_asm
../Drivers/CMSIS/Include/core_cm4.h:1722:22:__NVIC_DisableIRQ	16	static,ignoring_inline_asm
../Core/Src/stm32_irq.c:83:16:irq_action_cmp	16	static
../Core/Src/stm32_irq.c:90:6:HAL_TIM_PeriodElapsedCallback	40	static
../Core/Src/stm32_irq.c:106:6:HAL_TIM_PWM_PulseFinishedCallback	40	static
../Core/Src/stm32_irq.c:123:20:_common_uart_callback	40	static
../Core/Src/stm32_irq.c:156:20:_common_dma_callback	40	static
../Core/Src/stm32_irq.c:173:6:_TxCpltCallback	16	static
../Core/Src/stm32_irq.c:179:6:_RxCpltCallback	16	static
../Core/Src/stm32_irq.c:197:6:_DMA_RX_CpltCallback	16	static
../Core/Src/stm32_irq.c:202:6:_DMA_TX_CpltCallback	16	static
../Core/Src/stm32_irq.c:207:6:_DMA_HalfCpltCallback	16	static
../Core/Src/stm32_irq.c:214:6:_ErrorCallback	16	static
../Core/Src/stm32_irq.c:229:9:stm32_irq_ctrl_init	16	static
../Core/Src/stm32_irq.c:256:9:stm32_irq_ctrl_remove	16	static
../Core/Src/stm32_irq.c:273:9:stm32_trigger_level_set	24	static
../Core/Src/stm32_irq.c:287:9:stm32_irq_register_callback	152	static
../Core/Src/stm32_irq.c:559:9:stm32_irq_unregister_callback	48	static
../Core/Src/stm32_irq.c:625:9:stm32_irq_global_enable	16	static,ignoring_inline_asm
../Core/Src/stm32_irq.c:637:9:stm32_irq_global_disable	16	static,ignoring_inline_asm
../Core/Src/stm32_irq.c:650:9:stm32_irq_enable	16	static
../Core/Src/stm32_irq.c:663:9:stm32_irq_disable	16	static
../Core/Src/stm32_irq.c:677:16:stm32_irq_set_priority	24	static
